Copyright 1986-2022 Xilinx, Inc. All Rights Reserved. Copyright 2022-2025 Advanced Micro Devices, Inc. All Rights Reserved.
---------------------------------------------------------------------------------------------------------------------------------------------
| Tool Version : Vivado v.2025.1 (lin64) Build 6140274 Wed May 21 22:58:25 MDT 2025
| Date         : Thu Oct  1 12:46:33 2026
| Host         : amither-Legion-T5-28IMB05 running 64-bit Ubuntu 24.04.2 LTS
| Command      : report_timing_summary -file ./axi_rs_harness_timing.rpt
| Design       : axi_rs_test_harness
| Device       : 7z020-clg400
| Speed File   : -2  PRODUCTION 1.12 2019-11-22
| Design State : Synthesized
---------------------------------------------------------------------------------------------------------------------------------------------

Timing Summary Report

------------------------------------------------------------------------------------------------
| Timer Settings
| --------------
------------------------------------------------------------------------------------------------

  Enable Multi Corner Analysis               :  Yes
  Enable Pessimism Removal                   :  Yes
  Pessimism Removal Resolution               :  Nearest Common Node
  Enable Input Delay Default Clock           :  No
  Enable Preset / Clear Arcs                 :  No
  Disable Flight Delays                      :  No
  Ignore I/O Paths                           :  No
  Timing Early Launch at Borrowing Latches   :  No
  Borrow Time for Max Delay Exceptions       :  Yes
  Merge Timing Exceptions                    :  Yes
  Inter-SLR Compensation                     :  Conservative

  Corner  Analyze    Analyze    
  Name    Max Paths  Min Paths  
  ------  ---------  ---------  
  Slow    Yes        Yes        
  Fast    Yes        Yes        


------------------------------------------------------------------------------------------------
| Report Methodology
| ------------------
------------------------------------------------------------------------------------------------

No report available as report_methodology has not been run prior. Run report_methodology on the current design for the summary of methodology violations.



check_timing report

Table of Contents
-----------------
1. checking no_clock (0)
2. checking constant_clock (0)
3. checking pulse_width_clock (0)
4. checking unconstrained_internal_endpoints (0)
5. checking no_input_delay (22)
6. checking no_output_delay (23)
7. checking multiple_clock (0)
8. checking generated_clocks (0)
9. checking loops (0)
10. checking partial_input_delay (0)
11. checking partial_output_delay (0)
12. checking latch_loops (0)

1. checking no_clock (0)
------------------------
 There are 0 register/latch pins with no clock.


2. checking constant_clock (0)
------------------------------
 There are 0 register/latch pins with constant_clock.


3. checking pulse_width_clock (0)
---------------------------------
 There are 0 register/latch pins which need pulse_width check


4. checking unconstrained_internal_endpoints (0)
------------------------------------------------
 There are 0 pins that are not constrained for maximum delay.

 There are 0 pins that are not constrained for maximum delay due to constant clock.


5. checking no_input_delay (22)
-------------------------------
 There are 22 input ports with no input delay specified. (HIGH)

 There are 0 input ports with no input delay but user has a false path constraint.


6. checking no_output_delay (23)
--------------------------------
 There are 23 ports with no output delay specified. (HIGH)

 There are 0 ports with no output delay but user has a false path constraint

 There are 0 ports with no output delay but with a timing clock defined on it or propagating through it


7. checking multiple_clock (0)
------------------------------
 There are 0 register/latch pins with multiple clocks.


8. checking generated_clocks (0)
--------------------------------
 There are 0 generated clocks that are not connected to a clock source.


9. checking loops (0)
---------------------
 There are 0 combinational loops in the design.


10. checking partial_input_delay (0)
------------------------------------
 There are 0 input ports with partial input delay specified.


11. checking partial_output_delay (0)
-------------------------------------
 There are 0 ports with partial output delay specified.


12. checking latch_loops (0)
----------------------------
 There are 0 combinational latch loops in the design through latch input



------------------------------------------------------------------------------------------------
| Design Timing Summary
| ---------------------
------------------------------------------------------------------------------------------------

    WNS(ns)      TNS(ns)  TNS Failing Endpoints  TNS Total Endpoints      WHS(ns)      THS(ns)  THS Failing Endpoints  THS Total Endpoints     WPWS(ns)     TPWS(ns)  TPWS Failing Endpoints  TPWS Total Endpoints  
    -------      -------  ---------------------  -------------------      -------      -------  ---------------------  -------------------     --------     --------  ----------------------  --------------------  
     -8.996    -5895.624                    837                 4064        0.208        0.000                      0                 4064        2.000        0.000                       0                  1469  


Timing constraints are not met.


------------------------------------------------------------------------------------------------
| Clock Summary
| -------------
------------------------------------------------------------------------------------------------

Clock  Waveform(ns)         Period(ns)      Frequency(MHz)
-----  ------------         ----------      --------------
clk    {0.000 2.500}        5.000           200.000         


------------------------------------------------------------------------------------------------
| Intra Clock Table
| -----------------
------------------------------------------------------------------------------------------------

Clock             WNS(ns)      TNS(ns)  TNS Failing Endpoints  TNS Total Endpoints      WHS(ns)      THS(ns)  THS Failing Endpoints  THS Total Endpoints     WPWS(ns)     TPWS(ns)  TPWS Failing Endpoints  TPWS Total Endpoints  
-----             -------      -------  ---------------------  -------------------      -------      -------  ---------------------  -------------------     --------     --------  ----------------------  --------------------  
clk                -8.996    -5895.624                    837                 4064        0.208        0.000                      0                 4064        2.000        0.000                       0                  1469  


------------------------------------------------------------------------------------------------
| Inter Clock Table
| -----------------
------------------------------------------------------------------------------------------------

From Clock    To Clock          WNS(ns)      TNS(ns)  TNS Failing Endpoints  TNS Total Endpoints      WHS(ns)      THS(ns)  THS Failing Endpoints  THS Total Endpoints  
----------    --------          -------      -------  ---------------------  -------------------      -------      -------  ---------------------  -------------------  


------------------------------------------------------------------------------------------------
| Other Path Groups Table
| -----------------------
------------------------------------------------------------------------------------------------

Path Group    From Clock    To Clock          WNS(ns)      TNS(ns)  TNS Failing Endpoints  TNS Total Endpoints      WHS(ns)      THS(ns)  THS Failing Endpoints  THS Total Endpoints  
----------    ----------    --------          -------      -------  ---------------------  -------------------      -------      -------  ---------------------  -------------------  


------------------------------------------------------------------------------------------------
| Timing Details
| --------------
------------------------------------------------------------------------------------------------


---------------------------------------------------------------------------------------------------
From Clock:  clk
  To Clock:  clk

Setup :          837  Failing Endpoints,  Worst Slack       -8.996ns,  Total Violation    -5895.623ns
Hold  :            0  Failing Endpoints,  Worst Slack        0.208ns,  Total Violation        0.000ns
PW    :            0  Failing Endpoints,  Worst Slack        2.000ns,  Total Violation        0.000ns
---------------------------------------------------------------------------------------------------


Max Delay Paths
--------------------------------------------------------------------------------------
Slack (VIOLATED) :        -8.996ns  (required time - arrival time)
  Source:                 u_bm/synd_reg[26][0]/C
                            (rising edge-triggered cell FDRE clocked by clk  {rise@0.000ns fall@2.500ns period=5.000ns})
  Destination:            u_bm/Creg_reg[4][3]/D
                            (rising edge-triggered cell FDRE clocked by clk  {rise@0.000ns fall@2.500ns period=5.000ns})
  Path Group:             clk
  Path Type:              Setup (Max at Slow Process Corner)
  Requirement:            5.000ns  (clk rise@5.000ns - clk rise@0.000ns)
  Data Path Delay:        13.993ns  (logic 2.483ns (17.745%)  route 11.510ns (82.255%))
  Logic Levels:           18  (LUT2=1 LUT3=1 LUT5=1 LUT6=15)
  Clock Path Skew:        -0.039ns (DCD - SCD + CPR)
    Destination Clock Delay (DCD):    0.748ns = ( 5.748 - 5.000 ) 
    Source Clock Delay      (SCD):    0.787ns
    Clock Pessimism Removal (CPR):    0.000ns
  Clock Uncertainty:      0.035ns  ((TSJ^2 + TIJ^2)^1/2 + DJ) / 2 + PE
    Total System Jitter     (TSJ):    0.071ns
    Total Input Jitter      (TIJ):    0.000ns
    Discrete Jitter          (DJ):    0.000ns
    Phase Error              (PE):    0.000ns

    Location             Delay type                Incr(ns)  Path(ns)    Netlist Resource(s)
  -------------------------------------------------------------------    -------------------
                         (clock clk rise edge)        0.000     0.000 r  
                                                      0.000     0.000 r  s_axi_aclk (IN)
                         net (fo=1468, unset)         0.787     0.787    u_bm/s_axi_aclk
                         FDRE                                         r  u_bm/synd_reg[26][0]/C
  -------------------------------------------------------------------    -------------------
                         FDRE (Prop_fdre_C_Q)         0.433     1.220 r  u_bm/synd_reg[26][0]/Q
                         net (fo=4, unplaced)         0.803     2.023    u_bm/synd_reg[26]_5[0]
                         LUT6 (Prop_lut6_I0_O)        0.232     2.255 r  u_bm/br[1]_i_208/O
                         net (fo=4, unplaced)         0.606     2.861    u_bm/br[1]_i_208_n_0
                         LUT6 (Prop_lut6_I1_O)        0.105     2.966 r  u_bm/br[7]_i_184/O
                         net (fo=2, unplaced)         0.339     3.305    u_bm/br[7]_i_184_n_0
                         LUT3 (Prop_lut3_I0_O)        0.125     3.430 r  u_bm/br[3]_i_228/O
                         net (fo=12, unplaced)        0.630     4.060    u_bm/br[3]_i_228_n_0
                         LUT6 (Prop_lut6_I3_O)        0.105     4.165 r  u_bm/Creg[1][7]_i_550/O
                         net (fo=1, unplaced)         0.938     5.103    u_bm/Creg[1][7]_i_550_n_0
                         LUT6 (Prop_lut6_I1_O)        0.105     5.208 r  u_bm/Creg[1][7]_i_525/O
                         net (fo=1, unplaced)         0.582     5.790    u_bm/Creg[1][7]_i_525_n_0
                         LUT6 (Prop_lut6_I3_O)        0.105     5.895 r  u_bm/Creg[1][7]_i_401/O
                         net (fo=2, unplaced)         0.949     6.844    u_bm/Creg[1][7]_i_401_n_0
                         LUT6 (Prop_lut6_I1_O)        0.105     6.949 r  u_bm/Creg[1][7]_i_232/O
                         net (fo=3, unplaced)         0.365     7.314    u_bm/Creg[1][7]_i_232_n_0
                         LUT6 (Prop_lut6_I2_O)        0.105     7.419 r  u_bm/Creg[1][7]_i_250/O
                         net (fo=3, unplaced)         0.365     7.784    u_bm/Creg[1][7]_i_250_n_0
                         LUT6 (Prop_lut6_I5_O)        0.105     7.889 r  u_bm/Creg[1][7]_i_121/O
                         net (fo=1, unplaced)         0.347     8.236    u_bm/Creg[1][7]_i_121_n_0
                         LUT6 (Prop_lut6_I3_O)        0.105     8.341 r  u_bm/Creg[1][7]_i_46/O
                         net (fo=1, unplaced)         0.582     8.923    u_bm/Creg[1][7]_i_46_n_0
                         LUT6 (Prop_lut6_I1_O)        0.105     9.028 f  u_bm/Creg[1][7]_i_19/O
                         net (fo=2, unplaced)         0.949     9.977    u_bm/Creg[1][7]_i_19_n_0
                         LUT6 (Prop_lut6_I0_O)        0.105    10.082 r  u_bm/Creg[1][1]_i_48/O
                         net (fo=1, unplaced)         0.528    10.610    u_bm/Creg[1][1]_i_48_n_0
                         LUT6 (Prop_lut6_I1_O)        0.105    10.715 f  u_bm/Creg[1][1]_i_32/O
                         net (fo=6, unplaced)         0.379    11.094    u_bm/Creg[1][1]_i_32_n_0
                         LUT2 (Prop_lut2_I1_O)        0.105    11.199 r  u_bm/Creg[1][1]_i_18/O
                         net (fo=1, unplaced)         0.938    12.137    u_bm/Creg[1][1]_i_18_n_0
                         LUT6 (Prop_lut6_I0_O)        0.105    12.242 r  u_bm/Creg[1][1]_i_7/O
                         net (fo=190, unplaced)       1.054    13.296    u_bm/Creg[1][1]_i_7_n_0
                         LUT5 (Prop_lut5_I0_O)        0.118    13.414 r  u_bm/Creg[4][3]_i_6/O
                         net (fo=11, unplaced)        0.574    13.988    u_bm/Creg[4][3]_i_6_n_0
                         LUT6 (Prop_lut6_I1_O)        0.105    14.093 r  u_bm/Creg[4][3]_i_3/O
                         net (fo=1, unplaced)         0.582    14.675    u_bm/Creg[4][3]_i_3_n_0
                         LUT6 (Prop_lut6_I2_O)        0.105    14.780 r  u_bm/Creg[4][3]_i_1/O
                         net (fo=1, unplaced)         0.000    14.780    u_bm/p_1216_out[3]
                         FDRE                                         r  u_bm/Creg_reg[4][3]/D
  -------------------------------------------------------------------    -------------------

                         (clock clk rise edge)        5.000     5.000 r  
                                                      0.000     5.000 r  s_axi_aclk (IN)
                         net (fo=1468, unset)         0.748     5.748    u_bm/s_axi_aclk
                         FDRE                                         r  u_bm/Creg_reg[4][3]/C
                         clock pessimism              0.000     5.748    
                         clock uncertainty           -0.035     5.712    
                         FDRE (Setup_fdre_C_D)        0.072     5.784    u_bm/Creg_reg[4][3]
  -------------------------------------------------------------------
                         required time                          5.784    
                         arrival time                         -14.780    
  -------------------------------------------------------------------
                         slack                                 -8.996    





Min Delay Paths
--------------------------------------------------------------------------------------
Slack (MET) :             0.208ns  (arrival time - required time)
  Source:                 u_bm/Lr_reg[1]/C
                            (rising edge-triggered cell FDRE clocked by clk  {rise@0.000ns fall@2.500ns period=5.000ns})
  Destination:            u_bm/Lr_reg[2]/D
                            (rising edge-triggered cell FDRE clocked by clk  {rise@0.000ns fall@2.500ns period=5.000ns})
  Path Group:             clk
  Path Type:              Hold (Min at Fast Process Corner)
  Requirement:            0.000ns  (clk rise@0.000ns - clk rise@0.000ns)
  Data Path Delay:        0.362ns  (logic 0.272ns (75.085%)  route 0.090ns (24.915%))
  Logic Levels:           1  (CARRY4=1)
  Clock Path Skew:        0.021ns (DCD - SCD - CPR)
    Destination Clock Delay (DCD):    0.411ns
    Source Clock Delay      (SCD):    0.390ns
    Clock Pessimism Removal (CPR):    -0.000ns

    Location             Delay type                Incr(ns)  Path(ns)    Netlist Resource(s)
  -------------------------------------------------------------------    -------------------
                         (clock clk rise edge)        0.000     0.000 r  
                                                      0.000     0.000 r  s_axi_aclk (IN)
                         net (fo=1468, unset)         0.390     0.390    u_bm/s_axi_aclk
                         FDRE                                         r  u_bm/Lr_reg[1]/C
  -------------------------------------------------------------------    -------------------
                         FDRE (Prop_fdre_C_Q)         0.164     0.554 r  u_bm/Lr_reg[1]/Q
                         net (fo=7, unplaced)         0.090     0.645    u_bm/Lr1[2]
                         CARRY4 (Prop_carry4_DI[1]_O[2])
                                                      0.108     0.753 r  u_bm/Lr_reg[3]_i_1/O[2]
                         net (fo=1, unplaced)         0.000     0.753    u_bm/Lr0[2]
                         FDRE                                         r  u_bm/Lr_reg[2]/D
  -------------------------------------------------------------------    -------------------

                         (clock clk rise edge)        0.000     0.000 r  
                                                      0.000     0.000 r  s_axi_aclk (IN)
                         net (fo=1468, unset)         0.411     0.411    u_bm/s_axi_aclk
                         FDRE                                         r  u_bm/Lr_reg[2]/C
                         clock pessimism              0.000     0.411    
                         FDRE (Hold_fdre_C_D)         0.134     0.545    u_bm/Lr_reg[2]
  -------------------------------------------------------------------
                         required time                         -0.545    
                         arrival time                           0.753    
  -------------------------------------------------------------------
                         slack                                  0.208    





Pulse Width Checks
--------------------------------------------------------------------------------------
Clock Name:         clk
Waveform(ns):       { 0.000 2.500 }
Period(ns):         5.000
Sources:            { s_axi_aclk }

Check Type        Corner  Lib Pin  Reference Pin  Required(ns)  Actual(ns)  Slack(ns)  Location  Pin
Min Period        n/a     FDRE/C   n/a            1.000         5.000       4.000                ar_done_reg/C
Low Pulse Width   Slow    FDRE/C   n/a            0.500         2.500       2.000                ar_done_reg/C
High Pulse Width  Slow    FDRE/C   n/a            0.500         2.500       2.000                ar_done_reg/C



