
****** Vivado v2025.1 (64-bit)
  **** SW Build 6140274 on Wed May 21 22:58:25 MDT 2025
  **** IP Build 6138677 on Thu May 22 03:10:11 MDT 2025
  **** SharedData Build 6139179 on Tue May 20 17:58:58 MDT 2025
  **** Start of session at: Thu Oct  1 12:47:50 2026
    ** Copyright 1986-2022 Xilinx, Inc. All Rights Reserved.
    ** Copyright 2022-2025 Advanced Micro Devices, Inc. All Rights Reserved.

source axi_rs_harness_ooc_synth_100mhz.tcl
# read_verilog [list \
#     [file join [file dirname [info script]] .. fpga rtl rs_encoder.v] \
#     [file join [file dirname [info script]] .. fpga rtl rs_syndrome.v] \
#     [file join [file dirname [info script]] .. fpga rtl rs_berlekamp_massey.v] \
#     [file join [file dirname [info script]] .. fpga rtl axi_rs_test_harness.v] \
# ]
# synth_design -top axi_rs_test_harness -part xc7z020clg400-2 -mode out_of_context
Command: synth_design -top axi_rs_test_harness -part xc7z020clg400-2 -mode out_of_context
Starting synth_design
Attempting to get a license for feature 'Synthesis' and/or device 'xc7z020'
INFO: [Common 17-349] Got license for feature 'Synthesis' and/or device 'xc7z020'
INFO: [Synth 8-7079] Multithreading enabled for synth_design using a maximum of 7 processes.
INFO: [Synth 8-7078] Launching helper process for spawning children vivado processes
INFO: [Synth 8-7075] Helper process launched with PID 3816029
---------------------------------------------------------------------------------
Starting Synthesize : Time (s): cpu = 00:00:03 ; elapsed = 00:00:03 . Memory (MB): peak = 1950.246 ; gain = 414.570 ; free physical = 5962 ; free virtual = 52606
---------------------------------------------------------------------------------
INFO: [Synth 8-6157] synthesizing module 'axi_rs_test_harness' [/home/amither/Documents/SDR/fpga/rtl/axi_rs_test_harness.v:30]
INFO: [Synth 8-6157] synthesizing module 'rs_encoder' [/home/amither/Documents/SDR/fpga/rtl/rs_encoder.v:19]
INFO: [Synth 8-6155] done synthesizing module 'rs_encoder' (0#1) [/home/amither/Documents/SDR/fpga/rtl/rs_encoder.v:19]
INFO: [Synth 8-6157] synthesizing module 'rs_syndrome' [/home/amither/Documents/SDR/fpga/rtl/rs_syndrome.v:16]
INFO: [Synth 8-6155] done synthesizing module 'rs_syndrome' (0#1) [/home/amither/Documents/SDR/fpga/rtl/rs_syndrome.v:16]
INFO: [Synth 8-6157] synthesizing module 'rs_berlekamp_massey' [/home/amither/Documents/SDR/fpga/rtl/rs_berlekamp_massey.v:20]
INFO: [Synth 8-6155] done synthesizing module 'rs_berlekamp_massey' (0#1) [/home/amither/Documents/SDR/fpga/rtl/rs_berlekamp_massey.v:20]
INFO: [Synth 8-6155] done synthesizing module 'axi_rs_test_harness' (0#1) [/home/amither/Documents/SDR/fpga/rtl/axi_rs_test_harness.v:30]
WARNING: [Synth 8-6014] Unused sequential element delta_reg was removed.  [/home/amither/Documents/SDR/fpga/rtl/rs_berlekamp_massey.v:145]
WARNING: [Synth 8-6014] Unused sequential element coef_reg was removed.  [/home/amither/Documents/SDR/fpga/rtl/rs_berlekamp_massey.v:149]
WARNING: [Synth 8-6014] Unused sequential element newC_reg[0] was removed.  [/home/amither/Documents/SDR/fpga/rtl/rs_berlekamp_massey.v:152]
WARNING: [Synth 8-6014] Unused sequential element newC_reg[1] was removed.  [/home/amither/Documents/SDR/fpga/rtl/rs_berlekamp_massey.v:152]
WARNING: [Synth 8-6014] Unused sequential element newC_reg[2] was removed.  [/home/amither/Documents/SDR/fpga/rtl/rs_berlekamp_massey.v:152]
WARNING: [Synth 8-6014] Unused sequential element newC_reg[3] was removed.  [/home/amither/Documents/SDR/fpga/rtl/rs_berlekamp_massey.v:152]
WARNING: [Synth 8-6014] Unused sequential element newC_reg[4] was removed.  [/home/amither/Documents/SDR/fpga/rtl/rs_berlekamp_massey.v:152]
WARNING: [Synth 8-6014] Unused sequential element newC_reg[5] was removed.  [/home/amither/Documents/SDR/fpga/rtl/rs_berlekamp_massey.v:152]
WARNING: [Synth 8-6014] Unused sequential element newC_reg[6] was removed.  [/home/amither/Documents/SDR/fpga/rtl/rs_berlekamp_massey.v:152]
WARNING: [Synth 8-6014] Unused sequential element newC_reg[7] was removed.  [/home/amither/Documents/SDR/fpga/rtl/rs_berlekamp_massey.v:152]
WARNING: [Synth 8-6014] Unused sequential element newC_reg[8] was removed.  [/home/amither/Documents/SDR/fpga/rtl/rs_berlekamp_massey.v:152]
WARNING: [Synth 8-6014] Unused sequential element newC_reg[9] was removed.  [/home/amither/Documents/SDR/fpga/rtl/rs_berlekamp_massey.v:152]
WARNING: [Synth 8-6014] Unused sequential element newC_reg[10] was removed.  [/home/amither/Documents/SDR/fpga/rtl/rs_berlekamp_massey.v:152]
WARNING: [Synth 8-6014] Unused sequential element newC_reg[11] was removed.  [/home/amither/Documents/SDR/fpga/rtl/rs_berlekamp_massey.v:152]
WARNING: [Synth 8-6014] Unused sequential element newC_reg[12] was removed.  [/home/amither/Documents/SDR/fpga/rtl/rs_berlekamp_massey.v:152]
WARNING: [Synth 8-6014] Unused sequential element newC_reg[13] was removed.  [/home/amither/Documents/SDR/fpga/rtl/rs_berlekamp_massey.v:152]
WARNING: [Synth 8-6014] Unused sequential element newC_reg[14] was removed.  [/home/amither/Documents/SDR/fpga/rtl/rs_berlekamp_massey.v:152]
WARNING: [Synth 8-6014] Unused sequential element newC_reg[15] was removed.  [/home/amither/Documents/SDR/fpga/rtl/rs_berlekamp_massey.v:152]
WARNING: [Synth 8-6014] Unused sequential element newC_reg[16] was removed.  [/home/amither/Documents/SDR/fpga/rtl/rs_berlekamp_massey.v:152]
WARNING: [Synth 8-6014] Unused sequential element newC_reg[17] was removed.  [/home/amither/Documents/SDR/fpga/rtl/rs_berlekamp_massey.v:152]
WARNING: [Synth 8-6014] Unused sequential element newC_reg[18] was removed.  [/home/amither/Documents/SDR/fpga/rtl/rs_berlekamp_massey.v:152]
WARNING: [Synth 8-6014] Unused sequential element newC_reg[19] was removed.  [/home/amither/Documents/SDR/fpga/rtl/rs_berlekamp_massey.v:152]
WARNING: [Synth 8-6014] Unused sequential element newC_reg[20] was removed.  [/home/amither/Documents/SDR/fpga/rtl/rs_berlekamp_massey.v:152]
WARNING: [Synth 8-6014] Unused sequential element newC_reg[21] was removed.  [/home/amither/Documents/SDR/fpga/rtl/rs_berlekamp_massey.v:152]
WARNING: [Synth 8-6014] Unused sequential element newC_reg[22] was removed.  [/home/amither/Documents/SDR/fpga/rtl/rs_berlekamp_massey.v:152]
WARNING: [Synth 8-6014] Unused sequential element newC_reg[23] was removed.  [/home/amither/Documents/SDR/fpga/rtl/rs_berlekamp_massey.v:152]
WARNING: [Synth 8-6014] Unused sequential element newC_reg[24] was removed.  [/home/amither/Documents/SDR/fpga/rtl/rs_berlekamp_massey.v:152]
WARNING: [Synth 8-6014] Unused sequential element newC_reg[25] was removed.  [/home/amither/Documents/SDR/fpga/rtl/rs_berlekamp_massey.v:152]
WARNING: [Synth 8-6014] Unused sequential element newC_reg[26] was removed.  [/home/amither/Documents/SDR/fpga/rtl/rs_berlekamp_massey.v:152]
WARNING: [Synth 8-6014] Unused sequential element newC_reg[27] was removed.  [/home/amither/Documents/SDR/fpga/rtl/rs_berlekamp_massey.v:152]
WARNING: [Synth 8-6014] Unused sequential element newC_reg[28] was removed.  [/home/amither/Documents/SDR/fpga/rtl/rs_berlekamp_massey.v:152]
WARNING: [Synth 8-6014] Unused sequential element newC_reg[29] was removed.  [/home/amither/Documents/SDR/fpga/rtl/rs_berlekamp_massey.v:152]
WARNING: [Synth 8-6014] Unused sequential element newC_reg[30] was removed.  [/home/amither/Documents/SDR/fpga/rtl/rs_berlekamp_massey.v:152]
WARNING: [Synth 8-6014] Unused sequential element newC_reg[31] was removed.  [/home/amither/Documents/SDR/fpga/rtl/rs_berlekamp_massey.v:152]
WARNING: [Synth 8-6014] Unused sequential element newC_reg[32] was removed.  [/home/amither/Documents/SDR/fpga/rtl/rs_berlekamp_massey.v:152]
WARNING: [Synth 8-4767] Trying to implement RAM 'synd_reg' in registers. Block RAM or DRAM implementation is not possible; see log for reasons.
Reason is one or more of the following :
	1: RAM has too many ports (16). Maximum supported = 16. 
	2: No valid read/write found for RAM. 
RAM "synd_reg" dissolved into registers
WARNING: [Synth 8-7129] Port s_axi_awprot[2] in module axi_rs_test_harness is either unconnected or has no load
WARNING: [Synth 8-7129] Port s_axi_awprot[1] in module axi_rs_test_harness is either unconnected or has no load
WARNING: [Synth 8-7129] Port s_axi_awprot[0] in module axi_rs_test_harness is either unconnected or has no load
WARNING: [Synth 8-7129] Port s_axi_wdata[31] in module axi_rs_test_harness is either unconnected or has no load
WARNING: [Synth 8-7129] Port s_axi_wdata[30] in module axi_rs_test_harness is either unconnected or has no load
WARNING: [Synth 8-7129] Port s_axi_wdata[29] in module axi_rs_test_harness is either unconnected or has no load
WARNING: [Synth 8-7129] Port s_axi_wdata[28] in module axi_rs_test_harness is either unconnected or has no load
WARNING: [Synth 8-7129] Port s_axi_wdata[27] in module axi_rs_test_harness is either unconnected or has no load
WARNING: [Synth 8-7129] Port s_axi_wdata[26] in module axi_rs_test_harness is either unconnected or has no load
WARNING: [Synth 8-7129] Port s_axi_wdata[25] in module axi_rs_test_harness is either unconnected or has no load
WARNING: [Synth 8-7129] Port s_axi_wdata[24] in module axi_rs_test_harness is either unconnected or has no load
WARNING: [Synth 8-7129] Port s_axi_wdata[23] in module axi_rs_test_harness is either unconnected or has no load
WARNING: [Synth 8-7129] Port s_axi_wdata[22] in module axi_rs_test_harness is either unconnected or has no load
WARNING: [Synth 8-7129] Port s_axi_wdata[21] in module axi_rs_test_harness is either unconnected or has no load
WARNING: [Synth 8-7129] Port s_axi_wdata[20] in module axi_rs_test_harness is either unconnected or has no load
WARNING: [Synth 8-7129] Port s_axi_wdata[19] in module axi_rs_test_harness is either unconnected or has no load
WARNING: [Synth 8-7129] Port s_axi_wdata[18] in module axi_rs_test_harness is either unconnected or has no load
WARNING: [Synth 8-7129] Port s_axi_wdata[17] in module axi_rs_test_harness is either unconnected or has no load
WARNING: [Synth 8-7129] Port s_axi_wdata[16] in module axi_rs_test_harness is either unconnected or has no load
WARNING: [Synth 8-7129] Port s_axi_wdata[15] in module axi_rs_test_harness is either unconnected or has no load
WARNING: [Synth 8-7129] Port s_axi_wdata[14] in module axi_rs_test_harness is either unconnected or has no load
WARNING: [Synth 8-7129] Port s_axi_wdata[13] in module axi_rs_test_harness is either unconnected or has no load
WARNING: [Synth 8-7129] Port s_axi_wdata[12] in module axi_rs_test_harness is either unconnected or has no load
WARNING: [Synth 8-7129] Port s_axi_wdata[11] in module axi_rs_test_harness is either unconnected or has no load
WARNING: [Synth 8-7129] Port s_axi_wdata[10] in module axi_rs_test_harness is either unconnected or has no load
WARNING: [Synth 8-7129] Port s_axi_wdata[9] in module axi_rs_test_harness is either unconnected or has no load
WARNING: [Synth 8-7129] Port s_axi_wdata[8] in module axi_rs_test_harness is either unconnected or has no load
WARNING: [Synth 8-7129] Port s_axi_wstrb[3] in module axi_rs_test_harness is either unconnected or has no load
WARNING: [Synth 8-7129] Port s_axi_wstrb[2] in module axi_rs_test_harness is either unconnected or has no load
WARNING: [Synth 8-7129] Port s_axi_wstrb[1] in module axi_rs_test_harness is either unconnected or has no load
WARNING: [Synth 8-7129] Port s_axi_wstrb[0] in module axi_rs_test_harness is either unconnected or has no load
WARNING: [Synth 8-7129] Port s_axi_araddr[1] in module axi_rs_test_harness is either unconnected or has no load
WARNING: [Synth 8-7129] Port s_axi_araddr[0] in module axi_rs_test_harness is either unconnected or has no load
WARNING: [Synth 8-7129] Port s_axi_arprot[2] in module axi_rs_test_harness is either unconnected or has no load
WARNING: [Synth 8-7129] Port s_axi_arprot[1] in module axi_rs_test_harness is either unconnected or has no load
WARNING: [Synth 8-7129] Port s_axi_arprot[0] in module axi_rs_test_harness is either unconnected or has no load
---------------------------------------------------------------------------------
Finished Synthesize : Time (s): cpu = 00:00:07 ; elapsed = 00:00:07 . Memory (MB): peak = 2172.184 ; gain = 636.508 ; free physical = 5611 ; free virtual = 52254
---------------------------------------------------------------------------------
---------------------------------------------------------------------------------
Finished Constraint Validation : Time (s): cpu = 00:00:08 ; elapsed = 00:00:08 . Memory (MB): peak = 2181.090 ; gain = 645.414 ; free physical = 5661 ; free virtual = 52304
---------------------------------------------------------------------------------
---------------------------------------------------------------------------------
Start Loading Part and Timing Information
---------------------------------------------------------------------------------
Loading part: xc7z020clg400-2
INFO: [Device 21-403] Loading part xc7z020clg400-2
---------------------------------------------------------------------------------
Finished Loading Part and Timing Information : Time (s): cpu = 00:00:08 ; elapsed = 00:00:08 . Memory (MB): peak = 2181.090 ; gain = 645.414 ; free physical = 5661 ; free virtual = 52304
---------------------------------------------------------------------------------
---------------------------------------------------------------------------------
Finished RTL Optimization Phase 2 : Time (s): cpu = 00:00:12 ; elapsed = 00:00:11 . Memory (MB): peak = 2198.004 ; gain = 662.328 ; free physical = 5729 ; free virtual = 52367
---------------------------------------------------------------------------------
No constraint files found.
---------------------------------------------------------------------------------
Start RTL Component Statistics 
---------------------------------------------------------------------------------
Detailed RTL Component Info : 
+---Adders : 
	   2 Input    8 Bit       Adders := 2     
	   2 Input    6 Bit       Adders := 3     
	   3 Input    6 Bit       Adders := 1     
	   2 Input    5 Bit       Adders := 3     
+---XORs : 
	   2 Input      8 Bit         XORs := 967   
	   4 Input      8 Bit         XORs := 9     
	   3 Input      8 Bit         XORs := 19    
	   5 Input      8 Bit         XORs := 13    
	   6 Input      8 Bit         XORs := 4     
+---Registers : 
	               32 Bit    Registers := 1     
	                8 Bit    Registers := 169   
	                6 Bit    Registers := 6     
	                5 Bit    Registers := 3     
	                2 Bit    Registers := 3     
	                1 Bit    Registers := 27    
+---Muxes : 
	   2 Input   32 Bit        Muxes := 1     
	   2 Input    8 Bit        Muxes := 904   
	   2 Input    1 Bit        Muxes := 87    
	   3 Input    1 Bit        Muxes := 4     
	   6 Input    1 Bit        Muxes := 1     
---------------------------------------------------------------------------------
Finished RTL Component Statistics 
---------------------------------------------------------------------------------
---------------------------------------------------------------------------------
Start Part Resource Summary
---------------------------------------------------------------------------------
Part Resources:
DSPs: 220 (col length:60)
BRAMs: 280 (col length: RAMB18 60 RAMB36 30)
---------------------------------------------------------------------------------
Finished Part Resource Summary
---------------------------------------------------------------------------------
No constraint files found.
---------------------------------------------------------------------------------
Start Cross Boundary and Area Optimization
---------------------------------------------------------------------------------
WARNING: [Synth 8-7080] Parallel synthesis criteria is not met
WARNING: [Synth 8-7129] Port s_axi_awprot[2] in module axi_rs_test_harness is either unconnected or has no load
WARNING: [Synth 8-7129] Port s_axi_awprot[1] in module axi_rs_test_harness is either unconnected or has no load
WARNING: [Synth 8-7129] Port s_axi_awprot[0] in module axi_rs_test_harness is either unconnected or has no load
WARNING: [Synth 8-7129] Port s_axi_wdata[31] in module axi_rs_test_harness is either unconnected or has no load
WARNING: [Synth 8-7129] Port s_axi_wdata[30] in module axi_rs_test_harness is either unconnected or has no load
WARNING: [Synth 8-7129] Port s_axi_wdata[29] in module axi_rs_test_harness is either unconnected or has no load
WARNING: [Synth 8-7129] Port s_axi_wdata[28] in module axi_rs_test_harness is either unconnected or has no load
WARNING: [Synth 8-7129] Port s_axi_wdata[27] in module axi_rs_test_harness is either unconnected or has no load
WARNING: [Synth 8-7129] Port s_axi_wdata[26] in module axi_rs_test_harness is either unconnected or has no load
WARNING: [Synth 8-7129] Port s_axi_wdata[25] in module axi_rs_test_harness is either unconnected or has no load
WARNING: [Synth 8-7129] Port s_axi_wdata[24] in module axi_rs_test_harness is either unconnected or has no load
WARNING: [Synth 8-7129] Port s_axi_wdata[23] in module axi_rs_test_harness is either unconnected or has no load
WARNING: [Synth 8-7129] Port s_axi_wdata[22] in module axi_rs_test_harness is either unconnected or has no load
WARNING: [Synth 8-7129] Port s_axi_wdata[21] in module axi_rs_test_harness is either unconnected or has no load
WARNING: [Synth 8-7129] Port s_axi_wdata[20] in module axi_rs_test_harness is either unconnected or has no load
WARNING: [Synth 8-7129] Port s_axi_wdata[19] in module axi_rs_test_harness is either unconnected or has no load
WARNING: [Synth 8-7129] Port s_axi_wdata[18] in module axi_rs_test_harness is either unconnected or has no load
WARNING: [Synth 8-7129] Port s_axi_wdata[17] in module axi_rs_test_harness is either unconnected or has no load
WARNING: [Synth 8-7129] Port s_axi_wdata[16] in module axi_rs_test_harness is either unconnected or has no load
WARNING: [Synth 8-7129] Port s_axi_wdata[15] in module axi_rs_test_harness is either unconnected or has no load
WARNING: [Synth 8-7129] Port s_axi_wdata[14] in module axi_rs_test_harness is either unconnected or has no load
WARNING: [Synth 8-7129] Port s_axi_wdata[13] in module axi_rs_test_harness is either unconnected or has no load
WARNING: [Synth 8-7129] Port s_axi_wdata[12] in module axi_rs_test_harness is either unconnected or has no load
WARNING: [Synth 8-7129] Port s_axi_wdata[11] in module axi_rs_test_harness is either unconnected or has no load
WARNING: [Synth 8-7129] Port s_axi_wdata[10] in module axi_rs_test_harness is either unconnected or has no load
WARNING: [Synth 8-7129] Port s_axi_wdata[9] in module axi_rs_test_harness is either unconnected or has no load
WARNING: [Synth 8-7129] Port s_axi_wdata[8] in module axi_rs_test_harness is either unconnected or has no load
WARNING: [Synth 8-7129] Port s_axi_wstrb[3] in module axi_rs_test_harness is either unconnected or has no load
WARNING: [Synth 8-7129] Port s_axi_wstrb[2] in module axi_rs_test_harness is either unconnected or has no load
WARNING: [Synth 8-7129] Port s_axi_wstrb[1] in module axi_rs_test_harness is either unconnected or has no load
WARNING: [Synth 8-7129] Port s_axi_wstrb[0] in module axi_rs_test_harness is either unconnected or has no load
WARNING: [Synth 8-7129] Port s_axi_araddr[1] in module axi_rs_test_harness is either unconnected or has no load
WARNING: [Synth 8-7129] Port s_axi_araddr[0] in module axi_rs_test_harness is either unconnected or has no load
WARNING: [Synth 8-7129] Port s_axi_arprot[2] in module axi_rs_test_harness is either unconnected or has no load
WARNING: [Synth 8-7129] Port s_axi_arprot[1] in module axi_rs_test_harness is either unconnected or has no load
WARNING: [Synth 8-7129] Port s_axi_arprot[0] in module axi_rs_test_harness is either unconnected or has no load
---------------------------------------------------------------------------------
Finished Cross Boundary and Area Optimization : Time (s): cpu = 00:01:17 ; elapsed = 00:01:16 . Memory (MB): peak = 3013.941 ; gain = 1478.266 ; free physical = 5054 ; free virtual = 51681
---------------------------------------------------------------------------------
---------------------------------------------------------------------------------
Start ROM, RAM, DSP, Shift Register and Retiming Reporting
---------------------------------------------------------------------------------

ROM: Preliminary Mapping Report
+--------------------+------------+---------------+----------------+
|Module Name         | RTL Object | Depth x Width | Implemented As | 
+--------------------+------------+---------------+----------------+
|rs_berlekamp_massey | ginv       | 256x8         | LUT            | 
|rs_berlekamp_massey | p_0_out    | 256x8         | LUT            | 
+--------------------+------------+---------------+----------------+

---------------------------------------------------------------------------------
Finished ROM, RAM, DSP, Shift Register and Retiming Reporting
---------------------------------------------------------------------------------
No constraint files found.
---------------------------------------------------------------------------------
Start Timing Optimization
---------------------------------------------------------------------------------
---------------------------------------------------------------------------------
Finished Timing Optimization : Time (s): cpu = 00:01:31 ; elapsed = 00:01:30 . Memory (MB): peak = 3013.941 ; gain = 1478.266 ; free physical = 5062 ; free virtual = 51683
---------------------------------------------------------------------------------
---------------------------------------------------------------------------------
Start Technology Mapping
---------------------------------------------------------------------------------
---------------------------------------------------------------------------------
Finished Technology Mapping : Time (s): cpu = 00:01:39 ; elapsed = 00:01:38 . Memory (MB): peak = 3013.941 ; gain = 1478.266 ; free physical = 5054 ; free virtual = 51675
---------------------------------------------------------------------------------
---------------------------------------------------------------------------------
Start IO Insertion
---------------------------------------------------------------------------------
---------------------------------------------------------------------------------
Start Flattening Before IO Insertion
---------------------------------------------------------------------------------
---------------------------------------------------------------------------------
Finished Flattening Before IO Insertion
---------------------------------------------------------------------------------
---------------------------------------------------------------------------------
Start Final Netlist Cleanup
---------------------------------------------------------------------------------
---------------------------------------------------------------------------------
Finished Final Netlist Cleanup
---------------------------------------------------------------------------------
---------------------------------------------------------------------------------
Finished IO Insertion : Time (s): cpu = 00:01:42 ; elapsed = 00:01:41 . Memory (MB): peak = 3013.941 ; gain = 1478.266 ; free physical = 5061 ; free virtual = 51683
---------------------------------------------------------------------------------
---------------------------------------------------------------------------------
Start Renaming Generated Instances
---------------------------------------------------------------------------------
---------------------------------------------------------------------------------
Finished Renaming Generated Instances : Time (s): cpu = 00:01:42 ; elapsed = 00:01:41 . Memory (MB): peak = 3013.941 ; gain = 1478.266 ; free physical = 5061 ; free virtual = 51683
---------------------------------------------------------------------------------
---------------------------------------------------------------------------------
Start Rebuilding User Hierarchy
---------------------------------------------------------------------------------
---------------------------------------------------------------------------------
Finished Rebuilding User Hierarchy : Time (s): cpu = 00:01:42 ; elapsed = 00:01:42 . Memory (MB): peak = 3013.941 ; gain = 1478.266 ; free physical = 5062 ; free virtual = 51684
---------------------------------------------------------------------------------
---------------------------------------------------------------------------------
Start Renaming Generated Ports
---------------------------------------------------------------------------------
---------------------------------------------------------------------------------
Finished Renaming Generated Ports : Time (s): cpu = 00:01:42 ; elapsed = 00:01:42 . Memory (MB): peak = 3013.941 ; gain = 1478.266 ; free physical = 5062 ; free virtual = 51684
---------------------------------------------------------------------------------
---------------------------------------------------------------------------------
Start Handling Custom Attributes
---------------------------------------------------------------------------------
---------------------------------------------------------------------------------
Finished Handling Custom Attributes : Time (s): cpu = 00:01:43 ; elapsed = 00:01:42 . Memory (MB): peak = 3013.941 ; gain = 1478.266 ; free physical = 5061 ; free virtual = 51683
---------------------------------------------------------------------------------
---------------------------------------------------------------------------------
Start Renaming Generated Nets
---------------------------------------------------------------------------------
---------------------------------------------------------------------------------
Finished Renaming Generated Nets : Time (s): cpu = 00:01:43 ; elapsed = 00:01:42 . Memory (MB): peak = 3013.941 ; gain = 1478.266 ; free physical = 5061 ; free virtual = 51683
---------------------------------------------------------------------------------
---------------------------------------------------------------------------------
Start Writing Synthesis Report
---------------------------------------------------------------------------------

Report BlackBoxes: 
+-+--------------+----------+
| |BlackBox name |Instances |
+-+--------------+----------+
+-+--------------+----------+

Report Cell Usage: 
+------+-------+------+
|      |Cell   |Count |
+------+-------+------+
|1     |CARRY4 |     2|
|2     |LUT1   |    21|
|3     |LUT2   |   236|
|4     |LUT3   |   893|
|5     |LUT4   |   994|
|6     |LUT5   |   962|
|7     |LUT6   |  3182|
|8     |MUXF7  |   120|
|9     |MUXF8  |    40|
|10    |FDRE   |  1454|
|11    |FDSE   |    15|
+------+-------+------+

Report Instance Areas: 
+------+---------+--------------------+------+
|      |Instance |Module              |Cells |
+------+---------+--------------------+------+
|1     |top      |                    |  7919|
|2     |  u_bm   |rs_berlekamp_massey |  6403|
|3     |  u_enc  |rs_encoder          |   739|
|4     |  u_synd |rs_syndrome         |   714|
+------+---------+--------------------+------+
---------------------------------------------------------------------------------
Finished Writing Synthesis Report : Time (s): cpu = 00:01:43 ; elapsed = 00:01:42 . Memory (MB): peak = 3013.941 ; gain = 1478.266 ; free physical = 5061 ; free virtual = 51683
---------------------------------------------------------------------------------
Synthesis finished with 0 errors, 0 critical warnings and 109 warnings.
Synthesis Optimization Runtime : Time (s): cpu = 00:01:43 ; elapsed = 00:01:42 . Memory (MB): peak = 3013.941 ; gain = 1478.266 ; free physical = 5061 ; free virtual = 51683
Synthesis Optimization Complete : Time (s): cpu = 00:01:43 ; elapsed = 00:01:42 . Memory (MB): peak = 3013.949 ; gain = 1478.266 ; free physical = 5061 ; free virtual = 51683
INFO: [Project 1-571] Translating synthesized netlist
Netlist sorting complete. Time (s): cpu = 00:00:00.04 ; elapsed = 00:00:00.03 . Memory (MB): peak = 3013.949 ; gain = 0.000 ; free physical = 5229 ; free virtual = 51851
INFO: [Netlist 29-17] Analyzing 162 Unisim elements for replacement
INFO: [Netlist 29-28] Unisim Transformation completed in 0 CPU seconds
WARNING: [Netlist 29-101] Netlist 'axi_rs_test_harness' is not ideal for floorplanning, since the cellview 'rs_berlekamp_massey' contains a large number of primitives.  Please consider enabling hierarchy in synthesis if you want to do floorplanning.
INFO: [Project 1-570] Preparing netlist for logic optimization
INFO: [Opt 31-138] Pushed 0 inverter(s) to 0 load pin(s).
Netlist sorting complete. Time (s): cpu = 00:00:00 ; elapsed = 00:00:00.01 . Memory (MB): peak = 3053.961 ; gain = 0.000 ; free physical = 5227 ; free virtual = 51849
INFO: [Project 1-111] Unisim Transformation Summary:
No Unisim elements were transformed.

Synth Design complete | Checksum: 47d2180d
INFO: [Common 17-83] Releasing license: Synthesis
20 Infos, 110 Warnings, 0 Critical Warnings and 0 Errors encountered.
synth_design completed successfully
synth_design: Time (s): cpu = 00:01:48 ; elapsed = 00:01:45 . Memory (MB): peak = 3053.996 ; gain = 1518.320 ; free physical = 5226 ; free virtual = 51848
INFO: [Common 17-2834] synth_design peak Physical Memory [PSS] (MB): overall = 2683.075; main = 2531.350; forked = 335.275
INFO: [Common 17-2834] synth_design peak Virtual Memory [VSS] (MB): overall = 3970.145; main = 3053.965; forked = 956.199
# create_clock -name clk -period 10.000 [get_ports s_axi_aclk]
# report_utilization -file [file join [file dirname [info script]] axi_rs_harness_utilization_100mhz.rpt]
# report_timing_summary -file [file join [file dirname [info script]] axi_rs_harness_timing_100mhz.rpt]
INFO: [Timing 38-35] Done setting XDC timing constraints.
INFO: [Timing 38-91] UpdateTimingParams: Speed grade: -2, Delay Type: min_max.
INFO: [Timing 38-191] Multithreading enabled for timing update using a maximum of 8 CPUs
WARNING: [Timing 38-242] The property HD.CLK_SRC of clock port "s_axi_aclk" is not set. In out-of-context mode, this prevents timing estimation for clock delay/skew
Resolution: Set the HD.CLK_SRC property of the out-of-context port to the location of the clock buffer instance in the top-level design
report_timing_summary: Time (s): cpu = 00:00:06 ; elapsed = 00:00:05 . Memory (MB): peak = 3117.992 ; gain = 63.996 ; free physical = 5248 ; free virtual = 51870
# close_design
INFO: [Common 17-206] Exiting Vivado at Thu Oct  1 12:49:44 2026...
