#-----------------------------------------------------------
# Vivado v2025.1 (64-bit)
# SW Build 6140274 on Wed May 21 22:58:25 MDT 2025
# IP Build 6138677 on Thu May 22 03:10:11 MDT 2025
# SharedData Build 6139179 on Tue May 20 17:58:58 MDT 2025
# Start of session at: Fri Oct  2 09:27:16 2026
# Process ID         : 308685
# Current directory  : /home/amither/Documents/SDR
# Command line       : vivado -mode batch -source qualification/axi_qam64_harness_hw_ooc_synth.tcl -log qualification/axi_qam64_harness_hw_synth.log -nojournal
# Log file           : /home/amither/Documents/SDR/qualification/axi_qam64_harness_hw_synth.log
# Journal file       : 
# Running On         : amither-Legion-T5-28IMB05
# Platform           : Ubuntu
# Operating System   : Ubuntu 24.04.2 LTS
# Processor Detail   : Intel(R) Core(TM) i9-10900 CPU @ 2.80GHz
# CPU Frequency      : 4600.116 MHz
# CPU Physical cores : 10
# CPU Logical cores  : 20
# Host memory        : 67146 MB
# Swap memory        : 8589 MB
# Total Virtual      : 75736 MB
# Available Virtual  : 54408 MB
#-----------------------------------------------------------
source qualification/axi_qam64_harness_hw_ooc_synth.tcl
# read_verilog [list \
#     [file join [file dirname [info script]] .. fpga rtl qam64_mapper.v] \
#     [file join [file dirname [info script]] .. fpga rtl qam64_demapper.v] \
#     [file join [file dirname [info script]] .. fpga rtl axi_qam64_test_harness_hw.v] \
# ]
# synth_design -top axi_qam64_test_harness_hw -part xc7z020clg400-2 -mode out_of_context
Command: synth_design -top axi_qam64_test_harness_hw -part xc7z020clg400-2 -mode out_of_context
Starting synth_design
Attempting to get a license for feature 'Synthesis' and/or device 'xc7z020'
INFO: [Common 17-349] Got license for feature 'Synthesis' and/or device 'xc7z020'
INFO: [Synth 8-7079] Multithreading enabled for synth_design using a maximum of 7 processes.
INFO: [Synth 8-7078] Launching helper process for spawning children vivado processes
INFO: [Synth 8-7075] Helper process launched with PID 308741
---------------------------------------------------------------------------------
Starting Synthesize : Time (s): cpu = 00:00:03 ; elapsed = 00:00:04 . Memory (MB): peak = 1951.180 ; gain = 416.570 ; free physical = 5146 ; free virtual = 50586
---------------------------------------------------------------------------------
INFO: [Synth 8-6157] synthesizing module 'axi_qam64_test_harness_hw' [/home/amither/Documents/SDR/fpga/rtl/axi_qam64_test_harness_hw.v:45]
INFO: [Synth 8-6157] synthesizing module 'qam64_mapper' [/home/amither/Documents/SDR/fpga/rtl/qam64_mapper.v:5]
INFO: [Synth 8-6155] done synthesizing module 'qam64_mapper' (0#1) [/home/amither/Documents/SDR/fpga/rtl/qam64_mapper.v:5]
INFO: [Synth 8-6157] synthesizing module 'qam64_demapper' [/home/amither/Documents/SDR/fpga/rtl/qam64_demapper.v:28]
INFO: [Synth 8-6155] done synthesizing module 'qam64_demapper' (0#1) [/home/amither/Documents/SDR/fpga/rtl/qam64_demapper.v:28]
INFO: [Synth 8-6155] done synthesizing module 'axi_qam64_test_harness_hw' (0#1) [/home/amither/Documents/SDR/fpga/rtl/axi_qam64_test_harness_hw.v:45]
WARNING: [Synth 8-7129] Port s_axi_awprot[2] in module axi_qam64_test_harness_hw is either unconnected or has no load
WARNING: [Synth 8-7129] Port s_axi_awprot[1] in module axi_qam64_test_harness_hw is either unconnected or has no load
WARNING: [Synth 8-7129] Port s_axi_awprot[0] in module axi_qam64_test_harness_hw is either unconnected or has no load
WARNING: [Synth 8-7129] Port s_axi_wdata[31] in module axi_qam64_test_harness_hw is either unconnected or has no load
WARNING: [Synth 8-7129] Port s_axi_wdata[30] in module axi_qam64_test_harness_hw is either unconnected or has no load
WARNING: [Synth 8-7129] Port s_axi_wdata[29] in module axi_qam64_test_harness_hw is either unconnected or has no load
WARNING: [Synth 8-7129] Port s_axi_wdata[28] in module axi_qam64_test_harness_hw is either unconnected or has no load
WARNING: [Synth 8-7129] Port s_axi_wdata[27] in module axi_qam64_test_harness_hw is either unconnected or has no load
WARNING: [Synth 8-7129] Port s_axi_wdata[26] in module axi_qam64_test_harness_hw is either unconnected or has no load
WARNING: [Synth 8-7129] Port s_axi_wdata[25] in module axi_qam64_test_harness_hw is either unconnected or has no load
WARNING: [Synth 8-7129] Port s_axi_wdata[24] in module axi_qam64_test_harness_hw is either unconnected or has no load
WARNING: [Synth 8-7129] Port s_axi_wdata[23] in module axi_qam64_test_harness_hw is either unconnected or has no load
WARNING: [Synth 8-7129] Port s_axi_wdata[22] in module axi_qam64_test_harness_hw is either unconnected or has no load
WARNING: [Synth 8-7129] Port s_axi_wdata[21] in module axi_qam64_test_harness_hw is either unconnected or has no load
WARNING: [Synth 8-7129] Port s_axi_wdata[20] in module axi_qam64_test_harness_hw is either unconnected or has no load
WARNING: [Synth 8-7129] Port s_axi_wdata[19] in module axi_qam64_test_harness_hw is either unconnected or has no load
WARNING: [Synth 8-7129] Port s_axi_wdata[18] in module axi_qam64_test_harness_hw is either unconnected or has no load
WARNING: [Synth 8-7129] Port s_axi_wdata[17] in module axi_qam64_test_harness_hw is either unconnected or has no load
WARNING: [Synth 8-7129] Port s_axi_wdata[16] in module axi_qam64_test_harness_hw is either unconnected or has no load
WARNING: [Synth 8-7129] Port s_axi_wstrb[3] in module axi_qam64_test_harness_hw is either unconnected or has no load
WARNING: [Synth 8-7129] Port s_axi_wstrb[2] in module axi_qam64_test_harness_hw is either unconnected or has no load
WARNING: [Synth 8-7129] Port s_axi_wstrb[1] in module axi_qam64_test_harness_hw is either unconnected or has no load
WARNING: [Synth 8-7129] Port s_axi_wstrb[0] in module axi_qam64_test_harness_hw is either unconnected or has no load
WARNING: [Synth 8-7129] Port s_axi_araddr[1] in module axi_qam64_test_harness_hw is either unconnected or has no load
WARNING: [Synth 8-7129] Port s_axi_araddr[0] in module axi_qam64_test_harness_hw is either unconnected or has no load
WARNING: [Synth 8-7129] Port s_axi_arprot[2] in module axi_qam64_test_harness_hw is either unconnected or has no load
WARNING: [Synth 8-7129] Port s_axi_arprot[1] in module axi_qam64_test_harness_hw is either unconnected or has no load
WARNING: [Synth 8-7129] Port s_axi_arprot[0] in module axi_qam64_test_harness_hw is either unconnected or has no load
---------------------------------------------------------------------------------
Finished Synthesize : Time (s): cpu = 00:00:05 ; elapsed = 00:00:05 . Memory (MB): peak = 2025.117 ; gain = 490.508 ; free physical = 5072 ; free virtual = 50511
---------------------------------------------------------------------------------
---------------------------------------------------------------------------------
Finished Constraint Validation : Time (s): cpu = 00:00:05 ; elapsed = 00:00:05 . Memory (MB): peak = 2042.930 ; gain = 508.320 ; free physical = 5073 ; free virtual = 50512
---------------------------------------------------------------------------------
---------------------------------------------------------------------------------
Start Loading Part and Timing Information
---------------------------------------------------------------------------------
Loading part: xc7z020clg400-2
INFO: [Device 21-403] Loading part xc7z020clg400-2
---------------------------------------------------------------------------------
Finished Loading Part and Timing Information : Time (s): cpu = 00:00:05 ; elapsed = 00:00:05 . Memory (MB): peak = 2042.930 ; gain = 508.320 ; free physical = 5072 ; free virtual = 50511
---------------------------------------------------------------------------------
---------------------------------------------------------------------------------
Finished RTL Optimization Phase 2 : Time (s): cpu = 00:00:05 ; elapsed = 00:00:05 . Memory (MB): peak = 2058.945 ; gain = 524.336 ; free physical = 5056 ; free virtual = 50496
---------------------------------------------------------------------------------
No constraint files found.
---------------------------------------------------------------------------------
Start RTL Component Statistics 
---------------------------------------------------------------------------------
Detailed RTL Component Info : 
+---Adders : 
	   3 Input   17 Bit       Adders := 2     
+---XORs : 
	   2 Input      3 Bit         XORs := 2     
	   2 Input      1 Bit         XORs := 4     
+---Registers : 
	               32 Bit    Registers := 1     
	               17 Bit    Registers := 2     
	               16 Bit    Registers := 2     
	               15 Bit    Registers := 2     
	                6 Bit    Registers := 3     
	                3 Bit    Registers := 2     
	                2 Bit    Registers := 2     
	                1 Bit    Registers := 18    
+---Muxes : 
	   8 Input   15 Bit        Muxes := 4     
	   2 Input    1 Bit        Muxes := 10    
	   4 Input    1 Bit        Muxes := 4     
	   8 Input    1 Bit        Muxes := 2     
---------------------------------------------------------------------------------
Finished RTL Component Statistics 
---------------------------------------------------------------------------------
---------------------------------------------------------------------------------
Start Part Resource Summary
---------------------------------------------------------------------------------
Part Resources:
DSPs: 220 (col length:60)
BRAMs: 280 (col length: RAMB18 60 RAMB36 30)
---------------------------------------------------------------------------------
Finished Part Resource Summary
---------------------------------------------------------------------------------
No constraint files found.
---------------------------------------------------------------------------------
Start Cross Boundary and Area Optimization
---------------------------------------------------------------------------------
WARNING: [Synth 8-7080] Parallel synthesis criteria is not met
DSP Report: Generating DSP u_demapper/ei, operation Mode is: A2*B2.
DSP Report: register u_demapper/mid_di_reg is absorbed into DSP u_demapper/ei.
DSP Report: register u_demapper/mid_di_reg is absorbed into DSP u_demapper/ei.
DSP Report: operator u_demapper/ei is absorbed into DSP u_demapper/ei.
DSP Report: Generating DSP u_demapper/m_error_reg, operation Mode is: (C+A2*B2)'.
DSP Report: register u_demapper/mid_dq_reg is absorbed into DSP u_demapper/m_error_reg.
DSP Report: register u_demapper/mid_dq_reg is absorbed into DSP u_demapper/m_error_reg.
DSP Report: register u_demapper/m_error_reg is absorbed into DSP u_demapper/m_error_reg.
DSP Report: operator u_demapper/m_error0 is absorbed into DSP u_demapper/m_error_reg.
DSP Report: operator u_demapper/eq is absorbed into DSP u_demapper/m_error_reg.
WARNING: [Synth 8-7129] Port s_axi_awprot[2] in module axi_qam64_test_harness_hw is either unconnected or has no load
WARNING: [Synth 8-7129] Port s_axi_awprot[1] in module axi_qam64_test_harness_hw is either unconnected or has no load
WARNING: [Synth 8-7129] Port s_axi_awprot[0] in module axi_qam64_test_harness_hw is either unconnected or has no load
WARNING: [Synth 8-7129] Port s_axi_wdata[31] in module axi_qam64_test_harness_hw is either unconnected or has no load
WARNING: [Synth 8-7129] Port s_axi_wdata[30] in module axi_qam64_test_harness_hw is either unconnected or has no load
WARNING: [Synth 8-7129] Port s_axi_wdata[29] in module axi_qam64_test_harness_hw is either unconnected or has no load
WARNING: [Synth 8-7129] Port s_axi_wdata[28] in module axi_qam64_test_harness_hw is either unconnected or has no load
WARNING: [Synth 8-7129] Port s_axi_wdata[27] in module axi_qam64_test_harness_hw is either unconnected or has no load
WARNING: [Synth 8-7129] Port s_axi_wdata[26] in module axi_qam64_test_harness_hw is either unconnected or has no load
WARNING: [Synth 8-7129] Port s_axi_wdata[25] in module axi_qam64_test_harness_hw is either unconnected or has no load
WARNING: [Synth 8-7129] Port s_axi_wdata[24] in module axi_qam64_test_harness_hw is either unconnected or has no load
WARNING: [Synth 8-7129] Port s_axi_wdata[23] in module axi_qam64_test_harness_hw is either unconnected or has no load
WARNING: [Synth 8-7129] Port s_axi_wdata[22] in module axi_qam64_test_harness_hw is either unconnected or has no load
WARNING: [Synth 8-7129] Port s_axi_wdata[21] in module axi_qam64_test_harness_hw is either unconnected or has no load
WARNING: [Synth 8-7129] Port s_axi_wdata[20] in module axi_qam64_test_harness_hw is either unconnected or has no load
WARNING: [Synth 8-7129] Port s_axi_wdata[19] in module axi_qam64_test_harness_hw is either unconnected or has no load
WARNING: [Synth 8-7129] Port s_axi_wdata[18] in module axi_qam64_test_harness_hw is either unconnected or has no load
WARNING: [Synth 8-7129] Port s_axi_wdata[17] in module axi_qam64_test_harness_hw is either unconnected or has no load
WARNING: [Synth 8-7129] Port s_axi_wdata[16] in module axi_qam64_test_harness_hw is either unconnected or has no load
WARNING: [Synth 8-7129] Port s_axi_wstrb[3] in module axi_qam64_test_harness_hw is either unconnected or has no load
WARNING: [Synth 8-7129] Port s_axi_wstrb[2] in module axi_qam64_test_harness_hw is either unconnected or has no load
WARNING: [Synth 8-7129] Port s_axi_wstrb[1] in module axi_qam64_test_harness_hw is either unconnected or has no load
WARNING: [Synth 8-7129] Port s_axi_wstrb[0] in module axi_qam64_test_harness_hw is either unconnected or has no load
WARNING: [Synth 8-7129] Port s_axi_araddr[1] in module axi_qam64_test_harness_hw is either unconnected or has no load
WARNING: [Synth 8-7129] Port s_axi_araddr[0] in module axi_qam64_test_harness_hw is either unconnected or has no load
WARNING: [Synth 8-7129] Port s_axi_arprot[2] in module axi_qam64_test_harness_hw is either unconnected or has no load
WARNING: [Synth 8-7129] Port s_axi_arprot[1] in module axi_qam64_test_harness_hw is either unconnected or has no load
WARNING: [Synth 8-7129] Port s_axi_arprot[0] in module axi_qam64_test_harness_hw is either unconnected or has no load
---------------------------------------------------------------------------------
Finished Cross Boundary and Area Optimization : Time (s): cpu = 00:00:09 ; elapsed = 00:00:09 . Memory (MB): peak = 2213.852 ; gain = 679.242 ; free physical = 4970 ; free virtual = 50397
---------------------------------------------------------------------------------
 Sort Area is  u_demapper/m_error_reg_2 : 0 0 : 2425 2425 : Used 1 time 0
 Sort Area is  u_demapper/ei_0 : 0 0 : 2298 2298 : Used 1 time 0
---------------------------------------------------------------------------------
Start ROM, RAM, DSP, Shift Register and Retiming Reporting
---------------------------------------------------------------------------------

DSP: Preliminary Mapping Report (see note below. The ' indicates corresponding REG is set)
+---------------+-------------+--------+--------+--------+--------+--------+------+------+------+------+-------+------+------+
|Module Name    | DSP Mapping | A Size | B Size | C Size | D Size | P Size | AREG | BREG | CREG | DREG | ADREG | MREG | PREG | 
+---------------+-------------+--------+--------+--------+--------+--------+------+------+------+------+-------+------+------+
|qam64_demapper | A2*B2       | 17     | 17     | -      | -      | 34     | 1    | 1    | -    | -    | -     | 0    | 0    | 
|qam64_demapper | (C+A2*B2)'  | 17     | 17     | 32     | -      | 32     | 1    | 1    | 0    | -    | -     | 0    | 1    | 
+---------------+-------------+--------+--------+--------+--------+--------+------+------+------+------+-------+------+------+

Note: The table above is a preliminary report that shows the DSPs inferred at the current stage of the synthesis flow. Some DSP may be reimplemented as non DSP primitives later in the synthesis flow. Multiple instantiated DSPs are reported only once.
---------------------------------------------------------------------------------
Finished ROM, RAM, DSP, Shift Register and Retiming Reporting
---------------------------------------------------------------------------------
No constraint files found.
---------------------------------------------------------------------------------
Start Timing Optimization
---------------------------------------------------------------------------------
---------------------------------------------------------------------------------
Finished Timing Optimization : Time (s): cpu = 00:00:09 ; elapsed = 00:00:09 . Memory (MB): peak = 2213.852 ; gain = 679.242 ; free physical = 4973 ; free virtual = 50399
---------------------------------------------------------------------------------
---------------------------------------------------------------------------------
Start Technology Mapping
---------------------------------------------------------------------------------
---------------------------------------------------------------------------------
Finished Technology Mapping : Time (s): cpu = 00:00:09 ; elapsed = 00:00:09 . Memory (MB): peak = 2213.852 ; gain = 679.242 ; free physical = 4973 ; free virtual = 50399
---------------------------------------------------------------------------------
---------------------------------------------------------------------------------
Start IO Insertion
---------------------------------------------------------------------------------
---------------------------------------------------------------------------------
Start Flattening Before IO Insertion
---------------------------------------------------------------------------------
---------------------------------------------------------------------------------
Finished Flattening Before IO Insertion
---------------------------------------------------------------------------------
---------------------------------------------------------------------------------
Start Final Netlist Cleanup
---------------------------------------------------------------------------------
---------------------------------------------------------------------------------
Finished Final Netlist Cleanup
---------------------------------------------------------------------------------
---------------------------------------------------------------------------------
Finished IO Insertion : Time (s): cpu = 00:00:12 ; elapsed = 00:00:12 . Memory (MB): peak = 2376.664 ; gain = 842.055 ; free physical = 4933 ; free virtual = 50355
---------------------------------------------------------------------------------
---------------------------------------------------------------------------------
Start Renaming Generated Instances
---------------------------------------------------------------------------------
---------------------------------------------------------------------------------
Finished Renaming Generated Instances : Time (s): cpu = 00:00:12 ; elapsed = 00:00:12 . Memory (MB): peak = 2376.664 ; gain = 842.055 ; free physical = 4933 ; free virtual = 50355
---------------------------------------------------------------------------------
---------------------------------------------------------------------------------
Start Rebuilding User Hierarchy
---------------------------------------------------------------------------------
---------------------------------------------------------------------------------
Finished Rebuilding User Hierarchy : Time (s): cpu = 00:00:12 ; elapsed = 00:00:12 . Memory (MB): peak = 2376.664 ; gain = 842.055 ; free physical = 4933 ; free virtual = 50355
---------------------------------------------------------------------------------
---------------------------------------------------------------------------------
Start Renaming Generated Ports
---------------------------------------------------------------------------------
---------------------------------------------------------------------------------
Finished Renaming Generated Ports : Time (s): cpu = 00:00:12 ; elapsed = 00:00:12 . Memory (MB): peak = 2376.664 ; gain = 842.055 ; free physical = 4933 ; free virtual = 50355
---------------------------------------------------------------------------------
---------------------------------------------------------------------------------
Start Handling Custom Attributes
---------------------------------------------------------------------------------
---------------------------------------------------------------------------------
Finished Handling Custom Attributes : Time (s): cpu = 00:00:12 ; elapsed = 00:00:12 . Memory (MB): peak = 2376.664 ; gain = 842.055 ; free physical = 4933 ; free virtual = 50355
---------------------------------------------------------------------------------
---------------------------------------------------------------------------------
Start Renaming Generated Nets
---------------------------------------------------------------------------------
---------------------------------------------------------------------------------
Finished Renaming Generated Nets : Time (s): cpu = 00:00:12 ; elapsed = 00:00:12 . Memory (MB): peak = 2376.664 ; gain = 842.055 ; free physical = 4933 ; free virtual = 50355
---------------------------------------------------------------------------------
---------------------------------------------------------------------------------
Start Writing Synthesis Report
---------------------------------------------------------------------------------

DSP Final Report (the ' indicates corresponding REG is set)
+---------------+-------------+--------+--------+--------+--------+--------+------+------+------+------+-------+------+------+
|Module Name    | DSP Mapping | A Size | B Size | C Size | D Size | P Size | AREG | BREG | CREG | DREG | ADREG | MREG | PREG | 
+---------------+-------------+--------+--------+--------+--------+--------+------+------+------+------+-------+------+------+
|qam64_demapper | A'*B'       | 30     | 18     | -      | -      | 34     | 1    | 1    | -    | -    | -     | 0    | 0    | 
|qam64_demapper | (C+A'*B')'  | 30     | 18     | 32     | -      | 32     | 1    | 1    | 0    | -    | -     | 0    | 1    | 
+---------------+-------------+--------+--------+--------+--------+--------+------+------+------+------+-------+------+------+


Report BlackBoxes: 
+-+--------------+----------+
| |BlackBox name |Instances |
+-+--------------+----------+
+-+--------------+----------+

Report Cell Usage: 
+------+--------+------+
|      |Cell    |Count |
+------+--------+------+
|1     |CARRY4  |    32|
|2     |DSP48E1 |     2|
|3     |LUT1    |    29|
|4     |LUT2    |   114|
|5     |LUT3    |    14|
|6     |LUT4    |    16|
|7     |LUT5    |    39|
|8     |LUT6    |    50|
|9     |MUXF7   |     4|
|10    |FDRE    |   121|
+------+--------+------+

Report Instance Areas: 
+------+-------------+---------------+------+
|      |Instance     |Module         |Cells |
+------+-------------+---------------+------+
|1     |top          |               |   421|
|2     |  u_demapper |qam64_demapper |   237|
|3     |  u_mapper   |qam64_mapper   |    79|
+------+-------------+---------------+------+
---------------------------------------------------------------------------------
Finished Writing Synthesis Report : Time (s): cpu = 00:00:12 ; elapsed = 00:00:12 . Memory (MB): peak = 2376.664 ; gain = 842.055 ; free physical = 4933 ; free virtual = 50355
---------------------------------------------------------------------------------
Synthesis finished with 0 errors, 0 critical warnings and 57 warnings.
Synthesis Optimization Runtime : Time (s): cpu = 00:00:12 ; elapsed = 00:00:12 . Memory (MB): peak = 2376.664 ; gain = 842.055 ; free physical = 4933 ; free virtual = 50355
Synthesis Optimization Complete : Time (s): cpu = 00:00:12 ; elapsed = 00:00:12 . Memory (MB): peak = 2376.672 ; gain = 842.055 ; free physical = 4933 ; free virtual = 50355
INFO: [Project 1-571] Translating synthesized netlist
Netlist sorting complete. Time (s): cpu = 00:00:00.01 ; elapsed = 00:00:00 . Memory (MB): peak = 2391.539 ; gain = 0.000 ; free physical = 5082 ; free virtual = 50505
INFO: [Netlist 29-17] Analyzing 38 Unisim elements for replacement
INFO: [Netlist 29-28] Unisim Transformation completed in 0 CPU seconds
INFO: [Project 1-570] Preparing netlist for logic optimization
INFO: [Opt 31-138] Pushed 0 inverter(s) to 0 load pin(s).
Netlist sorting complete. Time (s): cpu = 00:00:00 ; elapsed = 00:00:00 . Memory (MB): peak = 2505.309 ; gain = 0.000 ; free physical = 4993 ; free virtual = 50416
INFO: [Project 1-111] Unisim Transformation Summary:
No Unisim elements were transformed.

Synth Design complete | Checksum: 6a55f044
INFO: [Common 17-83] Releasing license: Synthesis
18 Infos, 57 Warnings, 0 Critical Warnings and 0 Errors encountered.
synth_design completed successfully
synth_design: Time (s): cpu = 00:00:17 ; elapsed = 00:00:15 . Memory (MB): peak = 2505.344 ; gain = 970.734 ; free physical = 4992 ; free virtual = 50415
INFO: [Common 17-2834] synth_design peak Physical Memory [PSS] (MB): overall = 1981.263; main = 1981.263; forked = 335.097
INFO: [Common 17-2834] synth_design peak Virtual Memory [VSS] (MB): overall = 3216.059; main = 2505.312; forked = 956.203
# create_clock -name clk -period 10.000 [get_ports s_axi_aclk]
# report_utilization -file [file join [file dirname [info script]] axi_qam64_harness_hw_utilization.rpt]
# report_timing_summary -file [file join [file dirname [info script]] axi_qam64_harness_hw_timing.rpt]
INFO: [Timing 38-35] Done setting XDC timing constraints.
INFO: [Timing 38-91] UpdateTimingParams: Speed grade: -2, Delay Type: min_max.
INFO: [Timing 38-191] Multithreading enabled for timing update using a maximum of 8 CPUs
WARNING: [Timing 38-242] The property HD.CLK_SRC of clock port "s_axi_aclk" is not set. In out-of-context mode, this prevents timing estimation for clock delay/skew
Resolution: Set the HD.CLK_SRC property of the out-of-context port to the location of the clock buffer instance in the top-level design
# close_design
INFO: [Common 17-206] Exiting Vivado at Fri Oct  2 09:27:39 2026...
