Copyright 1986-2022 Xilinx, Inc. All Rights Reserved. Copyright 2022-2025 Advanced Micro Devices, Inc. All Rights Reserved.
---------------------------------------------------------------------------------------------------------------------------------------------
| Tool Version : Vivado v.2025.1 (lin64) Build 6140274 Wed May 21 22:58:25 MDT 2025
| Date         : Fri Oct  2 08:37:56 2026
| Host         : amither-Legion-T5-28IMB05 running 64-bit Ubuntu 24.04.2 LTS
| Command      : report_timing_summary -file qualification/axi_qam16_harness_hw_timing.rpt
| Design       : axi_qam16_test_harness_hw
| Device       : 7z020-clg400
| Speed File   : -2  PRODUCTION 1.12 2019-11-22
| Design State : Synthesized
---------------------------------------------------------------------------------------------------------------------------------------------

Timing Summary Report

------------------------------------------------------------------------------------------------
| Timer Settings
| --------------
------------------------------------------------------------------------------------------------

  Enable Multi Corner Analysis               :  Yes
  Enable Pessimism Removal                   :  Yes
  Pessimism Removal Resolution               :  Nearest Common Node
  Enable Input Delay Default Clock           :  No
  Enable Preset / Clear Arcs                 :  No
  Disable Flight Delays                      :  No
  Ignore I/O Paths                           :  No
  Timing Early Launch at Borrowing Latches   :  No
  Borrow Time for Max Delay Exceptions       :  Yes
  Merge Timing Exceptions                    :  Yes
  Inter-SLR Compensation                     :  Conservative

  Corner  Analyze    Analyze    
  Name    Max Paths  Min Paths  
  ------  ---------  ---------  
  Slow    Yes        Yes        
  Fast    Yes        Yes        


------------------------------------------------------------------------------------------------
| Report Methodology
| ------------------
------------------------------------------------------------------------------------------------

No report available as report_methodology has not been run prior. Run report_methodology on the current design for the summary of methodology violations.



check_timing report

Table of Contents
-----------------
1. checking no_clock (0)
2. checking constant_clock (0)
3. checking pulse_width_clock (0)
4. checking unconstrained_internal_endpoints (0)
5. checking no_input_delay (30)
6. checking no_output_delay (37)
7. checking multiple_clock (0)
8. checking generated_clocks (0)
9. checking loops (0)
10. checking partial_input_delay (0)
11. checking partial_output_delay (0)
12. checking latch_loops (0)

1. checking no_clock (0)
------------------------
 There are 0 register/latch pins with no clock.


2. checking constant_clock (0)
------------------------------
 There are 0 register/latch pins with constant_clock.


3. checking pulse_width_clock (0)
---------------------------------
 There are 0 register/latch pins which need pulse_width check


4. checking unconstrained_internal_endpoints (0)
------------------------------------------------
 There are 0 pins that are not constrained for maximum delay.

 There are 0 pins that are not constrained for maximum delay due to constant clock.


5. checking no_input_delay (30)
-------------------------------
 There are 30 input ports with no input delay specified. (HIGH)

 There are 0 input ports with no input delay but user has a false path constraint.


6. checking no_output_delay (37)
--------------------------------
 There are 37 ports with no output delay specified. (HIGH)

 There are 0 ports with no output delay but user has a false path constraint

 There are 0 ports with no output delay but with a timing clock defined on it or propagating through it


7. checking multiple_clock (0)
------------------------------
 There are 0 register/latch pins with multiple clocks.


8. checking generated_clocks (0)
--------------------------------
 There are 0 generated clocks that are not connected to a clock source.


9. checking loops (0)
---------------------
 There are 0 combinational loops in the design.


10. checking partial_input_delay (0)
------------------------------------
 There are 0 input ports with partial input delay specified.


11. checking partial_output_delay (0)
-------------------------------------
 There are 0 ports with partial output delay specified.


12. checking latch_loops (0)
----------------------------
 There are 0 combinational latch loops in the design through latch input



------------------------------------------------------------------------------------------------
| Design Timing Summary
| ---------------------
------------------------------------------------------------------------------------------------

    WNS(ns)      TNS(ns)  TNS Failing Endpoints  TNS Total Endpoints      WHS(ns)      THS(ns)  THS Failing Endpoints  THS Total Endpoints     WPWS(ns)     TPWS(ns)  TPWS Failing Endpoints  TPWS Total Endpoints  
    -------      -------  ---------------------  -------------------      -------      -------  ---------------------  -------------------     --------     --------  ----------------------  --------------------  
      0.183        0.000                      0                  241        0.249        0.000                      0                  241        4.500        0.000                       0                   102  


All user specified timing constraints are met.


------------------------------------------------------------------------------------------------
| Clock Summary
| -------------
------------------------------------------------------------------------------------------------

Clock  Waveform(ns)       Period(ns)      Frequency(MHz)
-----  ------------       ----------      --------------
clk    {0.000 5.000}      10.000          100.000         


------------------------------------------------------------------------------------------------
| Intra Clock Table
| -----------------
------------------------------------------------------------------------------------------------

Clock             WNS(ns)      TNS(ns)  TNS Failing Endpoints  TNS Total Endpoints      WHS(ns)      THS(ns)  THS Failing Endpoints  THS Total Endpoints     WPWS(ns)     TPWS(ns)  TPWS Failing Endpoints  TPWS Total Endpoints  
-----             -------      -------  ---------------------  -------------------      -------      -------  ---------------------  -------------------     --------     --------  ----------------------  --------------------  
clk                 0.183        0.000                      0                  241        0.249        0.000                      0                  241        4.500        0.000                       0                   102  


------------------------------------------------------------------------------------------------
| Inter Clock Table
| -----------------
------------------------------------------------------------------------------------------------

From Clock    To Clock          WNS(ns)      TNS(ns)  TNS Failing Endpoints  TNS Total Endpoints      WHS(ns)      THS(ns)  THS Failing Endpoints  THS Total Endpoints  
----------    --------          -------      -------  ---------------------  -------------------      -------      -------  ---------------------  -------------------  


------------------------------------------------------------------------------------------------
| Other Path Groups Table
| -----------------------
------------------------------------------------------------------------------------------------

Path Group    From Clock    To Clock          WNS(ns)      TNS(ns)  TNS Failing Endpoints  TNS Total Endpoints      WHS(ns)      THS(ns)  THS Failing Endpoints  THS Total Endpoints  
----------    ----------    --------          -------      -------  ---------------------  -------------------      -------      -------  ---------------------  -------------------  


------------------------------------------------------------------------------------------------
| Timing Details
| --------------
------------------------------------------------------------------------------------------------


---------------------------------------------------------------------------------------------------
From Clock:  clk
  To Clock:  clk

Setup :            0  Failing Endpoints,  Worst Slack        0.183ns,  Total Violation        0.000ns
Hold  :            0  Failing Endpoints,  Worst Slack        0.249ns,  Total Violation        0.000ns
PW    :            0  Failing Endpoints,  Worst Slack        4.500ns,  Total Violation        0.000ns
---------------------------------------------------------------------------------------------------


Max Delay Paths
--------------------------------------------------------------------------------------
Slack (MET) :             0.183ns  (required time - arrival time)
  Source:                 push_i_reg_reg[2]/C
                            (rising edge-triggered cell FDRE clocked by clk  {rise@0.000ns fall@5.000ns period=10.000ns})
  Destination:            u_demapper/m_error_reg/C[0]
                            (rising edge-triggered cell DSP48E1 clocked by clk  {rise@0.000ns fall@5.000ns period=10.000ns})
  Path Group:             clk
  Path Type:              Setup (Max at Slow Process Corner)
  Requirement:            10.000ns  (clk rise@10.000ns - clk rise@0.000ns)
  Data Path Delay:        8.315ns  (logic 5.428ns (65.278%)  route 2.887ns (34.721%))
  Logic Levels:           8  (CARRY4=5 DSP48E1=1 LUT2=1 LUT5=1)
  Clock Path Skew:        -0.039ns (DCD - SCD + CPR)
    Destination Clock Delay (DCD):    0.748ns = ( 10.748 - 10.000 ) 
    Source Clock Delay      (SCD):    0.787ns
    Clock Pessimism Removal (CPR):    0.000ns
  Clock Uncertainty:      0.035ns  ((TSJ^2 + TIJ^2)^1/2 + DJ) / 2 + PE
    Total System Jitter     (TSJ):    0.071ns
    Total Input Jitter      (TIJ):    0.000ns
    Discrete Jitter          (DJ):    0.000ns
    Phase Error              (PE):    0.000ns

    Location             Delay type                Incr(ns)  Path(ns)    Netlist Resource(s)
  -------------------------------------------------------------------    -------------------
                         (clock clk rise edge)        0.000     0.000 r  
                                                      0.000     0.000 r  s_axi_aclk (IN)
                         net (fo=101, unset)          0.787     0.787    s_axi_aclk
                         FDRE                                         r  push_i_reg_reg[2]/C
  -------------------------------------------------------------------    -------------------
                         FDRE (Prop_fdre_C_Q)         0.433     1.220 f  push_i_reg_reg[2]/Q
                         net (fo=7, unplaced)         0.397     1.617    u_demapper/m_data_reg[3]_0[2]
                         LUT2 (Prop_lut2_I0_O)        0.253     1.870 r  u_demapper/i__carry_i_2__1/O
                         net (fo=1, unplaced)         0.000     1.870    u_demapper/i__carry_i_2__1_n_0
                         CARRY4 (Prop_carry4_DI[1]_CO[3])
                                                      0.451     2.321 r  u_demapper/index1_inferred__3/i__carry/CO[3]
                         net (fo=1, unplaced)         0.008     2.329    u_demapper/index1_inferred__3/i__carry_n_0
                         CARRY4 (Prop_carry4_CI_CO[3])
                                                      0.100     2.429 r  u_demapper/index1_inferred__3/i__carry__0/CO[3]
                         net (fo=16, unplaced)        0.824     3.253    u_demapper/index1_inferred__3/i__carry__0_n_0
                         LUT5 (Prop_lut5_I3_O)        0.105     3.358 r  u_demapper/di__3_carry__0_i_1/O
                         net (fo=1, unplaced)         0.367     3.725    u_demapper/di__3_carry__0_i_1_n_0
                         CARRY4 (Prop_carry4_DI[3]_CO[3])
                                                      0.327     4.052 r  u_demapper/di__3_carry__0/CO[3]
                         net (fo=1, unplaced)         0.000     4.052    u_demapper/di__3_carry__0_n_0
                         CARRY4 (Prop_carry4_CI_CO[3])
                                                      0.100     4.152 r  u_demapper/di__3_carry__1/CO[3]
                         net (fo=1, unplaced)         0.000     4.152    u_demapper/di__3_carry__1_n_0
                         CARRY4 (Prop_carry4_CI_O[3])
                                                      0.277     4.429 r  u_demapper/di__3_carry__2/O[3]
                         net (fo=16, unplaced)        0.646     5.075    u_demapper/A[16]
                         DSP48E1 (Prop_dsp48e1_A[29]_P[0])
                                                      3.382     8.457 r  u_demapper/ei/P[0]
                         net (fo=1, unplaced)         0.646     9.102    u_demapper/ei__0[0]
                         DSP48E1                                      r  u_demapper/m_error_reg/C[0]
  -------------------------------------------------------------------    -------------------

                         (clock clk rise edge)       10.000    10.000 r  
                                                      0.000    10.000 r  s_axi_aclk (IN)
                         net (fo=101, unset)          0.748    10.748    u_demapper/s_axi_aclk
                         DSP48E1                                      r  u_demapper/m_error_reg/CLK
                         clock pessimism              0.000    10.748    
                         clock uncertainty           -0.035    10.712    
                         DSP48E1 (Setup_dsp48e1_CLK_C[0])
                                                     -1.427     9.285    u_demapper/m_error_reg
  -------------------------------------------------------------------
                         required time                          9.285    
                         arrival time                          -9.102    
  -------------------------------------------------------------------
                         slack                                  0.183    





Min Delay Paths
--------------------------------------------------------------------------------------
Slack (MET) :             0.249ns  (arrival time - required time)
  Source:                 push_sym_data_reg[2]/C
                            (rising edge-triggered cell FDRE clocked by clk  {rise@0.000ns fall@5.000ns period=10.000ns})
  Destination:            u_mapper/m_i_reg[1]/D
                            (rising edge-triggered cell FDRE clocked by clk  {rise@0.000ns fall@5.000ns period=10.000ns})
  Path Group:             clk
  Path Type:              Hold (Min at Fast Process Corner)
  Requirement:            0.000ns  (clk rise@0.000ns - clk rise@0.000ns)
  Data Path Delay:        0.389ns  (logic 0.265ns (68.041%)  route 0.124ns (31.959%))
  Logic Levels:           1  (LUT2=1)
  Clock Path Skew:        0.021ns (DCD - SCD - CPR)
    Destination Clock Delay (DCD):    0.411ns
    Source Clock Delay      (SCD):    0.390ns
    Clock Pessimism Removal (CPR):    -0.000ns

    Location             Delay type                Incr(ns)  Path(ns)    Netlist Resource(s)
  -------------------------------------------------------------------    -------------------
                         (clock clk rise edge)        0.000     0.000 r  
                                                      0.000     0.000 r  s_axi_aclk (IN)
                         net (fo=101, unset)          0.390     0.390    s_axi_aclk
                         FDRE                                         r  push_sym_data_reg[2]/C
  -------------------------------------------------------------------    -------------------
                         FDRE (Prop_fdre_C_Q)         0.164     0.554 r  push_sym_data_reg[2]/Q
                         net (fo=2, unplaced)         0.124     0.679    u_mapper/m_i_reg[11]_0[2]
                         LUT2 (Prop_lut2_I1_O)        0.101     0.780 r  u_mapper/m_i[1]_i_1/O
                         net (fo=1, unplaced)         0.000     0.780    u_mapper/m_i[1]_i_1_n_0
                         FDRE                                         r  u_mapper/m_i_reg[1]/D
  -------------------------------------------------------------------    -------------------

                         (clock clk rise edge)        0.000     0.000 r  
                                                      0.000     0.000 r  s_axi_aclk (IN)
                         net (fo=101, unset)          0.411     0.411    u_mapper/s_axi_aclk
                         FDRE                                         r  u_mapper/m_i_reg[1]/C
                         clock pessimism              0.000     0.411    
                         FDRE (Hold_fdre_C_D)         0.120     0.531    u_mapper/m_i_reg[1]
  -------------------------------------------------------------------
                         required time                         -0.531    
                         arrival time                           0.780    
  -------------------------------------------------------------------
                         slack                                  0.249    





Pulse Width Checks
--------------------------------------------------------------------------------------
Clock Name:         clk
Waveform(ns):       { 0.000 5.000 }
Period(ns):         10.000
Sources:            { s_axi_aclk }

Check Type        Corner  Lib Pin      Reference Pin  Required(ns)  Actual(ns)  Slack(ns)  Location  Pin
Min Period        n/a     DSP48E1/CLK  n/a            1.816         10.000      8.184                u_demapper/m_error_reg/CLK
Low Pulse Width   Slow    FDRE/C       n/a            0.500         5.000       4.500                ar_done_reg/C
High Pulse Width  Slow    FDRE/C       n/a            0.500         5.000       4.500                ar_done_reg/C



