#-----------------------------------------------------------
# Vivado v2025.1 (64-bit)
# SW Build 6140274 on Wed May 21 22:58:25 MDT 2025
# IP Build 6138677 on Thu May 22 03:10:11 MDT 2025
# SharedData Build 6139179 on Tue May 20 17:58:58 MDT 2025
# Start of session at: Thu Oct  1 23:00:55 2026
# Process ID         : 4171358
# Current directory  : /home/amither/Documents/SDR
# Command line       : vivado -mode batch -source qualification/axi_rs_harness_hw_v4_ooc_synth.tcl -log qualification/axi_rs_harness_hw_v4_synth.log -nojournal
# Log file           : /home/amither/Documents/SDR/qualification/axi_rs_harness_hw_v4_synth.log
# Journal file       : 
# Running On         : amither-Legion-T5-28IMB05
# Platform           : Ubuntu
# Operating System   : Ubuntu 24.04.2 LTS
# Processor Detail   : Intel(R) Core(TM) i9-10900 CPU @ 2.80GHz
# CPU Frequency      : 4795.262 MHz
# CPU Physical cores : 10
# CPU Logical cores  : 20
# Host memory        : 67146 MB
# Swap memory        : 8589 MB
# Total Virtual      : 75736 MB
# Available Virtual  : 54225 MB
#-----------------------------------------------------------
source qualification/axi_rs_harness_hw_v4_ooc_synth.tcl
# read_verilog [list \
#     [file join [file dirname [info script]] .. fpga rtl rs_encoder.v] \
#     [file join [file dirname [info script]] .. fpga rtl rs_syndrome.v] \
#     [file join [file dirname [info script]] .. fpga rtl rs_chien_search.v] \
#     [file join [file dirname [info script]] .. fpga rtl rs_forney.v] \
#     [file join [file dirname [info script]] .. fpga rtl rs_berlekamp_massey.v] \
#     [file join [file dirname [info script]] .. fpga rtl axi_rs_test_harness_hw.v] \
# ]
# synth_design -top axi_rs_test_harness_hw -part xc7z020clg400-2 -mode out_of_context
Command: synth_design -top axi_rs_test_harness_hw -part xc7z020clg400-2 -mode out_of_context
Starting synth_design
Attempting to get a license for feature 'Synthesis' and/or device 'xc7z020'
INFO: [Common 17-349] Got license for feature 'Synthesis' and/or device 'xc7z020'
INFO: [Synth 8-7079] Multithreading enabled for synth_design using a maximum of 7 processes.
INFO: [Synth 8-7078] Launching helper process for spawning children vivado processes
INFO: [Synth 8-7075] Helper process launched with PID 4171462
---------------------------------------------------------------------------------
Starting Synthesize : Time (s): cpu = 00:00:04 ; elapsed = 00:00:04 . Memory (MB): peak = 1950.211 ; gain = 417.570 ; free physical = 4891 ; free virtual = 50201
---------------------------------------------------------------------------------
INFO: [Synth 8-6157] synthesizing module 'axi_rs_test_harness_hw' [/home/amither/Documents/SDR/fpga/rtl/axi_rs_test_harness_hw.v:88]
INFO: [Synth 8-6157] synthesizing module 'rs_encoder' [/home/amither/Documents/SDR/fpga/rtl/rs_encoder.v:19]
INFO: [Synth 8-6155] done synthesizing module 'rs_encoder' (0#1) [/home/amither/Documents/SDR/fpga/rtl/rs_encoder.v:19]
INFO: [Synth 8-6157] synthesizing module 'rs_syndrome' [/home/amither/Documents/SDR/fpga/rtl/rs_syndrome.v:16]
INFO: [Synth 8-6155] done synthesizing module 'rs_syndrome' (0#1) [/home/amither/Documents/SDR/fpga/rtl/rs_syndrome.v:16]
INFO: [Synth 8-6157] synthesizing module 'rs_chien_search' [/home/amither/Documents/SDR/fpga/rtl/rs_chien_search.v:22]
INFO: [Synth 8-6155] done synthesizing module 'rs_chien_search' (0#1) [/home/amither/Documents/SDR/fpga/rtl/rs_chien_search.v:22]
INFO: [Synth 8-6157] synthesizing module 'rs_forney' [/home/amither/Documents/SDR/fpga/rtl/rs_forney.v:31]
INFO: [Synth 8-155] case statement is not full and has no default [/home/amither/Documents/SDR/fpga/rtl/rs_forney.v:177]
INFO: [Synth 8-6155] done synthesizing module 'rs_forney' (0#1) [/home/amither/Documents/SDR/fpga/rtl/rs_forney.v:31]
INFO: [Synth 8-6157] synthesizing module 'rs_berlekamp_massey' [/home/amither/Documents/SDR/fpga/rtl/rs_berlekamp_massey.v:45]
INFO: [Synth 8-155] case statement is not full and has no default [/home/amither/Documents/SDR/fpga/rtl/rs_berlekamp_massey.v:197]
INFO: [Synth 8-6155] done synthesizing module 'rs_berlekamp_massey' (0#1) [/home/amither/Documents/SDR/fpga/rtl/rs_berlekamp_massey.v:45]
INFO: [Synth 8-6155] done synthesizing module 'axi_rs_test_harness_hw' (0#1) [/home/amither/Documents/SDR/fpga/rtl/axi_rs_test_harness_hw.v:88]
WARNING: [Synth 8-6014] Unused sequential element delta_reg was removed.  [/home/amither/Documents/SDR/fpga/rtl/rs_berlekamp_massey.v:200]
WARNING: [Synth 8-6014] Unused sequential element newC_reg[0] was removed.  [/home/amither/Documents/SDR/fpga/rtl/rs_berlekamp_massey.v:225]
WARNING: [Synth 8-6014] Unused sequential element newC_reg[1] was removed.  [/home/amither/Documents/SDR/fpga/rtl/rs_berlekamp_massey.v:225]
WARNING: [Synth 8-6014] Unused sequential element newC_reg[2] was removed.  [/home/amither/Documents/SDR/fpga/rtl/rs_berlekamp_massey.v:225]
WARNING: [Synth 8-6014] Unused sequential element newC_reg[3] was removed.  [/home/amither/Documents/SDR/fpga/rtl/rs_berlekamp_massey.v:225]
WARNING: [Synth 8-6014] Unused sequential element newC_reg[4] was removed.  [/home/amither/Documents/SDR/fpga/rtl/rs_berlekamp_massey.v:225]
WARNING: [Synth 8-6014] Unused sequential element newC_reg[5] was removed.  [/home/amither/Documents/SDR/fpga/rtl/rs_berlekamp_massey.v:225]
WARNING: [Synth 8-6014] Unused sequential element newC_reg[6] was removed.  [/home/amither/Documents/SDR/fpga/rtl/rs_berlekamp_massey.v:225]
WARNING: [Synth 8-6014] Unused sequential element newC_reg[7] was removed.  [/home/amither/Documents/SDR/fpga/rtl/rs_berlekamp_massey.v:225]
WARNING: [Synth 8-6014] Unused sequential element newC_reg[8] was removed.  [/home/amither/Documents/SDR/fpga/rtl/rs_berlekamp_massey.v:225]
WARNING: [Synth 8-6014] Unused sequential element newC_reg[9] was removed.  [/home/amither/Documents/SDR/fpga/rtl/rs_berlekamp_massey.v:225]
WARNING: [Synth 8-6014] Unused sequential element newC_reg[10] was removed.  [/home/amither/Documents/SDR/fpga/rtl/rs_berlekamp_massey.v:225]
WARNING: [Synth 8-6014] Unused sequential element newC_reg[11] was removed.  [/home/amither/Documents/SDR/fpga/rtl/rs_berlekamp_massey.v:225]
WARNING: [Synth 8-6014] Unused sequential element newC_reg[12] was removed.  [/home/amither/Documents/SDR/fpga/rtl/rs_berlekamp_massey.v:225]
WARNING: [Synth 8-6014] Unused sequential element newC_reg[13] was removed.  [/home/amither/Documents/SDR/fpga/rtl/rs_berlekamp_massey.v:225]
WARNING: [Synth 8-6014] Unused sequential element newC_reg[14] was removed.  [/home/amither/Documents/SDR/fpga/rtl/rs_berlekamp_massey.v:225]
WARNING: [Synth 8-6014] Unused sequential element newC_reg[15] was removed.  [/home/amither/Documents/SDR/fpga/rtl/rs_berlekamp_massey.v:225]
WARNING: [Synth 8-6014] Unused sequential element newC_reg[16] was removed.  [/home/amither/Documents/SDR/fpga/rtl/rs_berlekamp_massey.v:225]
WARNING: [Synth 8-6014] Unused sequential element newC_reg[17] was removed.  [/home/amither/Documents/SDR/fpga/rtl/rs_berlekamp_massey.v:225]
WARNING: [Synth 8-6014] Unused sequential element newC_reg[18] was removed.  [/home/amither/Documents/SDR/fpga/rtl/rs_berlekamp_massey.v:225]
WARNING: [Synth 8-6014] Unused sequential element newC_reg[19] was removed.  [/home/amither/Documents/SDR/fpga/rtl/rs_berlekamp_massey.v:225]
WARNING: [Synth 8-6014] Unused sequential element newC_reg[20] was removed.  [/home/amither/Documents/SDR/fpga/rtl/rs_berlekamp_massey.v:225]
WARNING: [Synth 8-6014] Unused sequential element newC_reg[21] was removed.  [/home/amither/Documents/SDR/fpga/rtl/rs_berlekamp_massey.v:225]
WARNING: [Synth 8-6014] Unused sequential element newC_reg[22] was removed.  [/home/amither/Documents/SDR/fpga/rtl/rs_berlekamp_massey.v:225]
WARNING: [Synth 8-6014] Unused sequential element newC_reg[23] was removed.  [/home/amither/Documents/SDR/fpga/rtl/rs_berlekamp_massey.v:225]
WARNING: [Synth 8-6014] Unused sequential element newC_reg[24] was removed.  [/home/amither/Documents/SDR/fpga/rtl/rs_berlekamp_massey.v:225]
WARNING: [Synth 8-6014] Unused sequential element newC_reg[25] was removed.  [/home/amither/Documents/SDR/fpga/rtl/rs_berlekamp_massey.v:225]
WARNING: [Synth 8-6014] Unused sequential element newC_reg[26] was removed.  [/home/amither/Documents/SDR/fpga/rtl/rs_berlekamp_massey.v:225]
WARNING: [Synth 8-6014] Unused sequential element newC_reg[27] was removed.  [/home/amither/Documents/SDR/fpga/rtl/rs_berlekamp_massey.v:225]
WARNING: [Synth 8-6014] Unused sequential element newC_reg[28] was removed.  [/home/amither/Documents/SDR/fpga/rtl/rs_berlekamp_massey.v:225]
WARNING: [Synth 8-6014] Unused sequential element newC_reg[29] was removed.  [/home/amither/Documents/SDR/fpga/rtl/rs_berlekamp_massey.v:225]
WARNING: [Synth 8-6014] Unused sequential element newC_reg[30] was removed.  [/home/amither/Documents/SDR/fpga/rtl/rs_berlekamp_massey.v:225]
WARNING: [Synth 8-6014] Unused sequential element newC_reg[31] was removed.  [/home/amither/Documents/SDR/fpga/rtl/rs_berlekamp_massey.v:225]
WARNING: [Synth 8-6014] Unused sequential element newC_reg[32] was removed.  [/home/amither/Documents/SDR/fpga/rtl/rs_berlekamp_massey.v:225]
WARNING: [Synth 8-4767] Trying to implement RAM 'synd_reg' in registers. Block RAM or DRAM implementation is not possible; see log for reasons.
Reason is one or more of the following :
	1: RAM has too many ports (16). Maximum supported = 16. 
	2: Unable to determine number of words or word size in RAM. 
	3: No valid read/write found for RAM. 
RAM "synd_reg" dissolved into registers
WARNING: [Synth 8-7129] Port s_axi_awprot[2] in module axi_rs_test_harness_hw is either unconnected or has no load
WARNING: [Synth 8-7129] Port s_axi_awprot[1] in module axi_rs_test_harness_hw is either unconnected or has no load
WARNING: [Synth 8-7129] Port s_axi_awprot[0] in module axi_rs_test_harness_hw is either unconnected or has no load
WARNING: [Synth 8-7129] Port s_axi_wdata[31] in module axi_rs_test_harness_hw is either unconnected or has no load
WARNING: [Synth 8-7129] Port s_axi_wdata[30] in module axi_rs_test_harness_hw is either unconnected or has no load
WARNING: [Synth 8-7129] Port s_axi_wdata[29] in module axi_rs_test_harness_hw is either unconnected or has no load
WARNING: [Synth 8-7129] Port s_axi_wdata[28] in module axi_rs_test_harness_hw is either unconnected or has no load
WARNING: [Synth 8-7129] Port s_axi_wdata[27] in module axi_rs_test_harness_hw is either unconnected or has no load
WARNING: [Synth 8-7129] Port s_axi_wdata[26] in module axi_rs_test_harness_hw is either unconnected or has no load
WARNING: [Synth 8-7129] Port s_axi_wdata[25] in module axi_rs_test_harness_hw is either unconnected or has no load
WARNING: [Synth 8-7129] Port s_axi_wdata[24] in module axi_rs_test_harness_hw is either unconnected or has no load
WARNING: [Synth 8-7129] Port s_axi_wdata[23] in module axi_rs_test_harness_hw is either unconnected or has no load
WARNING: [Synth 8-7129] Port s_axi_wdata[22] in module axi_rs_test_harness_hw is either unconnected or has no load
WARNING: [Synth 8-7129] Port s_axi_wdata[21] in module axi_rs_test_harness_hw is either unconnected or has no load
WARNING: [Synth 8-7129] Port s_axi_wdata[20] in module axi_rs_test_harness_hw is either unconnected or has no load
WARNING: [Synth 8-7129] Port s_axi_wdata[19] in module axi_rs_test_harness_hw is either unconnected or has no load
WARNING: [Synth 8-7129] Port s_axi_wdata[18] in module axi_rs_test_harness_hw is either unconnected or has no load
WARNING: [Synth 8-7129] Port s_axi_wdata[17] in module axi_rs_test_harness_hw is either unconnected or has no load
WARNING: [Synth 8-7129] Port s_axi_wdata[16] in module axi_rs_test_harness_hw is either unconnected or has no load
WARNING: [Synth 8-7129] Port s_axi_wdata[15] in module axi_rs_test_harness_hw is either unconnected or has no load
WARNING: [Synth 8-7129] Port s_axi_wdata[14] in module axi_rs_test_harness_hw is either unconnected or has no load
WARNING: [Synth 8-7129] Port s_axi_wdata[13] in module axi_rs_test_harness_hw is either unconnected or has no load
WARNING: [Synth 8-7129] Port s_axi_wdata[12] in module axi_rs_test_harness_hw is either unconnected or has no load
WARNING: [Synth 8-7129] Port s_axi_wdata[11] in module axi_rs_test_harness_hw is either unconnected or has no load
WARNING: [Synth 8-7129] Port s_axi_wdata[10] in module axi_rs_test_harness_hw is either unconnected or has no load
WARNING: [Synth 8-7129] Port s_axi_wdata[9] in module axi_rs_test_harness_hw is either unconnected or has no load
WARNING: [Synth 8-7129] Port s_axi_wdata[8] in module axi_rs_test_harness_hw is either unconnected or has no load
WARNING: [Synth 8-7129] Port s_axi_wstrb[3] in module axi_rs_test_harness_hw is either unconnected or has no load
WARNING: [Synth 8-7129] Port s_axi_wstrb[2] in module axi_rs_test_harness_hw is either unconnected or has no load
WARNING: [Synth 8-7129] Port s_axi_wstrb[1] in module axi_rs_test_harness_hw is either unconnected or has no load
WARNING: [Synth 8-7129] Port s_axi_wstrb[0] in module axi_rs_test_harness_hw is either unconnected or has no load
WARNING: [Synth 8-7129] Port s_axi_araddr[1] in module axi_rs_test_harness_hw is either unconnected or has no load
WARNING: [Synth 8-7129] Port s_axi_araddr[0] in module axi_rs_test_harness_hw is either unconnected or has no load
WARNING: [Synth 8-7129] Port s_axi_arprot[2] in module axi_rs_test_harness_hw is either unconnected or has no load
WARNING: [Synth 8-7129] Port s_axi_arprot[1] in module axi_rs_test_harness_hw is either unconnected or has no load
WARNING: [Synth 8-7129] Port s_axi_arprot[0] in module axi_rs_test_harness_hw is either unconnected or has no load
---------------------------------------------------------------------------------
Finished Synthesize : Time (s): cpu = 00:00:08 ; elapsed = 00:00:08 . Memory (MB): peak = 2217.148 ; gain = 684.508 ; free physical = 4769 ; free virtual = 50083
---------------------------------------------------------------------------------
---------------------------------------------------------------------------------
Finished Constraint Validation : Time (s): cpu = 00:00:09 ; elapsed = 00:00:09 . Memory (MB): peak = 2229.023 ; gain = 696.383 ; free physical = 4914 ; free virtual = 50226
---------------------------------------------------------------------------------
---------------------------------------------------------------------------------
Start Loading Part and Timing Information
---------------------------------------------------------------------------------
Loading part: xc7z020clg400-2
INFO: [Device 21-403] Loading part xc7z020clg400-2
---------------------------------------------------------------------------------
Finished Loading Part and Timing Information : Time (s): cpu = 00:00:09 ; elapsed = 00:00:09 . Memory (MB): peak = 2229.023 ; gain = 696.383 ; free physical = 4914 ; free virtual = 50226
---------------------------------------------------------------------------------
INFO: [Synth 8-802] inferred FSM for state register 'state_reg' in module 'rs_forney'
---------------------------------------------------------------------------------------------------
                   State |                     New Encoding |                Previous Encoding 
---------------------------------------------------------------------------------------------------
                 ST_COEF |                           010000 |                              000
                 ST_SYND |                           001000 |                              001
                ST_OMEGA |                           100000 |                              010
                ST_READY |                           000010 |                              011
                 ST_EVAL |                           000100 |                              100
               ST_FINISH |                           000001 |                              101
---------------------------------------------------------------------------------------------------
INFO: [Synth 8-3354] encoded FSM with state register 'state_reg' using encoding 'one-hot' in module 'rs_forney'
---------------------------------------------------------------------------------
Finished RTL Optimization Phase 2 : Time (s): cpu = 00:00:15 ; elapsed = 00:00:14 . Memory (MB): peak = 2245.039 ; gain = 712.398 ; free physical = 5028 ; free virtual = 50341
---------------------------------------------------------------------------------
No constraint files found.
---------------------------------------------------------------------------------
Start RTL Component Statistics 
---------------------------------------------------------------------------------
Detailed RTL Component Info : 
+---Adders : 
	   2 Input    8 Bit       Adders := 3     
	   2 Input    6 Bit       Adders := 8     
	   3 Input    6 Bit       Adders := 1     
	   2 Input    5 Bit       Adders := 3     
+---XORs : 
	   2 Input      8 Bit         XORs := 1479  
	   4 Input      8 Bit         XORs := 16    
	   5 Input      8 Bit         XORs := 19    
	   3 Input      8 Bit         XORs := 25    
	   6 Input      8 Bit         XORs := 10    
	   7 Input      8 Bit         XORs := 2     
	  33 Input      8 Bit         XORs := 1     
+---Registers : 
	               32 Bit    Registers := 1     
	                8 Bit    Registers := 313   
	                6 Bit    Registers := 11    
	                5 Bit    Registers := 3     
	                3 Bit    Registers := 2     
	                2 Bit    Registers := 2     
	                1 Bit    Registers := 46    
+---ROMs : 
	                    ROMs := 3     
+---Muxes : 
	   2 Input    8 Bit        Muxes := 1423  
	   6 Input    8 Bit        Muxes := 36    
	   2 Input    6 Bit        Muxes := 4     
	   6 Input    6 Bit        Muxes := 5     
	   2 Input    3 Bit        Muxes := 1     
	   4 Input    3 Bit        Muxes := 1     
	   6 Input    3 Bit        Muxes := 1     
	   5 Input    1 Bit        Muxes := 7     
	   2 Input    1 Bit        Muxes := 232   
	   4 Input    1 Bit        Muxes := 13    
	   6 Input    1 Bit        Muxes := 113   
	   8 Input    1 Bit        Muxes := 2     
---------------------------------------------------------------------------------
Finished RTL Component Statistics 
---------------------------------------------------------------------------------
---------------------------------------------------------------------------------
Start Part Resource Summary
---------------------------------------------------------------------------------
Part Resources:
DSPs: 220 (col length:60)
BRAMs: 280 (col length: RAMB18 60 RAMB36 30)
---------------------------------------------------------------------------------
Finished Part Resource Summary
---------------------------------------------------------------------------------
No constraint files found.
---------------------------------------------------------------------------------
Start Cross Boundary and Area Optimization
---------------------------------------------------------------------------------
WARNING: [Synth 8-7080] Parallel synthesis criteria is not met
WARNING: [Synth 8-7129] Port s_axi_awprot[2] in module axi_rs_test_harness_hw is either unconnected or has no load
WARNING: [Synth 8-7129] Port s_axi_awprot[1] in module axi_rs_test_harness_hw is either unconnected or has no load
WARNING: [Synth 8-7129] Port s_axi_awprot[0] in module axi_rs_test_harness_hw is either unconnected or has no load
WARNING: [Synth 8-7129] Port s_axi_wdata[31] in module axi_rs_test_harness_hw is either unconnected or has no load
WARNING: [Synth 8-7129] Port s_axi_wdata[30] in module axi_rs_test_harness_hw is either unconnected or has no load
WARNING: [Synth 8-7129] Port s_axi_wdata[29] in module axi_rs_test_harness_hw is either unconnected or has no load
WARNING: [Synth 8-7129] Port s_axi_wdata[28] in module axi_rs_test_harness_hw is either unconnected or has no load
WARNING: [Synth 8-7129] Port s_axi_wdata[27] in module axi_rs_test_harness_hw is either unconnected or has no load
WARNING: [Synth 8-7129] Port s_axi_wdata[26] in module axi_rs_test_harness_hw is either unconnected or has no load
WARNING: [Synth 8-7129] Port s_axi_wdata[25] in module axi_rs_test_harness_hw is either unconnected or has no load
WARNING: [Synth 8-7129] Port s_axi_wdata[24] in module axi_rs_test_harness_hw is either unconnected or has no load
WARNING: [Synth 8-7129] Port s_axi_wdata[23] in module axi_rs_test_harness_hw is either unconnected or has no load
WARNING: [Synth 8-7129] Port s_axi_wdata[22] in module axi_rs_test_harness_hw is either unconnected or has no load
WARNING: [Synth 8-7129] Port s_axi_wdata[21] in module axi_rs_test_harness_hw is either unconnected or has no load
WARNING: [Synth 8-7129] Port s_axi_wdata[20] in module axi_rs_test_harness_hw is either unconnected or has no load
WARNING: [Synth 8-7129] Port s_axi_wdata[19] in module axi_rs_test_harness_hw is either unconnected or has no load
WARNING: [Synth 8-7129] Port s_axi_wdata[18] in module axi_rs_test_harness_hw is either unconnected or has no load
WARNING: [Synth 8-7129] Port s_axi_wdata[17] in module axi_rs_test_harness_hw is either unconnected or has no load
WARNING: [Synth 8-7129] Port s_axi_wdata[16] in module axi_rs_test_harness_hw is either unconnected or has no load
WARNING: [Synth 8-7129] Port s_axi_wdata[15] in module axi_rs_test_harness_hw is either unconnected or has no load
WARNING: [Synth 8-7129] Port s_axi_wdata[14] in module axi_rs_test_harness_hw is either unconnected or has no load
WARNING: [Synth 8-7129] Port s_axi_wdata[13] in module axi_rs_test_harness_hw is either unconnected or has no load
WARNING: [Synth 8-7129] Port s_axi_wdata[12] in module axi_rs_test_harness_hw is either unconnected or has no load
WARNING: [Synth 8-7129] Port s_axi_wdata[11] in module axi_rs_test_harness_hw is either unconnected or has no load
WARNING: [Synth 8-7129] Port s_axi_wdata[10] in module axi_rs_test_harness_hw is either unconnected or has no load
WARNING: [Synth 8-7129] Port s_axi_wdata[9] in module axi_rs_test_harness_hw is either unconnected or has no load
WARNING: [Synth 8-7129] Port s_axi_wdata[8] in module axi_rs_test_harness_hw is either unconnected or has no load
WARNING: [Synth 8-7129] Port s_axi_wstrb[3] in module axi_rs_test_harness_hw is either unconnected or has no load
WARNING: [Synth 8-7129] Port s_axi_wstrb[2] in module axi_rs_test_harness_hw is either unconnected or has no load
WARNING: [Synth 8-7129] Port s_axi_wstrb[1] in module axi_rs_test_harness_hw is either unconnected or has no load
WARNING: [Synth 8-7129] Port s_axi_wstrb[0] in module axi_rs_test_harness_hw is either unconnected or has no load
WARNING: [Synth 8-7129] Port s_axi_araddr[1] in module axi_rs_test_harness_hw is either unconnected or has no load
WARNING: [Synth 8-7129] Port s_axi_araddr[0] in module axi_rs_test_harness_hw is either unconnected or has no load
WARNING: [Synth 8-7129] Port s_axi_arprot[2] in module axi_rs_test_harness_hw is either unconnected or has no load
WARNING: [Synth 8-7129] Port s_axi_arprot[1] in module axi_rs_test_harness_hw is either unconnected or has no load
WARNING: [Synth 8-7129] Port s_axi_arprot[0] in module axi_rs_test_harness_hw is either unconnected or has no load
---------------------------------------------------------------------------------
Finished Cross Boundary and Area Optimization : Time (s): cpu = 00:01:10 ; elapsed = 00:01:10 . Memory (MB): peak = 2993.016 ; gain = 1460.375 ; free physical = 4361 ; free virtual = 49655
---------------------------------------------------------------------------------
---------------------------------------------------------------------------------
Start ROM, RAM, DSP, Shift Register and Retiming Reporting
---------------------------------------------------------------------------------

ROM: Preliminary Mapping Report
+--------------------+---------------+---------------+----------------+
|Module Name         | RTL Object    | Depth x Width | Implemented As | 
+--------------------+---------------+---------------+----------------+
|rs_berlekamp_massey | ginv          | 256x8         | LUT            | 
|rs_berlekamp_massey | p_0_out       | 256x8         | LUT            | 
|rs_forney           | x_inv_reg     | 256x8         | Block RAM      | 
|rs_forney           | r_cp_reg_rep  | 256x8         | Block RAM      | 
|rs_forney           | req_j_reg_rep | 256x8         | Block RAM      | 
+--------------------+---------------+---------------+----------------+

---------------------------------------------------------------------------------
Finished ROM, RAM, DSP, Shift Register and Retiming Reporting
---------------------------------------------------------------------------------
No constraint files found.
---------------------------------------------------------------------------------
Start Timing Optimization
---------------------------------------------------------------------------------
---------------------------------------------------------------------------------
Finished Timing Optimization : Time (s): cpu = 00:01:10 ; elapsed = 00:01:10 . Memory (MB): peak = 2993.016 ; gain = 1460.375 ; free physical = 4361 ; free virtual = 49655
---------------------------------------------------------------------------------
---------------------------------------------------------------------------------
Start Technology Mapping
---------------------------------------------------------------------------------
INFO: [Synth 8-7052] The timing for the instance u_forney/x_inv_reg (implemented as a Block RAM) might be sub-optimal as no optional output register could be merged into the ram block. Providing additional output register may help in improving timing.
INFO: [Synth 8-7052] The timing for the instance u_forney/x_inv_reg (implemented as a Block RAM) might be sub-optimal as no optional output register could be merged into the ram block. Providing additional output register may help in improving timing.
INFO: [Synth 8-7052] The timing for the instance u_forney/r_cp_reg_rep (implemented as a Block RAM) might be sub-optimal as no optional output register could be merged into the ram block. Providing additional output register may help in improving timing.
---------------------------------------------------------------------------------
Finished Technology Mapping : Time (s): cpu = 00:01:12 ; elapsed = 00:01:12 . Memory (MB): peak = 2993.016 ; gain = 1460.375 ; free physical = 4324 ; free virtual = 49622
---------------------------------------------------------------------------------
---------------------------------------------------------------------------------
Start IO Insertion
---------------------------------------------------------------------------------
---------------------------------------------------------------------------------
Start Flattening Before IO Insertion
---------------------------------------------------------------------------------
---------------------------------------------------------------------------------
Finished Flattening Before IO Insertion
---------------------------------------------------------------------------------
---------------------------------------------------------------------------------
Start Final Netlist Cleanup
---------------------------------------------------------------------------------
---------------------------------------------------------------------------------
Finished Final Netlist Cleanup
---------------------------------------------------------------------------------
---------------------------------------------------------------------------------
Finished IO Insertion : Time (s): cpu = 00:01:16 ; elapsed = 00:01:15 . Memory (MB): peak = 2993.016 ; gain = 1460.375 ; free physical = 4372 ; free virtual = 49678
---------------------------------------------------------------------------------
---------------------------------------------------------------------------------
Start Renaming Generated Instances
---------------------------------------------------------------------------------
---------------------------------------------------------------------------------
Finished Renaming Generated Instances : Time (s): cpu = 00:01:16 ; elapsed = 00:01:15 . Memory (MB): peak = 2993.016 ; gain = 1460.375 ; free physical = 4372 ; free virtual = 49678
---------------------------------------------------------------------------------
---------------------------------------------------------------------------------
Start Rebuilding User Hierarchy
---------------------------------------------------------------------------------
---------------------------------------------------------------------------------
Finished Rebuilding User Hierarchy : Time (s): cpu = 00:01:16 ; elapsed = 00:01:15 . Memory (MB): peak = 2993.016 ; gain = 1460.375 ; free physical = 4372 ; free virtual = 49678
---------------------------------------------------------------------------------
---------------------------------------------------------------------------------
Start Renaming Generated Ports
---------------------------------------------------------------------------------
---------------------------------------------------------------------------------
Finished Renaming Generated Ports : Time (s): cpu = 00:01:16 ; elapsed = 00:01:15 . Memory (MB): peak = 2993.016 ; gain = 1460.375 ; free physical = 4372 ; free virtual = 49678
---------------------------------------------------------------------------------
---------------------------------------------------------------------------------
Start Handling Custom Attributes
---------------------------------------------------------------------------------
---------------------------------------------------------------------------------
Finished Handling Custom Attributes : Time (s): cpu = 00:01:16 ; elapsed = 00:01:16 . Memory (MB): peak = 2993.016 ; gain = 1460.375 ; free physical = 4378 ; free virtual = 49685
---------------------------------------------------------------------------------
---------------------------------------------------------------------------------
Start Renaming Generated Nets
---------------------------------------------------------------------------------
---------------------------------------------------------------------------------
Finished Renaming Generated Nets : Time (s): cpu = 00:01:16 ; elapsed = 00:01:16 . Memory (MB): peak = 2993.016 ; gain = 1460.375 ; free physical = 4377 ; free virtual = 49684
---------------------------------------------------------------------------------
---------------------------------------------------------------------------------
Start Writing Synthesis Report
---------------------------------------------------------------------------------

Report BlackBoxes: 
+-+--------------+----------+
| |BlackBox name |Instances |
+-+--------------+----------+
+-+--------------+----------+

Report Cell Usage: 
+------+---------+------+
|      |Cell     |Count |
+------+---------+------+
|1     |CARRY4   |     2|
|2     |LUT1     |    27|
|3     |LUT2     |   300|
|4     |LUT3     |  1082|
|5     |LUT4     |  1469|
|6     |LUT5     |  1620|
|7     |LUT6     |  5025|
|8     |MUXF7    |   125|
|9     |MUXF8    |    29|
|10    |RAMB18E1 |     2|
|11    |FDRE     |  2655|
|12    |FDSE     |    16|
+------+---------+------+

Report Instance Areas: 
+------+-----------+--------------------+------+
|      |Instance   |Module              |Cells |
+------+-----------+--------------------+------+
|1     |top        |                    | 12352|
|2     |  u_bm     |rs_berlekamp_massey |  5958|
|3     |  u_chien  |rs_chien_search     |   955|
|4     |  u_enc    |rs_encoder          |   730|
|5     |  u_forney |rs_forney           |  3843|
|6     |  u_synd   |rs_syndrome         |   775|
+------+-----------+--------------------+------+
---------------------------------------------------------------------------------
Finished Writing Synthesis Report : Time (s): cpu = 00:01:16 ; elapsed = 00:01:16 . Memory (MB): peak = 2993.016 ; gain = 1460.375 ; free physical = 4377 ; free virtual = 49684
---------------------------------------------------------------------------------
Synthesis finished with 0 errors, 0 critical warnings and 108 warnings.
Synthesis Optimization Runtime : Time (s): cpu = 00:01:16 ; elapsed = 00:01:16 . Memory (MB): peak = 2993.016 ; gain = 1460.375 ; free physical = 4377 ; free virtual = 49684
Synthesis Optimization Complete : Time (s): cpu = 00:01:16 ; elapsed = 00:01:16 . Memory (MB): peak = 2993.023 ; gain = 1460.375 ; free physical = 4377 ; free virtual = 49684
INFO: [Project 1-571] Translating synthesized netlist
Netlist sorting complete. Time (s): cpu = 00:00:00.04 ; elapsed = 00:00:00.04 . Memory (MB): peak = 2993.023 ; gain = 0.000 ; free physical = 4530 ; free virtual = 49837
INFO: [Netlist 29-17] Analyzing 158 Unisim elements for replacement
INFO: [Netlist 29-28] Unisim Transformation completed in 0 CPU seconds
INFO: [Project 1-570] Preparing netlist for logic optimization
INFO: [Opt 31-138] Pushed 0 inverter(s) to 0 load pin(s).
Netlist sorting complete. Time (s): cpu = 00:00:00 ; elapsed = 00:00:00 . Memory (MB): peak = 3033.035 ; gain = 0.000 ; free physical = 4541 ; free virtual = 49847
INFO: [Project 1-111] Unisim Transformation Summary:
No Unisim elements were transformed.

Synth Design complete | Checksum: d191c7f1
INFO: [Common 17-83] Releasing license: Synthesis
31 Infos, 108 Warnings, 0 Critical Warnings and 0 Errors encountered.
synth_design completed successfully
synth_design: Time (s): cpu = 00:01:22 ; elapsed = 00:01:19 . Memory (MB): peak = 3033.070 ; gain = 1500.430 ; free physical = 4540 ; free virtual = 49847
INFO: [Common 17-2834] synth_design peak Physical Memory [PSS] (MB): overall = 2666.758; main = 2515.447; forked = 335.359
INFO: [Common 17-2834] synth_design peak Virtual Memory [VSS] (MB): overall = 3949.223; main = 3033.039; forked = 956.203
# create_clock -name clk -period 10.000 [get_ports s_axi_aclk]
# report_utilization -file [file join [file dirname [info script]] axi_rs_harness_hw_v4_utilization.rpt]
# report_timing_summary -file [file join [file dirname [info script]] axi_rs_harness_hw_v4_timing.rpt]
INFO: [Timing 38-35] Done setting XDC timing constraints.
INFO: [Timing 38-91] UpdateTimingParams: Speed grade: -2, Delay Type: min_max.
INFO: [Timing 38-191] Multithreading enabled for timing update using a maximum of 8 CPUs
WARNING: [Timing 38-242] The property HD.CLK_SRC of clock port "s_axi_aclk" is not set. In out-of-context mode, this prevents timing estimation for clock delay/skew
Resolution: Set the HD.CLK_SRC property of the out-of-context port to the location of the clock buffer instance in the top-level design
report_timing_summary: Time (s): cpu = 00:00:07 ; elapsed = 00:00:06 . Memory (MB): peak = 3097.066 ; gain = 63.996 ; free physical = 4591 ; free virtual = 49897
# close_design
INFO: [Common 17-206] Exiting Vivado at Thu Oct  1 23:02:25 2026...
