
****** Vivado v2025.1 (64-bit)
  **** SW Build 6140274 on Wed May 21 22:58:25 MDT 2025
  **** IP Build 6138677 on Thu May 22 03:10:11 MDT 2025
  **** SharedData Build 6139179 on Tue May 20 17:58:58 MDT 2025
  **** Start of session at: Wed Sep 30 19:20:16 2026
    ** Copyright 1986-2022 Xilinx, Inc. All Rights Reserved.
    ** Copyright 2022-2025 Advanced Micro Devices, Inc. All Rights Reserved.

source qam16_ooc_synth.tcl
# read_verilog [glob [file join [file dirname [info script]] .. fpga rtl qam16_*.v]]
# synth_design -top qam16_mapper -part xc7z020clg400-2 -mode out_of_context
Command: synth_design -top qam16_mapper -part xc7z020clg400-2 -mode out_of_context
Starting synth_design
Attempting to get a license for feature 'Synthesis' and/or device 'xc7z020'
INFO: [Common 17-349] Got license for feature 'Synthesis' and/or device 'xc7z020'
INFO: [Synth 8-7079] Multithreading enabled for synth_design using a maximum of 7 processes.
INFO: [Synth 8-7078] Launching helper process for spawning children vivado processes
INFO: [Synth 8-7075] Helper process launched with PID 3607648
---------------------------------------------------------------------------------
Starting Synthesize : Time (s): cpu = 00:00:03 ; elapsed = 00:00:03 . Memory (MB): peak = 1950.215 ; gain = 414.570 ; free physical = 8451 ; free virtual = 53288
---------------------------------------------------------------------------------
INFO: [Synth 8-6157] synthesizing module 'qam16_mapper' [/home/amither/Documents/SDR/fpga/rtl/qam16_mapper.v:7]
INFO: [Synth 8-6155] done synthesizing module 'qam16_mapper' (0#1) [/home/amither/Documents/SDR/fpga/rtl/qam16_mapper.v:7]
---------------------------------------------------------------------------------
Finished Synthesize : Time (s): cpu = 00:00:04 ; elapsed = 00:00:04 . Memory (MB): peak = 2023.152 ; gain = 487.508 ; free physical = 8384 ; free virtual = 53221
---------------------------------------------------------------------------------
---------------------------------------------------------------------------------
Finished Constraint Validation : Time (s): cpu = 00:00:05 ; elapsed = 00:00:05 . Memory (MB): peak = 2040.965 ; gain = 505.320 ; free physical = 8394 ; free virtual = 53231
---------------------------------------------------------------------------------
---------------------------------------------------------------------------------
Start Loading Part and Timing Information
---------------------------------------------------------------------------------
Loading part: xc7z020clg400-2
INFO: [Device 21-403] Loading part xc7z020clg400-2
---------------------------------------------------------------------------------
Finished Loading Part and Timing Information : Time (s): cpu = 00:00:05 ; elapsed = 00:00:05 . Memory (MB): peak = 2040.965 ; gain = 505.320 ; free physical = 8394 ; free virtual = 53231
---------------------------------------------------------------------------------
---------------------------------------------------------------------------------
Finished RTL Optimization Phase 2 : Time (s): cpu = 00:00:05 ; elapsed = 00:00:05 . Memory (MB): peak = 2049.871 ; gain = 514.227 ; free physical = 8386 ; free virtual = 53224
---------------------------------------------------------------------------------
No constraint files found.
---------------------------------------------------------------------------------
Start RTL Component Statistics 
---------------------------------------------------------------------------------
Detailed RTL Component Info : 
+---XORs : 
	   2 Input      1 Bit         XORs := 2     
+---Registers : 
	               14 Bit    Registers := 2     
	                1 Bit    Registers := 1     
+---Muxes : 
	   4 Input   14 Bit        Muxes := 2     
---------------------------------------------------------------------------------
Finished RTL Component Statistics 
---------------------------------------------------------------------------------
---------------------------------------------------------------------------------
Start Part Resource Summary
---------------------------------------------------------------------------------
Part Resources:
DSPs: 220 (col length:60)
BRAMs: 280 (col length: RAMB18 60 RAMB36 30)
---------------------------------------------------------------------------------
Finished Part Resource Summary
---------------------------------------------------------------------------------
No constraint files found.
---------------------------------------------------------------------------------
Start Cross Boundary and Area Optimization
---------------------------------------------------------------------------------
WARNING: [Synth 8-7080] Parallel synthesis criteria is not met
---------------------------------------------------------------------------------
Finished Cross Boundary and Area Optimization : Time (s): cpu = 00:00:08 ; elapsed = 00:00:08 . Memory (MB): peak = 2186.684 ; gain = 651.039 ; free physical = 8053 ; free virtual = 52891
---------------------------------------------------------------------------------
No constraint files found.
---------------------------------------------------------------------------------
Start Timing Optimization
---------------------------------------------------------------------------------
---------------------------------------------------------------------------------
Finished Timing Optimization : Time (s): cpu = 00:00:08 ; elapsed = 00:00:08 . Memory (MB): peak = 2201.559 ; gain = 665.914 ; free physical = 8045 ; free virtual = 52883
---------------------------------------------------------------------------------
---------------------------------------------------------------------------------
Start Technology Mapping
---------------------------------------------------------------------------------
---------------------------------------------------------------------------------
Finished Technology Mapping : Time (s): cpu = 00:00:08 ; elapsed = 00:00:08 . Memory (MB): peak = 2201.559 ; gain = 665.914 ; free physical = 8037 ; free virtual = 52875
---------------------------------------------------------------------------------
---------------------------------------------------------------------------------
Start IO Insertion
---------------------------------------------------------------------------------
---------------------------------------------------------------------------------
Start Flattening Before IO Insertion
---------------------------------------------------------------------------------
---------------------------------------------------------------------------------
Finished Flattening Before IO Insertion
---------------------------------------------------------------------------------
---------------------------------------------------------------------------------
Start Final Netlist Cleanup
---------------------------------------------------------------------------------
---------------------------------------------------------------------------------
Finished Final Netlist Cleanup
---------------------------------------------------------------------------------
---------------------------------------------------------------------------------
Finished IO Insertion : Time (s): cpu = 00:00:11 ; elapsed = 00:00:11 . Memory (MB): peak = 2373.371 ; gain = 837.727 ; free physical = 7925 ; free virtual = 52763
---------------------------------------------------------------------------------
---------------------------------------------------------------------------------
Start Renaming Generated Instances
---------------------------------------------------------------------------------
---------------------------------------------------------------------------------
Finished Renaming Generated Instances : Time (s): cpu = 00:00:11 ; elapsed = 00:00:11 . Memory (MB): peak = 2373.371 ; gain = 837.727 ; free physical = 7925 ; free virtual = 52763
---------------------------------------------------------------------------------
---------------------------------------------------------------------------------
Start Rebuilding User Hierarchy
---------------------------------------------------------------------------------
---------------------------------------------------------------------------------
Finished Rebuilding User Hierarchy : Time (s): cpu = 00:00:11 ; elapsed = 00:00:11 . Memory (MB): peak = 2373.371 ; gain = 837.727 ; free physical = 7925 ; free virtual = 52763
---------------------------------------------------------------------------------
---------------------------------------------------------------------------------
Start Renaming Generated Ports
---------------------------------------------------------------------------------
---------------------------------------------------------------------------------
Finished Renaming Generated Ports : Time (s): cpu = 00:00:11 ; elapsed = 00:00:11 . Memory (MB): peak = 2373.371 ; gain = 837.727 ; free physical = 7925 ; free virtual = 52763
---------------------------------------------------------------------------------
---------------------------------------------------------------------------------
Start Handling Custom Attributes
---------------------------------------------------------------------------------
---------------------------------------------------------------------------------
Finished Handling Custom Attributes : Time (s): cpu = 00:00:11 ; elapsed = 00:00:11 . Memory (MB): peak = 2373.371 ; gain = 837.727 ; free physical = 7925 ; free virtual = 52763
---------------------------------------------------------------------------------
---------------------------------------------------------------------------------
Start Renaming Generated Nets
---------------------------------------------------------------------------------
---------------------------------------------------------------------------------
Finished Renaming Generated Nets : Time (s): cpu = 00:00:11 ; elapsed = 00:00:11 . Memory (MB): peak = 2373.371 ; gain = 837.727 ; free physical = 7925 ; free virtual = 52763
---------------------------------------------------------------------------------
---------------------------------------------------------------------------------
Start Writing Synthesis Report
---------------------------------------------------------------------------------

Report BlackBoxes: 
+-+--------------+----------+
| |BlackBox name |Instances |
+-+--------------+----------+
+-+--------------+----------+

Report Cell Usage: 
+------+-----+------+
|      |Cell |Count |
+------+-----+------+
|1     |LUT1 |     3|
|2     |LUT2 |     5|
|3     |LUT3 |     1|
|4     |LUT4 |     1|
|5     |FDRE |    10|
+------+-----+------+

Report Instance Areas: 
+------+---------+-------+------+
|      |Instance |Module |Cells |
+------+---------+-------+------+
|1     |top      |       |    20|
+------+---------+-------+------+
---------------------------------------------------------------------------------
Finished Writing Synthesis Report : Time (s): cpu = 00:00:11 ; elapsed = 00:00:11 . Memory (MB): peak = 2373.371 ; gain = 837.727 ; free physical = 7925 ; free virtual = 52763
---------------------------------------------------------------------------------
Synthesis finished with 0 errors, 0 critical warnings and 1 warnings.
Synthesis Optimization Runtime : Time (s): cpu = 00:00:11 ; elapsed = 00:00:11 . Memory (MB): peak = 2373.371 ; gain = 837.727 ; free physical = 7916 ; free virtual = 52754
Synthesis Optimization Complete : Time (s): cpu = 00:00:11 ; elapsed = 00:00:11 . Memory (MB): peak = 2373.379 ; gain = 837.727 ; free physical = 7916 ; free virtual = 52754
INFO: [Project 1-571] Translating synthesized netlist
Netlist sorting complete. Time (s): cpu = 00:00:00 ; elapsed = 00:00:00 . Memory (MB): peak = 2387.246 ; gain = 0.000 ; free physical = 8071 ; free virtual = 52909
INFO: [Project 1-570] Preparing netlist for logic optimization
INFO: [Opt 31-138] Pushed 0 inverter(s) to 0 load pin(s).
Netlist sorting complete. Time (s): cpu = 00:00:00 ; elapsed = 00:00:00 . Memory (MB): peak = 2500.047 ; gain = 0.000 ; free physical = 8019 ; free virtual = 52857
INFO: [Project 1-111] Unisim Transformation Summary:
No Unisim elements were transformed.

Synth Design complete | Checksum: bc3543ab
INFO: [Common 17-83] Releasing license: Synthesis
12 Infos, 1 Warnings, 0 Critical Warnings and 0 Errors encountered.
synth_design completed successfully
synth_design: Time (s): cpu = 00:00:15 ; elapsed = 00:00:14 . Memory (MB): peak = 2501.082 ; gain = 965.438 ; free physical = 8019 ; free virtual = 52857
INFO: [Common 17-2834] synth_design peak Physical Memory [PSS] (MB): overall = 1978.844; main = 1975.139; forked = 335.177
INFO: [Common 17-2834] synth_design peak Virtual Memory [VSS] (MB): overall = 3261.762; main = 2501.051; forked = 956.199
# create_clock -name clk -period 5.000 [get_ports clk]
# report_utilization -file [file join [file dirname [info script]] qam16_mapper_utilization.rpt]
# report_timing_summary -file [file join [file dirname [info script]] qam16_mapper_timing.rpt]
INFO: [Timing 38-35] Done setting XDC timing constraints.
INFO: [Timing 38-91] UpdateTimingParams: Speed grade: -2, Delay Type: min_max.
INFO: [Timing 38-191] Multithreading enabled for timing update using a maximum of 8 CPUs
WARNING: [Timing 38-242] The property HD.CLK_SRC of clock port "clk" is not set. In out-of-context mode, this prevents timing estimation for clock delay/skew
Resolution: Set the HD.CLK_SRC property of the out-of-context port to the location of the clock buffer instance in the top-level design
# close_design
# read_verilog [glob [file join [file dirname [info script]] .. fpga rtl qam16_*.v]]
WARNING: [filemgmt 56-12] File '/home/amither/Documents/SDR/fpga/rtl/qam16_mapper.v' cannot be added to the project because it already exists in the project, skipping this file
WARNING: [filemgmt 56-12] File '/home/amither/Documents/SDR/fpga/rtl/qam16_demapper.v' cannot be added to the project because it already exists in the project, skipping this file
# synth_design -top qam16_demapper -part xc7z020clg400-2 -mode out_of_context
Command: synth_design -top qam16_demapper -part xc7z020clg400-2 -mode out_of_context
Starting synth_design
Attempting to get a license for feature 'Synthesis' and/or device 'xc7z020'
INFO: [Common 17-349] Got license for feature 'Synthesis' and/or device 'xc7z020'
INFO: [Synth 8-7079] Multithreading enabled for synth_design using a maximum of 7 processes.
---------------------------------------------------------------------------------
Starting Synthesize : Time (s): cpu = 00:00:03 ; elapsed = 00:00:03 . Memory (MB): peak = 2811.070 ; gain = 8.039 ; free physical = 7725 ; free virtual = 52563
---------------------------------------------------------------------------------
INFO: [Synth 8-6157] synthesizing module 'qam16_demapper' [/home/amither/Documents/SDR/fpga/rtl/qam16_demapper.v:5]
INFO: [Synth 8-6155] done synthesizing module 'qam16_demapper' (0#1) [/home/amither/Documents/SDR/fpga/rtl/qam16_demapper.v:5]
---------------------------------------------------------------------------------
Finished Synthesize : Time (s): cpu = 00:00:04 ; elapsed = 00:00:04 . Memory (MB): peak = 2811.070 ; gain = 8.039 ; free physical = 7685 ; free virtual = 52523
---------------------------------------------------------------------------------
---------------------------------------------------------------------------------
Finished Constraint Validation : Time (s): cpu = 00:00:04 ; elapsed = 00:00:04 . Memory (MB): peak = 2811.070 ; gain = 8.039 ; free physical = 7681 ; free virtual = 52519
---------------------------------------------------------------------------------
---------------------------------------------------------------------------------
Start Loading Part and Timing Information
---------------------------------------------------------------------------------
Loading part: xc7z020clg400-2
---------------------------------------------------------------------------------
Finished Loading Part and Timing Information : Time (s): cpu = 00:00:04 ; elapsed = 00:00:04 . Memory (MB): peak = 2811.070 ; gain = 8.039 ; free physical = 7681 ; free virtual = 52519
---------------------------------------------------------------------------------
---------------------------------------------------------------------------------
Finished RTL Optimization Phase 2 : Time (s): cpu = 00:00:04 ; elapsed = 00:00:04 . Memory (MB): peak = 2811.070 ; gain = 8.039 ; free physical = 7680 ; free virtual = 52518
---------------------------------------------------------------------------------
No constraint files found.
---------------------------------------------------------------------------------
Start RTL Component Statistics 
---------------------------------------------------------------------------------
Detailed RTL Component Info : 
+---Adders : 
	   3 Input   17 Bit       Adders := 2     
+---XORs : 
	   2 Input      2 Bit         XORs := 2     
+---Registers : 
	               32 Bit    Registers := 1     
	                4 Bit    Registers := 1     
	                1 Bit    Registers := 2     
+---Muxes : 
	   4 Input   14 Bit        Muxes := 2     
	   3 Input    2 Bit        Muxes := 2     
---------------------------------------------------------------------------------
Finished RTL Component Statistics 
---------------------------------------------------------------------------------
---------------------------------------------------------------------------------
Start Part Resource Summary
---------------------------------------------------------------------------------
Part Resources:
DSPs: 220 (col length:60)
BRAMs: 280 (col length: RAMB18 60 RAMB36 30)
---------------------------------------------------------------------------------
Finished Part Resource Summary
---------------------------------------------------------------------------------
No constraint files found.
---------------------------------------------------------------------------------
Start Cross Boundary and Area Optimization
---------------------------------------------------------------------------------
WARNING: [Synth 8-7080] Parallel synthesis criteria is not met
DSP Report: Generating DSP ei, operation Mode is: A*B.
DSP Report: operator ei is absorbed into DSP ei.
DSP Report: Generating DSP m_error_reg, operation Mode is: (C+A*B)'.
DSP Report: register m_error_reg is absorbed into DSP m_error_reg.
DSP Report: operator m_error0 is absorbed into DSP m_error_reg.
DSP Report: operator eq is absorbed into DSP m_error_reg.
---------------------------------------------------------------------------------
Finished Cross Boundary and Area Optimization : Time (s): cpu = 00:00:05 ; elapsed = 00:00:05 . Memory (MB): peak = 2811.070 ; gain = 8.039 ; free physical = 7680 ; free virtual = 52518
---------------------------------------------------------------------------------
 Sort Area is  m_error_reg_2 : 0 0 : 2391 2391 : Used 1 time 0
 Sort Area is  ei_0 : 0 0 : 2264 2264 : Used 1 time 0
---------------------------------------------------------------------------------
Start ROM, RAM, DSP, Shift Register and Retiming Reporting
---------------------------------------------------------------------------------

DSP: Preliminary Mapping Report (see note below. The ' indicates corresponding REG is set)
+---------------+-------------+--------+--------+--------+--------+--------+------+------+------+------+-------+------+------+
|Module Name    | DSP Mapping | A Size | B Size | C Size | D Size | P Size | AREG | BREG | CREG | DREG | ADREG | MREG | PREG | 
+---------------+-------------+--------+--------+--------+--------+--------+------+------+------+------+-------+------+------+
|qam16_demapper | A*B         | 17     | 17     | -      | -      | 34     | 0    | 0    | -    | -    | -     | 0    | 0    | 
|qam16_demapper | (C+A*B)'    | 17     | 17     | 32     | -      | 32     | 0    | 0    | 0    | -    | -     | 0    | 1    | 
+---------------+-------------+--------+--------+--------+--------+--------+------+------+------+------+-------+------+------+

Note: The table above is a preliminary report that shows the DSPs inferred at the current stage of the synthesis flow. Some DSP may be reimplemented as non DSP primitives later in the synthesis flow. Multiple instantiated DSPs are reported only once.
---------------------------------------------------------------------------------
Finished ROM, RAM, DSP, Shift Register and Retiming Reporting
---------------------------------------------------------------------------------
No constraint files found.
---------------------------------------------------------------------------------
Start Timing Optimization
---------------------------------------------------------------------------------
---------------------------------------------------------------------------------
Finished Timing Optimization : Time (s): cpu = 00:00:05 ; elapsed = 00:00:05 . Memory (MB): peak = 2811.070 ; gain = 8.039 ; free physical = 7680 ; free virtual = 52519
---------------------------------------------------------------------------------
---------------------------------------------------------------------------------
Start Technology Mapping
---------------------------------------------------------------------------------
---------------------------------------------------------------------------------
Finished Technology Mapping : Time (s): cpu = 00:00:05 ; elapsed = 00:00:05 . Memory (MB): peak = 2811.070 ; gain = 8.039 ; free physical = 7680 ; free virtual = 52519
---------------------------------------------------------------------------------
---------------------------------------------------------------------------------
Start IO Insertion
---------------------------------------------------------------------------------
---------------------------------------------------------------------------------
Start Flattening Before IO Insertion
---------------------------------------------------------------------------------
---------------------------------------------------------------------------------
Finished Flattening Before IO Insertion
---------------------------------------------------------------------------------
---------------------------------------------------------------------------------
Start Final Netlist Cleanup
---------------------------------------------------------------------------------
---------------------------------------------------------------------------------
Finished Final Netlist Cleanup
---------------------------------------------------------------------------------
---------------------------------------------------------------------------------
Finished IO Insertion : Time (s): cpu = 00:00:07 ; elapsed = 00:00:07 . Memory (MB): peak = 2811.070 ; gain = 8.039 ; free physical = 7739 ; free virtual = 52578
---------------------------------------------------------------------------------
---------------------------------------------------------------------------------
Start Renaming Generated Instances
---------------------------------------------------------------------------------
---------------------------------------------------------------------------------
Finished Renaming Generated Instances : Time (s): cpu = 00:00:07 ; elapsed = 00:00:07 . Memory (MB): peak = 2811.070 ; gain = 8.039 ; free physical = 7739 ; free virtual = 52578
---------------------------------------------------------------------------------
---------------------------------------------------------------------------------
Start Rebuilding User Hierarchy
---------------------------------------------------------------------------------
---------------------------------------------------------------------------------
Finished Rebuilding User Hierarchy : Time (s): cpu = 00:00:07 ; elapsed = 00:00:07 . Memory (MB): peak = 2811.070 ; gain = 8.039 ; free physical = 7739 ; free virtual = 52578
---------------------------------------------------------------------------------
---------------------------------------------------------------------------------
Start Renaming Generated Ports
---------------------------------------------------------------------------------
---------------------------------------------------------------------------------
Finished Renaming Generated Ports : Time (s): cpu = 00:00:07 ; elapsed = 00:00:07 . Memory (MB): peak = 2811.070 ; gain = 8.039 ; free physical = 7739 ; free virtual = 52578
---------------------------------------------------------------------------------
---------------------------------------------------------------------------------
Start Handling Custom Attributes
---------------------------------------------------------------------------------
---------------------------------------------------------------------------------
Finished Handling Custom Attributes : Time (s): cpu = 00:00:07 ; elapsed = 00:00:07 . Memory (MB): peak = 2811.070 ; gain = 8.039 ; free physical = 7739 ; free virtual = 52578
---------------------------------------------------------------------------------
---------------------------------------------------------------------------------
Start Renaming Generated Nets
---------------------------------------------------------------------------------
---------------------------------------------------------------------------------
Finished Renaming Generated Nets : Time (s): cpu = 00:00:07 ; elapsed = 00:00:07 . Memory (MB): peak = 2811.070 ; gain = 8.039 ; free physical = 7739 ; free virtual = 52578
---------------------------------------------------------------------------------
---------------------------------------------------------------------------------
Start Writing Synthesis Report
---------------------------------------------------------------------------------

DSP Final Report (the ' indicates corresponding REG is set)
+---------------+-------------+--------+--------+--------+--------+--------+------+------+------+------+-------+------+------+
|Module Name    | DSP Mapping | A Size | B Size | C Size | D Size | P Size | AREG | BREG | CREG | DREG | ADREG | MREG | PREG | 
+---------------+-------------+--------+--------+--------+--------+--------+------+------+------+------+-------+------+------+
|qam16_demapper | A*B         | 30     | 18     | -      | -      | 34     | 0    | 0    | -    | -    | -     | 0    | 0    | 
|qam16_demapper | (C+A*B)'    | 30     | 18     | 32     | -      | 32     | 0    | 0    | 0    | -    | -     | 0    | 1    | 
+---------------+-------------+--------+--------+--------+--------+--------+------+------+------+------+-------+------+------+


Report BlackBoxes: 
+-+--------------+----------+
| |BlackBox name |Instances |
+-+--------------+----------+
+-+--------------+----------+

Report Cell Usage: 
+------+--------+------+
|      |Cell    |Count |
+------+--------+------+
|1     |CARRY4  |    16|
|2     |DSP48E1 |     2|
|3     |LUT1    |    11|
|4     |LUT2    |    65|
|5     |LUT3    |     7|
|6     |LUT4    |     4|
|7     |LUT5    |     8|
|8     |LUT6    |    32|
|9     |FDRE    |     6|
+------+--------+------+
---------------------------------------------------------------------------------
Finished Writing Synthesis Report : Time (s): cpu = 00:00:07 ; elapsed = 00:00:07 . Memory (MB): peak = 2811.070 ; gain = 8.039 ; free physical = 7739 ; free virtual = 52578
---------------------------------------------------------------------------------
Synthesis finished with 0 errors, 0 critical warnings and 1 warnings.
Synthesis Optimization Runtime : Time (s): cpu = 00:00:07 ; elapsed = 00:00:07 . Memory (MB): peak = 2811.070 ; gain = 8.039 ; free physical = 7741 ; free virtual = 52579
Synthesis Optimization Complete : Time (s): cpu = 00:00:07 ; elapsed = 00:00:07 . Memory (MB): peak = 2811.070 ; gain = 8.039 ; free physical = 7741 ; free virtual = 52579
INFO: [Project 1-571] Translating synthesized netlist
Netlist sorting complete. Time (s): cpu = 00:00:00 ; elapsed = 00:00:00 . Memory (MB): peak = 2811.070 ; gain = 0.000 ; free physical = 7741 ; free virtual = 52579
INFO: [Netlist 29-17] Analyzing 18 Unisim elements for replacement
INFO: [Netlist 29-28] Unisim Transformation completed in 0 CPU seconds
INFO: [Project 1-570] Preparing netlist for logic optimization
INFO: [Opt 31-138] Pushed 0 inverter(s) to 0 load pin(s).
Netlist sorting complete. Time (s): cpu = 00:00:00 ; elapsed = 00:00:00 . Memory (MB): peak = 2811.070 ; gain = 0.000 ; free physical = 7903 ; free virtual = 52743
INFO: [Project 1-111] Unisim Transformation Summary:
No Unisim elements were transformed.

Synth Design complete | Checksum: 4f740541
INFO: [Common 17-83] Releasing license: Synthesis
11 Infos, 1 Warnings, 0 Critical Warnings and 0 Errors encountered.
synth_design completed successfully
synth_design: Time (s): cpu = 00:00:11 ; elapsed = 00:00:09 . Memory (MB): peak = 2811.070 ; gain = 8.039 ; free physical = 7903 ; free virtual = 52743
INFO: [Common 17-2834] synth_design peak Physical Memory [PSS] (MB): overall = 2225.271; main = 2225.271; forked = 0.000
INFO: [Common 17-2834] synth_design peak Virtual Memory [VSS] (MB): overall = 2811.039; main = 2811.039; forked = 0.000
# create_clock -name clk -period 5.000 [get_ports clk]
# report_utilization -file [file join [file dirname [info script]] qam16_demapper_utilization.rpt]
# report_timing_summary -file [file join [file dirname [info script]] qam16_demapper_timing.rpt]
INFO: [Timing 38-35] Done setting XDC timing constraints.
INFO: [Timing 38-91] UpdateTimingParams: Speed grade: -2, Delay Type: min_max.
INFO: [Timing 38-191] Multithreading enabled for timing update using a maximum of 8 CPUs
WARNING: [Timing 38-242] The property HD.CLK_SRC of clock port "clk" is not set. In out-of-context mode, this prevents timing estimation for clock delay/skew
Resolution: Set the HD.CLK_SRC property of the out-of-context port to the location of the clock buffer instance in the top-level design
# close_design
INFO: [Common 17-206] Exiting Vivado at Wed Sep 30 19:20:51 2026...
