Copyright 1986-2022 Xilinx, Inc. All Rights Reserved. Copyright 2022-2025 Advanced Micro Devices, Inc. All Rights Reserved.
---------------------------------------------------------------------------------------------------------------------------------------------
| Tool Version : Vivado v.2025.1 (lin64) Build 6140274 Wed May 21 22:58:25 MDT 2025
| Date         : Thu Oct  1 11:48:55 2026
| Host         : amither-Legion-T5-28IMB05 running 64-bit Ubuntu 24.04.2 LTS
| Command      : report_timing_summary -file ./rs_bm_timing_66mhz.rpt
| Design       : rs_berlekamp_massey
| Device       : 7z020-clg400
| Speed File   : -2  PRODUCTION 1.12 2019-11-22
| Design State : Synthesized
---------------------------------------------------------------------------------------------------------------------------------------------

Timing Summary Report

------------------------------------------------------------------------------------------------
| Timer Settings
| --------------
------------------------------------------------------------------------------------------------

  Enable Multi Corner Analysis               :  Yes
  Enable Pessimism Removal                   :  Yes
  Pessimism Removal Resolution               :  Nearest Common Node
  Enable Input Delay Default Clock           :  No
  Enable Preset / Clear Arcs                 :  No
  Disable Flight Delays                      :  No
  Ignore I/O Paths                           :  No
  Timing Early Launch at Borrowing Latches   :  No
  Borrow Time for Max Delay Exceptions       :  Yes
  Merge Timing Exceptions                    :  Yes
  Inter-SLR Compensation                     :  Conservative

  Corner  Analyze    Analyze    
  Name    Max Paths  Min Paths  
  ------  ---------  ---------  
  Slow    Yes        Yes        
  Fast    Yes        Yes        


------------------------------------------------------------------------------------------------
| Report Methodology
| ------------------
------------------------------------------------------------------------------------------------

No report available as report_methodology has not been run prior. Run report_methodology on the current design for the summary of methodology violations.



check_timing report

Table of Contents
-----------------
1. checking no_clock (0)
2. checking constant_clock (0)
3. checking pulse_width_clock (0)
4. checking unconstrained_internal_endpoints (0)
5. checking no_input_delay (11)
6. checking no_output_delay (18)
7. checking multiple_clock (0)
8. checking generated_clocks (0)
9. checking loops (0)
10. checking partial_input_delay (0)
11. checking partial_output_delay (0)
12. checking latch_loops (0)

1. checking no_clock (0)
------------------------
 There are 0 register/latch pins with no clock.


2. checking constant_clock (0)
------------------------------
 There are 0 register/latch pins with constant_clock.


3. checking pulse_width_clock (0)
---------------------------------
 There are 0 register/latch pins which need pulse_width check


4. checking unconstrained_internal_endpoints (0)
------------------------------------------------
 There are 0 pins that are not constrained for maximum delay.

 There are 0 pins that are not constrained for maximum delay due to constant clock.


5. checking no_input_delay (11)
-------------------------------
 There are 11 input ports with no input delay specified. (HIGH)

 There are 0 input ports with no input delay but user has a false path constraint.


6. checking no_output_delay (18)
--------------------------------
 There are 18 ports with no output delay specified. (HIGH)

 There are 0 ports with no output delay but user has a false path constraint

 There are 0 ports with no output delay but with a timing clock defined on it or propagating through it


7. checking multiple_clock (0)
------------------------------
 There are 0 register/latch pins with multiple clocks.


8. checking generated_clocks (0)
--------------------------------
 There are 0 generated clocks that are not connected to a clock source.


9. checking loops (0)
---------------------
 There are 0 combinational loops in the design.


10. checking partial_input_delay (0)
------------------------------------
 There are 0 input ports with partial input delay specified.


11. checking partial_output_delay (0)
-------------------------------------
 There are 0 ports with partial output delay specified.


12. checking latch_loops (0)
----------------------------
 There are 0 combinational latch loops in the design through latch input



------------------------------------------------------------------------------------------------
| Design Timing Summary
| ---------------------
------------------------------------------------------------------------------------------------

    WNS(ns)      TNS(ns)  TNS Failing Endpoints  TNS Total Endpoints      WHS(ns)      THS(ns)  THS Failing Endpoints  THS Total Endpoints     WPWS(ns)     TPWS(ns)  TPWS Failing Endpoints  TPWS Total Endpoints  
    -------      -------  ---------------------  -------------------      -------      -------  ---------------------  -------------------     --------     --------  ----------------------  --------------------  
      1.574        0.000                      0                 2071        0.208        0.000                      0                 2071        7.000        0.000                       0                   869  


All user specified timing constraints are met.


------------------------------------------------------------------------------------------------
| Clock Summary
| -------------
------------------------------------------------------------------------------------------------

Clock  Waveform(ns)       Period(ns)      Frequency(MHz)
-----  ------------       ----------      --------------
clk    {0.000 7.500}      15.000          66.667          


------------------------------------------------------------------------------------------------
| Intra Clock Table
| -----------------
------------------------------------------------------------------------------------------------

Clock             WNS(ns)      TNS(ns)  TNS Failing Endpoints  TNS Total Endpoints      WHS(ns)      THS(ns)  THS Failing Endpoints  THS Total Endpoints     WPWS(ns)     TPWS(ns)  TPWS Failing Endpoints  TPWS Total Endpoints  
-----             -------      -------  ---------------------  -------------------      -------      -------  ---------------------  -------------------     --------     --------  ----------------------  --------------------  
clk                 1.574        0.000                      0                 2071        0.208        0.000                      0                 2071        7.000        0.000                       0                   869  


------------------------------------------------------------------------------------------------
| Inter Clock Table
| -----------------
------------------------------------------------------------------------------------------------

From Clock    To Clock          WNS(ns)      TNS(ns)  TNS Failing Endpoints  TNS Total Endpoints      WHS(ns)      THS(ns)  THS Failing Endpoints  THS Total Endpoints  
----------    --------          -------      -------  ---------------------  -------------------      -------      -------  ---------------------  -------------------  


------------------------------------------------------------------------------------------------
| Other Path Groups Table
| -----------------------
------------------------------------------------------------------------------------------------

Path Group    From Clock    To Clock          WNS(ns)      TNS(ns)  TNS Failing Endpoints  TNS Total Endpoints      WHS(ns)      THS(ns)  THS Failing Endpoints  THS Total Endpoints  
----------    ----------    --------          -------      -------  ---------------------  -------------------      -------      -------  ---------------------  -------------------  


------------------------------------------------------------------------------------------------
| Timing Details
| --------------
------------------------------------------------------------------------------------------------


---------------------------------------------------------------------------------------------------
From Clock:  clk
  To Clock:  clk

Setup :            0  Failing Endpoints,  Worst Slack        1.574ns,  Total Violation        0.000ns
Hold  :            0  Failing Endpoints,  Worst Slack        0.208ns,  Total Violation        0.000ns
PW    :            0  Failing Endpoints,  Worst Slack        7.000ns,  Total Violation        0.000ns
---------------------------------------------------------------------------------------------------


Max Delay Paths
--------------------------------------------------------------------------------------
Slack (MET) :             1.574ns  (required time - arrival time)
  Source:                 synd_reg[10][4]/C
                            (rising edge-triggered cell FDRE clocked by clk  {rise@0.000ns fall@7.500ns period=15.000ns})
  Destination:            Creg_reg[0][4]/D
                            (rising edge-triggered cell FDRE clocked by clk  {rise@0.000ns fall@7.500ns period=15.000ns})
  Path Group:             clk
  Path Type:              Setup (Max at Slow Process Corner)
  Requirement:            15.000ns  (clk rise@15.000ns - clk rise@0.000ns)
  Data Path Delay:        13.423ns  (logic 2.470ns (18.401%)  route 10.953ns (81.599%))
  Logic Levels:           18  (LUT3=2 LUT4=1 LUT5=1 LUT6=14)
  Clock Path Skew:        -0.039ns (DCD - SCD + CPR)
    Destination Clock Delay (DCD):    0.748ns = ( 15.748 - 15.000 ) 
    Source Clock Delay      (SCD):    0.787ns
    Clock Pessimism Removal (CPR):    0.000ns
  Clock Uncertainty:      0.035ns  ((TSJ^2 + TIJ^2)^1/2 + DJ) / 2 + PE
    Total System Jitter     (TSJ):    0.071ns
    Total Input Jitter      (TIJ):    0.000ns
    Discrete Jitter          (DJ):    0.000ns
    Phase Error              (PE):    0.000ns

    Location             Delay type                Incr(ns)  Path(ns)    Netlist Resource(s)
  -------------------------------------------------------------------    -------------------
                         (clock clk rise edge)        0.000     0.000 r  
                                                      0.000     0.000 r  clk (IN)
                         net (fo=868, unset)          0.787     0.787    clk
                         FDRE                                         r  synd_reg[10][4]/C
  -------------------------------------------------------------------    -------------------
                         FDRE (Prop_fdre_C_Q)         0.433     1.220 r  synd_reg[10][4]/Q
                         net (fo=4, unplaced)         0.803     2.023    synd_reg[10][4]
                         LUT6 (Prop_lut6_I0_O)        0.232     2.255 r  Creg[1][7]_i_954/O
                         net (fo=4, unplaced)         0.606     2.861    Creg[1][7]_i_954_n_0
                         LUT6 (Prop_lut6_I1_O)        0.105     2.966 r  Creg[1][7]_i_747/O
                         net (fo=4, unplaced)         0.371     3.337    Creg[1][7]_i_747_n_0
                         LUT3 (Prop_lut3_I2_O)        0.105     3.442 r  Creg[1][7]_i_354/O
                         net (fo=12, unplaced)        0.986     4.428    Creg[1][7]_i_354_n_0
                         LUT6 (Prop_lut6_I0_O)        0.105     4.533 r  Creg[1][7]_i_1097/O
                         net (fo=1, unplaced)         0.938     5.471    Creg[1][7]_i_1097_n_0
                         LUT6 (Prop_lut6_I1_O)        0.105     5.576 r  Creg[1][7]_i_982/O
                         net (fo=1, unplaced)         0.528     6.104    Creg[1][7]_i_982_n_0
                         LUT6 (Prop_lut6_I2_O)        0.105     6.209 r  Creg[1][7]_i_602/O
                         net (fo=1, unplaced)         0.582     6.791    Creg[1][7]_i_602_n_0
                         LUT6 (Prop_lut6_I3_O)        0.105     6.896 r  Creg[1][7]_i_266/O
                         net (fo=1, unplaced)         0.347     7.243    Creg[1][7]_i_266_n_0
                         LUT6 (Prop_lut6_I1_O)        0.105     7.348 r  Creg[1][7]_i_116/O
                         net (fo=2, unplaced)         0.358     7.706    Creg[1][7]_i_116_n_0
                         LUT6 (Prop_lut6_I2_O)        0.105     7.811 r  Creg[1][7]_i_243/O
                         net (fo=2, unplaced)         0.358     8.169    Creg[1][7]_i_243_n_0
                         LUT6 (Prop_lut6_I2_O)        0.105     8.274 r  Creg[1][7]_i_106/O
                         net (fo=2, unplaced)         0.358     8.632    Creg[1][7]_i_106_n_0
                         LUT6 (Prop_lut6_I2_O)        0.105     8.737 r  Creg[1][7]_i_38/O
                         net (fo=2, unplaced)         0.358     9.095    Creg[1][7]_i_38_n_0
                         LUT3 (Prop_lut3_I1_O)        0.105     9.200 r  Creg[1][7]_i_14/O
                         net (fo=1, unplaced)         0.582     9.782    Creg[1][7]_i_14_n_0
                         LUT6 (Prop_lut6_I0_O)        0.105     9.887 r  Creg[1][7]_i_6/O
                         net (fo=10, unplaced)        0.625    10.512    Creg[1][7]_i_6_n_0
                         LUT4 (Prop_lut4_I1_O)        0.125    10.637 r  Creg[4][0]_i_13/O
                         net (fo=1, unplaced)         0.938    11.575    Creg[4][0]_i_13_n_0
                         LUT6 (Prop_lut6_I0_O)        0.105    11.680 r  Creg[4][0]_i_7/O
                         net (fo=11, unplaced)        0.984    12.664    Creg[4][0]_i_7_n_0
                         LUT5 (Prop_lut5_I0_O)        0.105    12.769 r  Creg[1][4]_i_9/O
                         net (fo=27, unplaced)        0.649    13.418    Creg[1][4]_i_9_n_0
                         LUT6 (Prop_lut6_I1_O)        0.105    13.523 r  Creg[0][4]_i_3/O
                         net (fo=1, unplaced)         0.582    14.105    Creg[0][4]_i_3_n_0
                         LUT6 (Prop_lut6_I2_O)        0.105    14.210 r  Creg[0][4]_i_1/O
                         net (fo=1, unplaced)         0.000    14.210    p_1224_out[4]
                         FDRE                                         r  Creg_reg[0][4]/D
  -------------------------------------------------------------------    -------------------

                         (clock clk rise edge)       15.000    15.000 r  
                                                      0.000    15.000 r  clk (IN)
                         net (fo=868, unset)          0.748    15.748    clk
                         FDRE                                         r  Creg_reg[0][4]/C
                         clock pessimism              0.000    15.748    
                         clock uncertainty           -0.035    15.712    
                         FDRE (Setup_fdre_C_D)        0.072    15.784    Creg_reg[0][4]
  -------------------------------------------------------------------
                         required time                         15.784    
                         arrival time                         -14.210    
  -------------------------------------------------------------------
                         slack                                  1.574    





Min Delay Paths
--------------------------------------------------------------------------------------
Slack (MET) :             0.208ns  (arrival time - required time)
  Source:                 Lr_reg[1]/C
                            (rising edge-triggered cell FDRE clocked by clk  {rise@0.000ns fall@7.500ns period=15.000ns})
  Destination:            Lr_reg[2]/D
                            (rising edge-triggered cell FDRE clocked by clk  {rise@0.000ns fall@7.500ns period=15.000ns})
  Path Group:             clk
  Path Type:              Hold (Min at Fast Process Corner)
  Requirement:            0.000ns  (clk rise@0.000ns - clk rise@0.000ns)
  Data Path Delay:        0.362ns  (logic 0.272ns (75.085%)  route 0.090ns (24.915%))
  Logic Levels:           1  (CARRY4=1)
  Clock Path Skew:        0.021ns (DCD - SCD - CPR)
    Destination Clock Delay (DCD):    0.411ns
    Source Clock Delay      (SCD):    0.390ns
    Clock Pessimism Removal (CPR):    -0.000ns

    Location             Delay type                Incr(ns)  Path(ns)    Netlist Resource(s)
  -------------------------------------------------------------------    -------------------
                         (clock clk rise edge)        0.000     0.000 r  
                                                      0.000     0.000 r  clk (IN)
                         net (fo=868, unset)          0.390     0.390    clk
                         FDRE                                         r  Lr_reg[1]/C
  -------------------------------------------------------------------    -------------------
                         FDRE (Prop_fdre_C_Q)         0.164     0.554 r  Lr_reg[1]/Q
                         net (fo=7, unplaced)         0.090     0.645    Lr1[2]
                         CARRY4 (Prop_carry4_DI[1]_O[2])
                                                      0.108     0.753 r  Lr_reg[3]_i_1/O[2]
                         net (fo=1, unplaced)         0.000     0.753    Lr0[2]
                         FDRE                                         r  Lr_reg[2]/D
  -------------------------------------------------------------------    -------------------

                         (clock clk rise edge)        0.000     0.000 r  
                                                      0.000     0.000 r  clk (IN)
                         net (fo=868, unset)          0.411     0.411    clk
                         FDRE                                         r  Lr_reg[2]/C
                         clock pessimism              0.000     0.411    
                         FDRE (Hold_fdre_C_D)         0.134     0.545    Lr_reg[2]
  -------------------------------------------------------------------
                         required time                         -0.545    
                         arrival time                           0.753    
  -------------------------------------------------------------------
                         slack                                  0.208    





Pulse Width Checks
--------------------------------------------------------------------------------------
Clock Name:         clk
Waveform(ns):       { 0.000 7.500 }
Period(ns):         15.000
Sources:            { clk }

Check Type        Corner  Lib Pin  Reference Pin  Required(ns)  Actual(ns)  Slack(ns)  Location  Pin
Min Period        n/a     FDSE/C   n/a            1.000         15.000      14.000               Breg_reg[0][0]/C
Low Pulse Width   Slow    FDSE/C   n/a            0.500         7.500       7.000                Breg_reg[0][0]/C
High Pulse Width  Slow    FDSE/C   n/a            0.500         7.500       7.000                Breg_reg[0][0]/C



