
****** Vivado v2025.1 (64-bit)
  **** SW Build 6140274 on Wed May 21 22:58:25 MDT 2025
  **** IP Build 6138677 on Thu May 22 03:10:11 MDT 2025
  **** SharedData Build 6139179 on Tue May 20 17:58:58 MDT 2025
  **** Start of session at: Thu Oct  1 22:44:27 2026
    ** Copyright 1986-2022 Xilinx, Inc. All Rights Reserved.
    ** Copyright 2022-2025 Advanced Micro Devices, Inc. All Rights Reserved.

source rs_bm_ooc_synth.tcl
# read_verilog [file join [file dirname [info script]] .. fpga rtl rs_berlekamp_massey.v]
# synth_design -top rs_berlekamp_massey -part xc7z020clg400-2 -mode out_of_context
Command: synth_design -top rs_berlekamp_massey -part xc7z020clg400-2 -mode out_of_context
Starting synth_design
Attempting to get a license for feature 'Synthesis' and/or device 'xc7z020'
INFO: [Common 17-349] Got license for feature 'Synthesis' and/or device 'xc7z020'
INFO: [Synth 8-7079] Multithreading enabled for synth_design using a maximum of 7 processes.
INFO: [Synth 8-7078] Launching helper process for spawning children vivado processes
INFO: [Synth 8-7075] Helper process launched with PID 4160959
---------------------------------------------------------------------------------
Starting Synthesize : Time (s): cpu = 00:00:03 ; elapsed = 00:00:04 . Memory (MB): peak = 1950.215 ; gain = 412.602 ; free physical = 4194 ; free virtual = 49574
---------------------------------------------------------------------------------
INFO: [Synth 8-6157] synthesizing module 'rs_berlekamp_massey' [/home/amither/Documents/SDR/fpga/rtl/rs_berlekamp_massey.v:45]
INFO: [Synth 8-155] case statement is not full and has no default [/home/amither/Documents/SDR/fpga/rtl/rs_berlekamp_massey.v:197]
INFO: [Synth 8-6155] done synthesizing module 'rs_berlekamp_massey' (0#1) [/home/amither/Documents/SDR/fpga/rtl/rs_berlekamp_massey.v:45]
WARNING: [Synth 8-6014] Unused sequential element delta_reg was removed.  [/home/amither/Documents/SDR/fpga/rtl/rs_berlekamp_massey.v:200]
WARNING: [Synth 8-6014] Unused sequential element newC_reg[0] was removed.  [/home/amither/Documents/SDR/fpga/rtl/rs_berlekamp_massey.v:225]
WARNING: [Synth 8-6014] Unused sequential element newC_reg[1] was removed.  [/home/amither/Documents/SDR/fpga/rtl/rs_berlekamp_massey.v:225]
WARNING: [Synth 8-6014] Unused sequential element newC_reg[2] was removed.  [/home/amither/Documents/SDR/fpga/rtl/rs_berlekamp_massey.v:225]
WARNING: [Synth 8-6014] Unused sequential element newC_reg[3] was removed.  [/home/amither/Documents/SDR/fpga/rtl/rs_berlekamp_massey.v:225]
WARNING: [Synth 8-6014] Unused sequential element newC_reg[4] was removed.  [/home/amither/Documents/SDR/fpga/rtl/rs_berlekamp_massey.v:225]
WARNING: [Synth 8-6014] Unused sequential element newC_reg[5] was removed.  [/home/amither/Documents/SDR/fpga/rtl/rs_berlekamp_massey.v:225]
WARNING: [Synth 8-6014] Unused sequential element newC_reg[6] was removed.  [/home/amither/Documents/SDR/fpga/rtl/rs_berlekamp_massey.v:225]
WARNING: [Synth 8-6014] Unused sequential element newC_reg[7] was removed.  [/home/amither/Documents/SDR/fpga/rtl/rs_berlekamp_massey.v:225]
WARNING: [Synth 8-6014] Unused sequential element newC_reg[8] was removed.  [/home/amither/Documents/SDR/fpga/rtl/rs_berlekamp_massey.v:225]
WARNING: [Synth 8-6014] Unused sequential element newC_reg[9] was removed.  [/home/amither/Documents/SDR/fpga/rtl/rs_berlekamp_massey.v:225]
WARNING: [Synth 8-6014] Unused sequential element newC_reg[10] was removed.  [/home/amither/Documents/SDR/fpga/rtl/rs_berlekamp_massey.v:225]
WARNING: [Synth 8-6014] Unused sequential element newC_reg[11] was removed.  [/home/amither/Documents/SDR/fpga/rtl/rs_berlekamp_massey.v:225]
WARNING: [Synth 8-6014] Unused sequential element newC_reg[12] was removed.  [/home/amither/Documents/SDR/fpga/rtl/rs_berlekamp_massey.v:225]
WARNING: [Synth 8-6014] Unused sequential element newC_reg[13] was removed.  [/home/amither/Documents/SDR/fpga/rtl/rs_berlekamp_massey.v:225]
WARNING: [Synth 8-6014] Unused sequential element newC_reg[14] was removed.  [/home/amither/Documents/SDR/fpga/rtl/rs_berlekamp_massey.v:225]
WARNING: [Synth 8-6014] Unused sequential element newC_reg[15] was removed.  [/home/amither/Documents/SDR/fpga/rtl/rs_berlekamp_massey.v:225]
WARNING: [Synth 8-6014] Unused sequential element newC_reg[16] was removed.  [/home/amither/Documents/SDR/fpga/rtl/rs_berlekamp_massey.v:225]
WARNING: [Synth 8-6014] Unused sequential element newC_reg[17] was removed.  [/home/amither/Documents/SDR/fpga/rtl/rs_berlekamp_massey.v:225]
WARNING: [Synth 8-6014] Unused sequential element newC_reg[18] was removed.  [/home/amither/Documents/SDR/fpga/rtl/rs_berlekamp_massey.v:225]
WARNING: [Synth 8-6014] Unused sequential element newC_reg[19] was removed.  [/home/amither/Documents/SDR/fpga/rtl/rs_berlekamp_massey.v:225]
WARNING: [Synth 8-6014] Unused sequential element newC_reg[20] was removed.  [/home/amither/Documents/SDR/fpga/rtl/rs_berlekamp_massey.v:225]
WARNING: [Synth 8-6014] Unused sequential element newC_reg[21] was removed.  [/home/amither/Documents/SDR/fpga/rtl/rs_berlekamp_massey.v:225]
WARNING: [Synth 8-6014] Unused sequential element newC_reg[22] was removed.  [/home/amither/Documents/SDR/fpga/rtl/rs_berlekamp_massey.v:225]
WARNING: [Synth 8-6014] Unused sequential element newC_reg[23] was removed.  [/home/amither/Documents/SDR/fpga/rtl/rs_berlekamp_massey.v:225]
WARNING: [Synth 8-6014] Unused sequential element newC_reg[24] was removed.  [/home/amither/Documents/SDR/fpga/rtl/rs_berlekamp_massey.v:225]
WARNING: [Synth 8-6014] Unused sequential element newC_reg[25] was removed.  [/home/amither/Documents/SDR/fpga/rtl/rs_berlekamp_massey.v:225]
WARNING: [Synth 8-6014] Unused sequential element newC_reg[26] was removed.  [/home/amither/Documents/SDR/fpga/rtl/rs_berlekamp_massey.v:225]
WARNING: [Synth 8-6014] Unused sequential element newC_reg[27] was removed.  [/home/amither/Documents/SDR/fpga/rtl/rs_berlekamp_massey.v:225]
WARNING: [Synth 8-6014] Unused sequential element newC_reg[28] was removed.  [/home/amither/Documents/SDR/fpga/rtl/rs_berlekamp_massey.v:225]
WARNING: [Synth 8-6014] Unused sequential element newC_reg[29] was removed.  [/home/amither/Documents/SDR/fpga/rtl/rs_berlekamp_massey.v:225]
WARNING: [Synth 8-6014] Unused sequential element newC_reg[30] was removed.  [/home/amither/Documents/SDR/fpga/rtl/rs_berlekamp_massey.v:225]
WARNING: [Synth 8-6014] Unused sequential element newC_reg[31] was removed.  [/home/amither/Documents/SDR/fpga/rtl/rs_berlekamp_massey.v:225]
WARNING: [Synth 8-6014] Unused sequential element newC_reg[32] was removed.  [/home/amither/Documents/SDR/fpga/rtl/rs_berlekamp_massey.v:225]
WARNING: [Synth 8-4767] Trying to implement RAM 'synd_reg' in registers. Block RAM or DRAM implementation is not possible; see log for reasons.
Reason is one or more of the following :
	1: RAM has too many ports (16). Maximum supported = 16. 
	2: Unable to determine number of words or word size in RAM. 
	3: No valid read/write found for RAM. 
RAM "synd_reg" dissolved into registers
---------------------------------------------------------------------------------
Finished Synthesize : Time (s): cpu = 00:00:06 ; elapsed = 00:00:06 . Memory (MB): peak = 2145.152 ; gain = 607.539 ; free physical = 3885 ; free virtual = 49275
---------------------------------------------------------------------------------
---------------------------------------------------------------------------------
Finished Constraint Validation : Time (s): cpu = 00:00:07 ; elapsed = 00:00:07 . Memory (MB): peak = 2154.059 ; gain = 616.445 ; free physical = 3843 ; free virtual = 49266
---------------------------------------------------------------------------------
---------------------------------------------------------------------------------
Start Loading Part and Timing Information
---------------------------------------------------------------------------------
Loading part: xc7z020clg400-2
INFO: [Device 21-403] Loading part xc7z020clg400-2
---------------------------------------------------------------------------------
Finished Loading Part and Timing Information : Time (s): cpu = 00:00:07 ; elapsed = 00:00:07 . Memory (MB): peak = 2154.059 ; gain = 616.445 ; free physical = 3843 ; free virtual = 49266
---------------------------------------------------------------------------------
---------------------------------------------------------------------------------
Finished RTL Optimization Phase 2 : Time (s): cpu = 00:00:11 ; elapsed = 00:00:10 . Memory (MB): peak = 2192.027 ; gain = 654.414 ; free physical = 3822 ; free virtual = 49250
---------------------------------------------------------------------------------
No constraint files found.
---------------------------------------------------------------------------------
Start RTL Component Statistics 
---------------------------------------------------------------------------------
Detailed RTL Component Info : 
+---Adders : 
	   2 Input    6 Bit       Adders := 3     
	   3 Input    6 Bit       Adders := 1     
	   2 Input    5 Bit       Adders := 1     
+---XORs : 
	   2 Input      8 Bit         XORs := 765   
+---Registers : 
	                8 Bit    Registers := 104   
	                6 Bit    Registers := 5     
	                5 Bit    Registers := 1     
	                3 Bit    Registers := 1     
	                1 Bit    Registers := 5     
+---Muxes : 
	   2 Input    8 Bit        Muxes := 748   
	   2 Input    6 Bit        Muxes := 2     
	   2 Input    3 Bit        Muxes := 1     
	   4 Input    3 Bit        Muxes := 1     
	   2 Input    1 Bit        Muxes := 50    
	   4 Input    1 Bit        Muxes := 9     
---------------------------------------------------------------------------------
Finished RTL Component Statistics 
---------------------------------------------------------------------------------
---------------------------------------------------------------------------------
Start Part Resource Summary
---------------------------------------------------------------------------------
Part Resources:
DSPs: 220 (col length:60)
BRAMs: 280 (col length: RAMB18 60 RAMB36 30)
---------------------------------------------------------------------------------
Finished Part Resource Summary
---------------------------------------------------------------------------------
No constraint files found.
---------------------------------------------------------------------------------
Start Cross Boundary and Area Optimization
---------------------------------------------------------------------------------
WARNING: [Synth 8-7080] Parallel synthesis criteria is not met
---------------------------------------------------------------------------------
Finished Cross Boundary and Area Optimization : Time (s): cpu = 00:00:29 ; elapsed = 00:00:28 . Memory (MB): peak = 2893.715 ; gain = 1356.102 ; free physical = 3396 ; free virtual = 48757
---------------------------------------------------------------------------------
---------------------------------------------------------------------------------
Start ROM, RAM, DSP, Shift Register and Retiming Reporting
---------------------------------------------------------------------------------

ROM: Preliminary Mapping Report
+--------------------+------------+---------------+----------------+
|Module Name         | RTL Object | Depth x Width | Implemented As | 
+--------------------+------------+---------------+----------------+
|rs_berlekamp_massey | ginv       | 256x8         | LUT            | 
|rs_berlekamp_massey | p_0_out    | 256x8         | LUT            | 
+--------------------+------------+---------------+----------------+

---------------------------------------------------------------------------------
Finished ROM, RAM, DSP, Shift Register and Retiming Reporting
---------------------------------------------------------------------------------
No constraint files found.
---------------------------------------------------------------------------------
Start Timing Optimization
---------------------------------------------------------------------------------
---------------------------------------------------------------------------------
Finished Timing Optimization : Time (s): cpu = 00:00:30 ; elapsed = 00:00:29 . Memory (MB): peak = 2893.715 ; gain = 1356.102 ; free physical = 3395 ; free virtual = 48757
---------------------------------------------------------------------------------
---------------------------------------------------------------------------------
Start Technology Mapping
---------------------------------------------------------------------------------
---------------------------------------------------------------------------------
Finished Technology Mapping : Time (s): cpu = 00:00:31 ; elapsed = 00:00:30 . Memory (MB): peak = 2893.715 ; gain = 1356.102 ; free physical = 3392 ; free virtual = 48753
---------------------------------------------------------------------------------
---------------------------------------------------------------------------------
Start IO Insertion
---------------------------------------------------------------------------------
---------------------------------------------------------------------------------
Start Flattening Before IO Insertion
---------------------------------------------------------------------------------
---------------------------------------------------------------------------------
Finished Flattening Before IO Insertion
---------------------------------------------------------------------------------
---------------------------------------------------------------------------------
Start Final Netlist Cleanup
---------------------------------------------------------------------------------
---------------------------------------------------------------------------------
Finished Final Netlist Cleanup
---------------------------------------------------------------------------------
---------------------------------------------------------------------------------
Finished IO Insertion : Time (s): cpu = 00:00:34 ; elapsed = 00:00:33 . Memory (MB): peak = 2893.715 ; gain = 1356.102 ; free physical = 3377 ; free virtual = 48741
---------------------------------------------------------------------------------
---------------------------------------------------------------------------------
Start Renaming Generated Instances
---------------------------------------------------------------------------------
---------------------------------------------------------------------------------
Finished Renaming Generated Instances : Time (s): cpu = 00:00:34 ; elapsed = 00:00:33 . Memory (MB): peak = 2893.715 ; gain = 1356.102 ; free physical = 3377 ; free virtual = 48741
---------------------------------------------------------------------------------
---------------------------------------------------------------------------------
Start Rebuilding User Hierarchy
---------------------------------------------------------------------------------
---------------------------------------------------------------------------------
Finished Rebuilding User Hierarchy : Time (s): cpu = 00:00:34 ; elapsed = 00:00:33 . Memory (MB): peak = 2893.715 ; gain = 1356.102 ; free physical = 3371 ; free virtual = 48742
---------------------------------------------------------------------------------
---------------------------------------------------------------------------------
Start Renaming Generated Ports
---------------------------------------------------------------------------------
---------------------------------------------------------------------------------
Finished Renaming Generated Ports : Time (s): cpu = 00:00:34 ; elapsed = 00:00:33 . Memory (MB): peak = 2893.715 ; gain = 1356.102 ; free physical = 3371 ; free virtual = 48742
---------------------------------------------------------------------------------
---------------------------------------------------------------------------------
Start Handling Custom Attributes
---------------------------------------------------------------------------------
---------------------------------------------------------------------------------
Finished Handling Custom Attributes : Time (s): cpu = 00:00:35 ; elapsed = 00:00:34 . Memory (MB): peak = 2893.715 ; gain = 1356.102 ; free physical = 3362 ; free virtual = 48733
---------------------------------------------------------------------------------
---------------------------------------------------------------------------------
Start Renaming Generated Nets
---------------------------------------------------------------------------------
---------------------------------------------------------------------------------
Finished Renaming Generated Nets : Time (s): cpu = 00:00:35 ; elapsed = 00:00:34 . Memory (MB): peak = 2893.715 ; gain = 1356.102 ; free physical = 3362 ; free virtual = 48733
---------------------------------------------------------------------------------
---------------------------------------------------------------------------------
Start Writing Synthesis Report
---------------------------------------------------------------------------------

Report BlackBoxes: 
+-+--------------+----------+
| |BlackBox name |Instances |
+-+--------------+----------+
+-+--------------+----------+

Report Cell Usage: 
+------+-------+------+
|      |Cell   |Count |
+------+-------+------+
|1     |CARRY4 |     2|
|2     |LUT1   |     7|
|3     |LUT2   |    78|
|4     |LUT3   |   607|
|5     |LUT4   |   592|
|6     |LUT5   |   726|
|7     |LUT6   |  2998|
|8     |MUXF7  |    24|
|9     |MUXF8  |    12|
|10    |FDRE   |   903|
|11    |FDSE   |     4|
+------+-------+------+

Report Instance Areas: 
+------+---------+-------+------+
|      |Instance |Module |Cells |
+------+---------+-------+------+
|1     |top      |       |  5953|
+------+---------+-------+------+
---------------------------------------------------------------------------------
Finished Writing Synthesis Report : Time (s): cpu = 00:00:35 ; elapsed = 00:00:34 . Memory (MB): peak = 2893.715 ; gain = 1356.102 ; free physical = 3362 ; free virtual = 48733
---------------------------------------------------------------------------------
Synthesis finished with 0 errors, 0 critical warnings and 36 warnings.
Synthesis Optimization Runtime : Time (s): cpu = 00:00:35 ; elapsed = 00:00:34 . Memory (MB): peak = 2893.715 ; gain = 1356.102 ; free physical = 3365 ; free virtual = 48736
Synthesis Optimization Complete : Time (s): cpu = 00:00:35 ; elapsed = 00:00:34 . Memory (MB): peak = 2893.723 ; gain = 1356.102 ; free physical = 3365 ; free virtual = 48736
INFO: [Project 1-571] Translating synthesized netlist
Netlist sorting complete. Time (s): cpu = 00:00:00.03 ; elapsed = 00:00:00.03 . Memory (MB): peak = 2893.723 ; gain = 0.000 ; free physical = 3516 ; free virtual = 48880
INFO: [Netlist 29-17] Analyzing 38 Unisim elements for replacement
INFO: [Netlist 29-28] Unisim Transformation completed in 0 CPU seconds
WARNING: [Netlist 29-101] Netlist 'rs_berlekamp_massey' is not ideal for floorplanning, since the cellview 'rs_berlekamp_massey' contains a large number of primitives.  Please consider enabling hierarchy in synthesis if you want to do floorplanning.
INFO: [Project 1-570] Preparing netlist for logic optimization
INFO: [Opt 31-138] Pushed 0 inverter(s) to 0 load pin(s).
Netlist sorting complete. Time (s): cpu = 00:00:00 ; elapsed = 00:00:00 . Memory (MB): peak = 2933.734 ; gain = 0.000 ; free physical = 3503 ; free virtual = 48871
INFO: [Project 1-111] Unisim Transformation Summary:
No Unisim elements were transformed.

Synth Design complete | Checksum: ecfd5ace
INFO: [Common 17-83] Releasing license: Synthesis
15 Infos, 37 Warnings, 0 Critical Warnings and 0 Errors encountered.
synth_design completed successfully
synth_design: Time (s): cpu = 00:00:40 ; elapsed = 00:00:37 . Memory (MB): peak = 2933.770 ; gain = 1396.156 ; free physical = 3503 ; free virtual = 48871
INFO: [Common 17-2834] synth_design peak Physical Memory [PSS] (MB): overall = 2564.344; main = 2412.733; forked = 335.392
INFO: [Common 17-2834] synth_design peak Virtual Memory [VSS] (MB): overall = 3849.922; main = 2933.738; forked = 956.203
# create_clock -name clk -period 5.000 [get_ports clk]
# report_utilization -file [file join [file dirname [info script]] rs_bm_utilization.rpt]
# report_timing_summary -file [file join [file dirname [info script]] rs_bm_timing.rpt]
INFO: [Timing 38-35] Done setting XDC timing constraints.
INFO: [Timing 38-91] UpdateTimingParams: Speed grade: -2, Delay Type: min_max.
INFO: [Timing 38-191] Multithreading enabled for timing update using a maximum of 8 CPUs
WARNING: [Timing 38-242] The property HD.CLK_SRC of clock port "clk" is not set. In out-of-context mode, this prevents timing estimation for clock delay/skew
Resolution: Set the HD.CLK_SRC property of the out-of-context port to the location of the clock buffer instance in the top-level design
report_timing_summary: Time (s): cpu = 00:00:06 ; elapsed = 00:00:05 . Memory (MB): peak = 2997.766 ; gain = 63.996 ; free physical = 3451 ; free virtual = 48847
# close_design
INFO: [Common 17-206] Exiting Vivado at Thu Oct  1 22:45:13 2026...
