
****** Vivado v2025.1 (64-bit)
  **** SW Build 6140274 on Wed May 21 22:58:25 MDT 2025
  **** IP Build 6138677 on Thu May 22 03:10:11 MDT 2025
  **** SharedData Build 6139179 on Tue May 20 17:58:58 MDT 2025
  **** Start of session at: Thu Oct  1 20:14:03 2026
    ** Copyright 1986-2022 Xilinx, Inc. All Rights Reserved.
    ** Copyright 2022-2025 Advanced Micro Devices, Inc. All Rights Reserved.

source rs_bm_ooc_synth.tcl
# read_verilog [file join [file dirname [info script]] .. fpga rtl rs_berlekamp_massey.v]
# synth_design -top rs_berlekamp_massey -part xc7z020clg400-2 -mode out_of_context
Command: synth_design -top rs_berlekamp_massey -part xc7z020clg400-2 -mode out_of_context
Starting synth_design
Attempting to get a license for feature 'Synthesis' and/or device 'xc7z020'
INFO: [Common 17-349] Got license for feature 'Synthesis' and/or device 'xc7z020'
INFO: [Synth 8-7079] Multithreading enabled for synth_design using a maximum of 7 processes.
INFO: [Synth 8-7078] Launching helper process for spawning children vivado processes
INFO: [Synth 8-7075] Helper process launched with PID 4125767
---------------------------------------------------------------------------------
Starting Synthesize : Time (s): cpu = 00:00:03 ; elapsed = 00:00:03 . Memory (MB): peak = 1951.242 ; gain = 415.602 ; free physical = 4400 ; free virtual = 49731
---------------------------------------------------------------------------------
INFO: [Synth 8-6157] synthesizing module 'rs_berlekamp_massey' [/home/amither/Documents/SDR/fpga/rtl/rs_berlekamp_massey.v:34]
INFO: [Synth 8-155] case statement is not full and has no default [/home/amither/Documents/SDR/fpga/rtl/rs_berlekamp_massey.v:165]
INFO: [Synth 8-6155] done synthesizing module 'rs_berlekamp_massey' (0#1) [/home/amither/Documents/SDR/fpga/rtl/rs_berlekamp_massey.v:34]
WARNING: [Synth 8-6014] Unused sequential element delta_reg was removed.  [/home/amither/Documents/SDR/fpga/rtl/rs_berlekamp_massey.v:168]
WARNING: [Synth 8-6014] Unused sequential element newC_reg[0] was removed.  [/home/amither/Documents/SDR/fpga/rtl/rs_berlekamp_massey.v:181]
WARNING: [Synth 8-6014] Unused sequential element newC_reg[1] was removed.  [/home/amither/Documents/SDR/fpga/rtl/rs_berlekamp_massey.v:181]
WARNING: [Synth 8-6014] Unused sequential element newC_reg[2] was removed.  [/home/amither/Documents/SDR/fpga/rtl/rs_berlekamp_massey.v:181]
WARNING: [Synth 8-6014] Unused sequential element newC_reg[3] was removed.  [/home/amither/Documents/SDR/fpga/rtl/rs_berlekamp_massey.v:181]
WARNING: [Synth 8-6014] Unused sequential element newC_reg[4] was removed.  [/home/amither/Documents/SDR/fpga/rtl/rs_berlekamp_massey.v:181]
WARNING: [Synth 8-6014] Unused sequential element newC_reg[5] was removed.  [/home/amither/Documents/SDR/fpga/rtl/rs_berlekamp_massey.v:181]
WARNING: [Synth 8-6014] Unused sequential element newC_reg[6] was removed.  [/home/amither/Documents/SDR/fpga/rtl/rs_berlekamp_massey.v:181]
WARNING: [Synth 8-6014] Unused sequential element newC_reg[7] was removed.  [/home/amither/Documents/SDR/fpga/rtl/rs_berlekamp_massey.v:181]
WARNING: [Synth 8-6014] Unused sequential element newC_reg[8] was removed.  [/home/amither/Documents/SDR/fpga/rtl/rs_berlekamp_massey.v:181]
WARNING: [Synth 8-6014] Unused sequential element newC_reg[9] was removed.  [/home/amither/Documents/SDR/fpga/rtl/rs_berlekamp_massey.v:181]
WARNING: [Synth 8-6014] Unused sequential element newC_reg[10] was removed.  [/home/amither/Documents/SDR/fpga/rtl/rs_berlekamp_massey.v:181]
WARNING: [Synth 8-6014] Unused sequential element newC_reg[11] was removed.  [/home/amither/Documents/SDR/fpga/rtl/rs_berlekamp_massey.v:181]
WARNING: [Synth 8-6014] Unused sequential element newC_reg[12] was removed.  [/home/amither/Documents/SDR/fpga/rtl/rs_berlekamp_massey.v:181]
WARNING: [Synth 8-6014] Unused sequential element newC_reg[13] was removed.  [/home/amither/Documents/SDR/fpga/rtl/rs_berlekamp_massey.v:181]
WARNING: [Synth 8-6014] Unused sequential element newC_reg[14] was removed.  [/home/amither/Documents/SDR/fpga/rtl/rs_berlekamp_massey.v:181]
WARNING: [Synth 8-6014] Unused sequential element newC_reg[15] was removed.  [/home/amither/Documents/SDR/fpga/rtl/rs_berlekamp_massey.v:181]
WARNING: [Synth 8-6014] Unused sequential element newC_reg[16] was removed.  [/home/amither/Documents/SDR/fpga/rtl/rs_berlekamp_massey.v:181]
WARNING: [Synth 8-6014] Unused sequential element newC_reg[17] was removed.  [/home/amither/Documents/SDR/fpga/rtl/rs_berlekamp_massey.v:181]
WARNING: [Synth 8-6014] Unused sequential element newC_reg[18] was removed.  [/home/amither/Documents/SDR/fpga/rtl/rs_berlekamp_massey.v:181]
WARNING: [Synth 8-6014] Unused sequential element newC_reg[19] was removed.  [/home/amither/Documents/SDR/fpga/rtl/rs_berlekamp_massey.v:181]
WARNING: [Synth 8-6014] Unused sequential element newC_reg[20] was removed.  [/home/amither/Documents/SDR/fpga/rtl/rs_berlekamp_massey.v:181]
WARNING: [Synth 8-6014] Unused sequential element newC_reg[21] was removed.  [/home/amither/Documents/SDR/fpga/rtl/rs_berlekamp_massey.v:181]
WARNING: [Synth 8-6014] Unused sequential element newC_reg[22] was removed.  [/home/amither/Documents/SDR/fpga/rtl/rs_berlekamp_massey.v:181]
WARNING: [Synth 8-6014] Unused sequential element newC_reg[23] was removed.  [/home/amither/Documents/SDR/fpga/rtl/rs_berlekamp_massey.v:181]
WARNING: [Synth 8-6014] Unused sequential element newC_reg[24] was removed.  [/home/amither/Documents/SDR/fpga/rtl/rs_berlekamp_massey.v:181]
WARNING: [Synth 8-6014] Unused sequential element newC_reg[25] was removed.  [/home/amither/Documents/SDR/fpga/rtl/rs_berlekamp_massey.v:181]
WARNING: [Synth 8-6014] Unused sequential element newC_reg[26] was removed.  [/home/amither/Documents/SDR/fpga/rtl/rs_berlekamp_massey.v:181]
WARNING: [Synth 8-6014] Unused sequential element newC_reg[27] was removed.  [/home/amither/Documents/SDR/fpga/rtl/rs_berlekamp_massey.v:181]
WARNING: [Synth 8-6014] Unused sequential element newC_reg[28] was removed.  [/home/amither/Documents/SDR/fpga/rtl/rs_berlekamp_massey.v:181]
WARNING: [Synth 8-6014] Unused sequential element newC_reg[29] was removed.  [/home/amither/Documents/SDR/fpga/rtl/rs_berlekamp_massey.v:181]
WARNING: [Synth 8-6014] Unused sequential element newC_reg[30] was removed.  [/home/amither/Documents/SDR/fpga/rtl/rs_berlekamp_massey.v:181]
WARNING: [Synth 8-6014] Unused sequential element newC_reg[31] was removed.  [/home/amither/Documents/SDR/fpga/rtl/rs_berlekamp_massey.v:181]
WARNING: [Synth 8-6014] Unused sequential element newC_reg[32] was removed.  [/home/amither/Documents/SDR/fpga/rtl/rs_berlekamp_massey.v:181]
WARNING: [Synth 8-4767] Trying to implement RAM 'synd_reg' in registers. Block RAM or DRAM implementation is not possible; see log for reasons.
Reason is one or more of the following :
	1: RAM has too many ports (16). Maximum supported = 16. 
	2: Unable to determine number of words or word size in RAM. 
	3: No valid read/write found for RAM. 
RAM "synd_reg" dissolved into registers
---------------------------------------------------------------------------------
Finished Synthesize : Time (s): cpu = 00:00:05 ; elapsed = 00:00:05 . Memory (MB): peak = 2145.180 ; gain = 609.539 ; free physical = 4216 ; free virtual = 49548
---------------------------------------------------------------------------------
---------------------------------------------------------------------------------
Finished Constraint Validation : Time (s): cpu = 00:00:06 ; elapsed = 00:00:06 . Memory (MB): peak = 2160.023 ; gain = 624.383 ; free physical = 4249 ; free virtual = 49581
---------------------------------------------------------------------------------
---------------------------------------------------------------------------------
Start Loading Part and Timing Information
---------------------------------------------------------------------------------
Loading part: xc7z020clg400-2
INFO: [Device 21-403] Loading part xc7z020clg400-2
---------------------------------------------------------------------------------
Finished Loading Part and Timing Information : Time (s): cpu = 00:00:06 ; elapsed = 00:00:06 . Memory (MB): peak = 2160.023 ; gain = 624.383 ; free physical = 4249 ; free virtual = 49581
---------------------------------------------------------------------------------
INFO: [Synth 8-802] inferred FSM for state register 'bm_stage_reg' in module 'rs_berlekamp_massey'
---------------------------------------------------------------------------------------------------
                   State |                     New Encoding |                Previous Encoding 
---------------------------------------------------------------------------------------------------
                ST_DELTA |                              001 |                               00
                 ST_COEF |                              010 |                               01
               ST_UPDATE |                              100 |                               10
---------------------------------------------------------------------------------------------------
INFO: [Synth 8-3354] encoded FSM with state register 'bm_stage_reg' using encoding 'one-hot' in module 'rs_berlekamp_massey'
---------------------------------------------------------------------------------
Finished RTL Optimization Phase 2 : Time (s): cpu = 00:00:10 ; elapsed = 00:00:08 . Memory (MB): peak = 2189.984 ; gain = 654.344 ; free physical = 4248 ; free virtual = 49580
---------------------------------------------------------------------------------
No constraint files found.
---------------------------------------------------------------------------------
Start RTL Component Statistics 
---------------------------------------------------------------------------------
Detailed RTL Component Info : 
+---Adders : 
	   2 Input    6 Bit       Adders := 3     
	   3 Input    6 Bit       Adders := 1     
	   2 Input    5 Bit       Adders := 1     
+---XORs : 
	   2 Input      8 Bit         XORs := 765   
+---Registers : 
	                8 Bit    Registers := 102   
	                6 Bit    Registers := 5     
	                5 Bit    Registers := 1     
	                1 Bit    Registers := 5     
+---Muxes : 
	   2 Input    8 Bit        Muxes := 733   
	   2 Input    6 Bit        Muxes := 2     
	   2 Input    1 Bit        Muxes := 41    
	   3 Input    1 Bit        Muxes := 5     
---------------------------------------------------------------------------------
Finished RTL Component Statistics 
---------------------------------------------------------------------------------
---------------------------------------------------------------------------------
Start Part Resource Summary
---------------------------------------------------------------------------------
Part Resources:
DSPs: 220 (col length:60)
BRAMs: 280 (col length: RAMB18 60 RAMB36 30)
---------------------------------------------------------------------------------
Finished Part Resource Summary
---------------------------------------------------------------------------------
No constraint files found.
---------------------------------------------------------------------------------
Start Cross Boundary and Area Optimization
---------------------------------------------------------------------------------
WARNING: [Synth 8-7080] Parallel synthesis criteria is not met
---------------------------------------------------------------------------------
Finished Cross Boundary and Area Optimization : Time (s): cpu = 00:00:26 ; elapsed = 00:00:25 . Memory (MB): peak = 2888.164 ; gain = 1352.523 ; free physical = 3568 ; free virtual = 48893
---------------------------------------------------------------------------------
---------------------------------------------------------------------------------
Start ROM, RAM, DSP, Shift Register and Retiming Reporting
---------------------------------------------------------------------------------

ROM: Preliminary Mapping Report
+--------------------+------------+---------------+----------------+
|Module Name         | RTL Object | Depth x Width | Implemented As | 
+--------------------+------------+---------------+----------------+
|rs_berlekamp_massey | ginv       | 256x8         | LUT            | 
|rs_berlekamp_massey | p_0_out    | 256x8         | LUT            | 
+--------------------+------------+---------------+----------------+

---------------------------------------------------------------------------------
Finished ROM, RAM, DSP, Shift Register and Retiming Reporting
---------------------------------------------------------------------------------
No constraint files found.
---------------------------------------------------------------------------------
Start Timing Optimization
---------------------------------------------------------------------------------
---------------------------------------------------------------------------------
Finished Timing Optimization : Time (s): cpu = 00:00:26 ; elapsed = 00:00:25 . Memory (MB): peak = 2888.164 ; gain = 1352.523 ; free physical = 3576 ; free virtual = 48901
---------------------------------------------------------------------------------
---------------------------------------------------------------------------------
Start Technology Mapping
---------------------------------------------------------------------------------
---------------------------------------------------------------------------------
Finished Technology Mapping : Time (s): cpu = 00:00:28 ; elapsed = 00:00:27 . Memory (MB): peak = 2888.164 ; gain = 1352.523 ; free physical = 3577 ; free virtual = 48901
---------------------------------------------------------------------------------
---------------------------------------------------------------------------------
Start IO Insertion
---------------------------------------------------------------------------------
---------------------------------------------------------------------------------
Start Flattening Before IO Insertion
---------------------------------------------------------------------------------
---------------------------------------------------------------------------------
Finished Flattening Before IO Insertion
---------------------------------------------------------------------------------
---------------------------------------------------------------------------------
Start Final Netlist Cleanup
---------------------------------------------------------------------------------
---------------------------------------------------------------------------------
Finished Final Netlist Cleanup
---------------------------------------------------------------------------------
---------------------------------------------------------------------------------
Finished IO Insertion : Time (s): cpu = 00:00:31 ; elapsed = 00:00:29 . Memory (MB): peak = 2888.164 ; gain = 1352.523 ; free physical = 3575 ; free virtual = 48898
---------------------------------------------------------------------------------
---------------------------------------------------------------------------------
Start Renaming Generated Instances
---------------------------------------------------------------------------------
---------------------------------------------------------------------------------
Finished Renaming Generated Instances : Time (s): cpu = 00:00:31 ; elapsed = 00:00:30 . Memory (MB): peak = 2888.164 ; gain = 1352.523 ; free physical = 3575 ; free virtual = 48898
---------------------------------------------------------------------------------
---------------------------------------------------------------------------------
Start Rebuilding User Hierarchy
---------------------------------------------------------------------------------
---------------------------------------------------------------------------------
Finished Rebuilding User Hierarchy : Time (s): cpu = 00:00:31 ; elapsed = 00:00:30 . Memory (MB): peak = 2888.164 ; gain = 1352.523 ; free physical = 3574 ; free virtual = 48897
---------------------------------------------------------------------------------
---------------------------------------------------------------------------------
Start Renaming Generated Ports
---------------------------------------------------------------------------------
---------------------------------------------------------------------------------
Finished Renaming Generated Ports : Time (s): cpu = 00:00:31 ; elapsed = 00:00:30 . Memory (MB): peak = 2888.164 ; gain = 1352.523 ; free physical = 3574 ; free virtual = 48897
---------------------------------------------------------------------------------
---------------------------------------------------------------------------------
Start Handling Custom Attributes
---------------------------------------------------------------------------------
---------------------------------------------------------------------------------
Finished Handling Custom Attributes : Time (s): cpu = 00:00:31 ; elapsed = 00:00:30 . Memory (MB): peak = 2888.164 ; gain = 1352.523 ; free physical = 3578 ; free virtual = 48901
---------------------------------------------------------------------------------
---------------------------------------------------------------------------------
Start Renaming Generated Nets
---------------------------------------------------------------------------------
---------------------------------------------------------------------------------
Finished Renaming Generated Nets : Time (s): cpu = 00:00:31 ; elapsed = 00:00:30 . Memory (MB): peak = 2888.164 ; gain = 1352.523 ; free physical = 3578 ; free virtual = 48901
---------------------------------------------------------------------------------
---------------------------------------------------------------------------------
Start Writing Synthesis Report
---------------------------------------------------------------------------------

Report BlackBoxes: 
+-+--------------+----------+
| |BlackBox name |Instances |
+-+--------------+----------+
+-+--------------+----------+

Report Cell Usage: 
+------+-------+------+
|      |Cell   |Count |
+------+-------+------+
|1     |CARRY4 |     2|
|2     |LUT1   |     6|
|3     |LUT2   |    64|
|4     |LUT3   |   636|
|5     |LUT4   |   595|
|6     |LUT5   |   724|
|7     |LUT6   |  3005|
|8     |MUXF7  |    31|
|9     |MUXF8  |    11|
|10    |FDRE   |   883|
|11    |FDSE   |     6|
+------+-------+------+

Report Instance Areas: 
+------+---------+-------+------+
|      |Instance |Module |Cells |
+------+---------+-------+------+
|1     |top      |       |  5963|
+------+---------+-------+------+
---------------------------------------------------------------------------------
Finished Writing Synthesis Report : Time (s): cpu = 00:00:31 ; elapsed = 00:00:30 . Memory (MB): peak = 2888.164 ; gain = 1352.523 ; free physical = 3578 ; free virtual = 48901
---------------------------------------------------------------------------------
Synthesis finished with 0 errors, 0 critical warnings and 36 warnings.
Synthesis Optimization Runtime : Time (s): cpu = 00:00:31 ; elapsed = 00:00:30 . Memory (MB): peak = 2888.164 ; gain = 1352.523 ; free physical = 3578 ; free virtual = 48901
Synthesis Optimization Complete : Time (s): cpu = 00:00:31 ; elapsed = 00:00:30 . Memory (MB): peak = 2888.172 ; gain = 1352.523 ; free physical = 3578 ; free virtual = 48901
INFO: [Project 1-571] Translating synthesized netlist
Netlist sorting complete. Time (s): cpu = 00:00:00.02 ; elapsed = 00:00:00.02 . Memory (MB): peak = 2888.172 ; gain = 0.000 ; free physical = 3736 ; free virtual = 49059
INFO: [Netlist 29-17] Analyzing 44 Unisim elements for replacement
INFO: [Netlist 29-28] Unisim Transformation completed in 0 CPU seconds
WARNING: [Netlist 29-101] Netlist 'rs_berlekamp_massey' is not ideal for floorplanning, since the cellview 'rs_berlekamp_massey' contains a large number of primitives.  Please consider enabling hierarchy in synthesis if you want to do floorplanning.
INFO: [Project 1-570] Preparing netlist for logic optimization
INFO: [Opt 31-138] Pushed 0 inverter(s) to 0 load pin(s).
Netlist sorting complete. Time (s): cpu = 00:00:00 ; elapsed = 00:00:00 . Memory (MB): peak = 2928.184 ; gain = 0.000 ; free physical = 3742 ; free virtual = 49067
INFO: [Project 1-111] Unisim Transformation Summary:
No Unisim elements were transformed.

Synth Design complete | Checksum: 876fcddc
INFO: [Common 17-83] Releasing license: Synthesis
17 Infos, 37 Warnings, 0 Critical Warnings and 0 Errors encountered.
synth_design completed successfully
synth_design: Time (s): cpu = 00:00:36 ; elapsed = 00:00:33 . Memory (MB): peak = 2928.219 ; gain = 1392.578 ; free physical = 3742 ; free virtual = 49066
INFO: [Common 17-2834] synth_design peak Physical Memory [PSS] (MB): overall = 2408.534; main = 2408.534; forked = 335.256
INFO: [Common 17-2834] synth_design peak Virtual Memory [VSS] (MB): overall = 3663.367; main = 2928.188; forked = 956.199
# create_clock -name clk -period 5.000 [get_ports clk]
# report_utilization -file [file join [file dirname [info script]] rs_bm_utilization.rpt]
# report_timing_summary -file [file join [file dirname [info script]] rs_bm_timing.rpt]
INFO: [Timing 38-35] Done setting XDC timing constraints.
INFO: [Timing 38-91] UpdateTimingParams: Speed grade: -2, Delay Type: min_max.
INFO: [Timing 38-191] Multithreading enabled for timing update using a maximum of 8 CPUs
WARNING: [Timing 38-242] The property HD.CLK_SRC of clock port "clk" is not set. In out-of-context mode, this prevents timing estimation for clock delay/skew
Resolution: Set the HD.CLK_SRC property of the out-of-context port to the location of the clock buffer instance in the top-level design
# close_design
INFO: [Common 17-206] Exiting Vivado at Thu Oct  1 20:14:44 2026...
