#-----------------------------------------------------------
# Vivado v2025.1 (64-bit)
# SW Build 6140274 on Wed May 21 22:58:25 MDT 2025
# IP Build 6138677 on Thu May 22 03:10:11 MDT 2025
# SharedData Build 6139179 on Tue May 20 17:58:58 MDT 2025
# Start of session at: Fri Oct  2 10:33:42 2026
# Process ID         : 389483
# Current directory  : /home/amither/Documents/SDR
# Command line       : vivado -mode batch -source qualification/rs_decoder_ooc_synth.tcl -log qualification/rs_decoder_synth.log -nojournal
# Log file           : /home/amither/Documents/SDR/qualification/rs_decoder_synth.log
# Journal file       : 
# Running On         : amither-Legion-T5-28IMB05
# Platform           : Ubuntu
# Operating System   : Ubuntu 24.04.2 LTS
# Processor Detail   : Intel(R) Core(TM) i9-10900 CPU @ 2.80GHz
# CPU Frequency      : 4699.351 MHz
# CPU Physical cores : 10
# CPU Logical cores  : 20
# Host memory        : 67146 MB
# Swap memory        : 8589 MB
# Total Virtual      : 75736 MB
# Available Virtual  : 54944 MB
#-----------------------------------------------------------
source qualification/rs_decoder_ooc_synth.tcl
# read_verilog [list \
#     [file join [file dirname [info script]] .. fpga rtl rs_syndrome.v] \
#     [file join [file dirname [info script]] .. fpga rtl rs_berlekamp_massey.v] \
#     [file join [file dirname [info script]] .. fpga rtl rs_chien_search.v] \
#     [file join [file dirname [info script]] .. fpga rtl rs_forney.v] \
#     [file join [file dirname [info script]] .. fpga rtl rs_decoder.v] \
# ]
# synth_design -top rs_decoder -part xc7z020clg400-2 -mode out_of_context
Command: synth_design -top rs_decoder -part xc7z020clg400-2 -mode out_of_context
Starting synth_design
Attempting to get a license for feature 'Synthesis' and/or device 'xc7z020'
INFO: [Common 17-349] Got license for feature 'Synthesis' and/or device 'xc7z020'
INFO: [Synth 8-7079] Multithreading enabled for synth_design using a maximum of 7 processes.
INFO: [Synth 8-7078] Launching helper process for spawning children vivado processes
INFO: [Synth 8-7075] Helper process launched with PID 389530
---------------------------------------------------------------------------------
Starting Synthesize : Time (s): cpu = 00:00:03 ; elapsed = 00:00:03 . Memory (MB): peak = 1951.215 ; gain = 416.570 ; free physical = 8849 ; free virtual = 51250
---------------------------------------------------------------------------------
INFO: [Synth 8-6157] synthesizing module 'rs_decoder' [/home/amither/Documents/SDR/fpga/rtl/rs_decoder.v:47]
INFO: [Synth 8-6157] synthesizing module 'rs_syndrome' [/home/amither/Documents/SDR/fpga/rtl/rs_syndrome.v:16]
INFO: [Synth 8-6155] done synthesizing module 'rs_syndrome' (0#1) [/home/amither/Documents/SDR/fpga/rtl/rs_syndrome.v:16]
INFO: [Synth 8-6157] synthesizing module 'rs_berlekamp_massey' [/home/amither/Documents/SDR/fpga/rtl/rs_berlekamp_massey.v:45]
INFO: [Synth 8-155] case statement is not full and has no default [/home/amither/Documents/SDR/fpga/rtl/rs_berlekamp_massey.v:197]
INFO: [Synth 8-6155] done synthesizing module 'rs_berlekamp_massey' (0#1) [/home/amither/Documents/SDR/fpga/rtl/rs_berlekamp_massey.v:45]
INFO: [Synth 8-6157] synthesizing module 'rs_chien_search' [/home/amither/Documents/SDR/fpga/rtl/rs_chien_search.v:22]
INFO: [Synth 8-6155] done synthesizing module 'rs_chien_search' (0#1) [/home/amither/Documents/SDR/fpga/rtl/rs_chien_search.v:22]
INFO: [Synth 8-6157] synthesizing module 'rs_forney' [/home/amither/Documents/SDR/fpga/rtl/rs_forney.v:31]
INFO: [Synth 8-155] case statement is not full and has no default [/home/amither/Documents/SDR/fpga/rtl/rs_forney.v:177]
INFO: [Synth 8-6155] done synthesizing module 'rs_forney' (0#1) [/home/amither/Documents/SDR/fpga/rtl/rs_forney.v:31]
INFO: [Synth 8-6155] done synthesizing module 'rs_decoder' (0#1) [/home/amither/Documents/SDR/fpga/rtl/rs_decoder.v:47]
WARNING: [Synth 8-6014] Unused sequential element delta_reg was removed.  [/home/amither/Documents/SDR/fpga/rtl/rs_berlekamp_massey.v:200]
WARNING: [Synth 8-6014] Unused sequential element newC_reg[0] was removed.  [/home/amither/Documents/SDR/fpga/rtl/rs_berlekamp_massey.v:225]
WARNING: [Synth 8-6014] Unused sequential element newC_reg[1] was removed.  [/home/amither/Documents/SDR/fpga/rtl/rs_berlekamp_massey.v:225]
WARNING: [Synth 8-6014] Unused sequential element newC_reg[2] was removed.  [/home/amither/Documents/SDR/fpga/rtl/rs_berlekamp_massey.v:225]
WARNING: [Synth 8-6014] Unused sequential element newC_reg[3] was removed.  [/home/amither/Documents/SDR/fpga/rtl/rs_berlekamp_massey.v:225]
WARNING: [Synth 8-6014] Unused sequential element newC_reg[4] was removed.  [/home/amither/Documents/SDR/fpga/rtl/rs_berlekamp_massey.v:225]
WARNING: [Synth 8-6014] Unused sequential element newC_reg[5] was removed.  [/home/amither/Documents/SDR/fpga/rtl/rs_berlekamp_massey.v:225]
WARNING: [Synth 8-6014] Unused sequential element newC_reg[6] was removed.  [/home/amither/Documents/SDR/fpga/rtl/rs_berlekamp_massey.v:225]
WARNING: [Synth 8-6014] Unused sequential element newC_reg[7] was removed.  [/home/amither/Documents/SDR/fpga/rtl/rs_berlekamp_massey.v:225]
WARNING: [Synth 8-6014] Unused sequential element newC_reg[8] was removed.  [/home/amither/Documents/SDR/fpga/rtl/rs_berlekamp_massey.v:225]
WARNING: [Synth 8-6014] Unused sequential element newC_reg[9] was removed.  [/home/amither/Documents/SDR/fpga/rtl/rs_berlekamp_massey.v:225]
WARNING: [Synth 8-6014] Unused sequential element newC_reg[10] was removed.  [/home/amither/Documents/SDR/fpga/rtl/rs_berlekamp_massey.v:225]
WARNING: [Synth 8-6014] Unused sequential element newC_reg[11] was removed.  [/home/amither/Documents/SDR/fpga/rtl/rs_berlekamp_massey.v:225]
WARNING: [Synth 8-6014] Unused sequential element newC_reg[12] was removed.  [/home/amither/Documents/SDR/fpga/rtl/rs_berlekamp_massey.v:225]
WARNING: [Synth 8-6014] Unused sequential element newC_reg[13] was removed.  [/home/amither/Documents/SDR/fpga/rtl/rs_berlekamp_massey.v:225]
WARNING: [Synth 8-6014] Unused sequential element newC_reg[14] was removed.  [/home/amither/Documents/SDR/fpga/rtl/rs_berlekamp_massey.v:225]
WARNING: [Synth 8-6014] Unused sequential element newC_reg[15] was removed.  [/home/amither/Documents/SDR/fpga/rtl/rs_berlekamp_massey.v:225]
WARNING: [Synth 8-6014] Unused sequential element newC_reg[16] was removed.  [/home/amither/Documents/SDR/fpga/rtl/rs_berlekamp_massey.v:225]
WARNING: [Synth 8-6014] Unused sequential element newC_reg[17] was removed.  [/home/amither/Documents/SDR/fpga/rtl/rs_berlekamp_massey.v:225]
WARNING: [Synth 8-6014] Unused sequential element newC_reg[18] was removed.  [/home/amither/Documents/SDR/fpga/rtl/rs_berlekamp_massey.v:225]
WARNING: [Synth 8-6014] Unused sequential element newC_reg[19] was removed.  [/home/amither/Documents/SDR/fpga/rtl/rs_berlekamp_massey.v:225]
WARNING: [Synth 8-6014] Unused sequential element newC_reg[20] was removed.  [/home/amither/Documents/SDR/fpga/rtl/rs_berlekamp_massey.v:225]
WARNING: [Synth 8-6014] Unused sequential element newC_reg[21] was removed.  [/home/amither/Documents/SDR/fpga/rtl/rs_berlekamp_massey.v:225]
WARNING: [Synth 8-6014] Unused sequential element newC_reg[22] was removed.  [/home/amither/Documents/SDR/fpga/rtl/rs_berlekamp_massey.v:225]
WARNING: [Synth 8-6014] Unused sequential element newC_reg[23] was removed.  [/home/amither/Documents/SDR/fpga/rtl/rs_berlekamp_massey.v:225]
WARNING: [Synth 8-6014] Unused sequential element newC_reg[24] was removed.  [/home/amither/Documents/SDR/fpga/rtl/rs_berlekamp_massey.v:225]
WARNING: [Synth 8-6014] Unused sequential element newC_reg[25] was removed.  [/home/amither/Documents/SDR/fpga/rtl/rs_berlekamp_massey.v:225]
WARNING: [Synth 8-6014] Unused sequential element newC_reg[26] was removed.  [/home/amither/Documents/SDR/fpga/rtl/rs_berlekamp_massey.v:225]
WARNING: [Synth 8-6014] Unused sequential element newC_reg[27] was removed.  [/home/amither/Documents/SDR/fpga/rtl/rs_berlekamp_massey.v:225]
WARNING: [Synth 8-6014] Unused sequential element newC_reg[28] was removed.  [/home/amither/Documents/SDR/fpga/rtl/rs_berlekamp_massey.v:225]
WARNING: [Synth 8-6014] Unused sequential element newC_reg[29] was removed.  [/home/amither/Documents/SDR/fpga/rtl/rs_berlekamp_massey.v:225]
WARNING: [Synth 8-6014] Unused sequential element newC_reg[30] was removed.  [/home/amither/Documents/SDR/fpga/rtl/rs_berlekamp_massey.v:225]
WARNING: [Synth 8-6014] Unused sequential element newC_reg[31] was removed.  [/home/amither/Documents/SDR/fpga/rtl/rs_berlekamp_massey.v:225]
WARNING: [Synth 8-6014] Unused sequential element newC_reg[32] was removed.  [/home/amither/Documents/SDR/fpga/rtl/rs_berlekamp_massey.v:225]
WARNING: [Synth 8-4767] Trying to implement RAM 'synd_reg' in registers. Block RAM or DRAM implementation is not possible; see log for reasons.
Reason is one or more of the following :
	1: RAM has too many ports (16). Maximum supported = 16. 
	2: Unable to determine number of words or word size in RAM. 
	3: No valid read/write found for RAM. 
RAM "synd_reg" dissolved into registers
---------------------------------------------------------------------------------
Finished Synthesize : Time (s): cpu = 00:00:07 ; elapsed = 00:00:07 . Memory (MB): peak = 2189.152 ; gain = 654.508 ; free physical = 8622 ; free virtual = 51027
---------------------------------------------------------------------------------
---------------------------------------------------------------------------------
Finished Constraint Validation : Time (s): cpu = 00:00:08 ; elapsed = 00:00:08 . Memory (MB): peak = 2201.027 ; gain = 666.383 ; free physical = 8675 ; free virtual = 51083
---------------------------------------------------------------------------------
---------------------------------------------------------------------------------
Start Loading Part and Timing Information
---------------------------------------------------------------------------------
Loading part: xc7z020clg400-2
INFO: [Device 21-403] Loading part xc7z020clg400-2
---------------------------------------------------------------------------------
Finished Loading Part and Timing Information : Time (s): cpu = 00:00:08 ; elapsed = 00:00:08 . Memory (MB): peak = 2201.027 ; gain = 666.383 ; free physical = 8675 ; free virtual = 51083
---------------------------------------------------------------------------------
INFO: [Synth 8-802] inferred FSM for state register 'state_reg' in module 'rs_forney'
---------------------------------------------------------------------------------------------------
                   State |                     New Encoding |                Previous Encoding 
---------------------------------------------------------------------------------------------------
                 ST_COEF |                           010000 |                              000
                 ST_SYND |                           001000 |                              001
                ST_OMEGA |                           100000 |                              010
                ST_READY |                           000010 |                              011
                 ST_EVAL |                           000100 |                              100
               ST_FINISH |                           000001 |                              101
---------------------------------------------------------------------------------------------------
INFO: [Synth 8-3354] encoded FSM with state register 'state_reg' using encoding 'one-hot' in module 'rs_forney'
---------------------------------------------------------------------------------
Finished RTL Optimization Phase 2 : Time (s): cpu = 00:00:14 ; elapsed = 00:00:12 . Memory (MB): peak = 2217.043 ; gain = 682.398 ; free physical = 8709 ; free virtual = 51120
---------------------------------------------------------------------------------
No constraint files found.
---------------------------------------------------------------------------------
Start RTL Component Statistics 
---------------------------------------------------------------------------------
Detailed RTL Component Info : 
+---Adders : 
	   2 Input    9 Bit       Adders := 1     
	   2 Input    8 Bit       Adders := 4     
	   2 Input    6 Bit       Adders := 9     
	   3 Input    6 Bit       Adders := 1     
	   2 Input    5 Bit       Adders := 4     
+---XORs : 
	   2 Input      8 Bit         XORs := 1445  
	   5 Input      8 Bit         XORs := 15    
	   6 Input      8 Bit         XORs := 10    
	   4 Input      8 Bit         XORs := 11    
	   3 Input      8 Bit         XORs := 13    
	   7 Input      8 Bit         XORs := 2     
	  33 Input      8 Bit         XORs := 1     
+---Registers : 
	                8 Bit    Registers := 279   
	                6 Bit    Registers := 12    
	                5 Bit    Registers := 2     
	                4 Bit    Registers := 1     
	                3 Bit    Registers := 1     
	                1 Bit    Registers := 19    
+---RAMs : 
	               1K Bit	(255 X 8 bit)          RAMs := 1     
	              264 Bit	(33 X 8 bit)          RAMs := 1     
	              256 Bit	(32 X 8 bit)          RAMs := 1     
	              128 Bit	(16 X 8 bit)          RAMs := 2     
+---ROMs : 
	                    ROMs := 3     
+---Muxes : 
	   2 Input    9 Bit        Muxes := 4     
	   2 Input    8 Bit        Muxes := 1416  
	   6 Input    8 Bit        Muxes := 36    
	  15 Input    8 Bit        Muxes := 2     
	   6 Input    6 Bit        Muxes := 5     
	   2 Input    6 Bit        Muxes := 4     
	  15 Input    6 Bit        Muxes := 2     
	  15 Input    5 Bit        Muxes := 1     
	   2 Input    5 Bit        Muxes := 1     
	   2 Input    4 Bit        Muxes := 2     
	   6 Input    3 Bit        Muxes := 1     
	   2 Input    3 Bit        Muxes := 1     
	   4 Input    3 Bit        Muxes := 1     
	   2 Input    1 Bit        Muxes := 203   
	   6 Input    1 Bit        Muxes := 105   
	   4 Input    1 Bit        Muxes := 9     
	  15 Input    1 Bit        Muxes := 15    
---------------------------------------------------------------------------------
Finished RTL Component Statistics 
---------------------------------------------------------------------------------
---------------------------------------------------------------------------------
Start Part Resource Summary
---------------------------------------------------------------------------------
Part Resources:
DSPs: 220 (col length:60)
BRAMs: 280 (col length: RAMB18 60 RAMB36 30)
---------------------------------------------------------------------------------
Finished Part Resource Summary
---------------------------------------------------------------------------------
No constraint files found.
---------------------------------------------------------------------------------
Start Cross Boundary and Area Optimization
---------------------------------------------------------------------------------
WARNING: [Synth 8-7080] Parallel synthesis criteria is not met
---------------------------------------------------------------------------------
Finished Cross Boundary and Area Optimization : Time (s): cpu = 00:01:07 ; elapsed = 00:01:06 . Memory (MB): peak = 2986.926 ; gain = 1452.281 ; free physical = 8027 ; free virtual = 50433
---------------------------------------------------------------------------------
---------------------------------------------------------------------------------
Start ROM, RAM, DSP, Shift Register and Retiming Reporting
---------------------------------------------------------------------------------

ROM: Preliminary Mapping Report
+--------------------+---------------+---------------+----------------+
|Module Name         | RTL Object    | Depth x Width | Implemented As | 
+--------------------+---------------+---------------+----------------+
|rs_berlekamp_massey | ginv          | 256x8         | LUT            | 
|rs_forney           | x_inv_reg     | 256x8         | Block RAM      | 
|rs_forney           | r_cp_reg_rep  | 256x8         | Block RAM      | 
|rs_forney           | req_j_reg_rep | 256x8         | Block RAM      | 
|rs_berlekamp_massey | p_0_out       | 256x8         | LUT            | 
+--------------------+---------------+---------------+----------------+


Distributed RAM: Preliminary Mapping Report (see note below)
+------------+--------------+-----------+----------------------+----------------------------+
|Module Name | RTL Object   | Inference | Size (Depth x Width) | Primitives                 | 
+------------+--------------+-----------+----------------------+----------------------------+
|rs_decoder  | mag_buf_reg  | Implied   | 16 x 8               | RAM16X1S x 8               | 
|rs_decoder  | root_buf_reg | Implied   | 16 x 8               | RAM32M x 2                 | 
|rs_decoder  | rx_buf_reg   | Implied   | 256 x 8              | RAM64M x 24                | 
|rs_decoder  | coef_buf_reg | Implied   | 64 x 8               | RAM16X1S x 8 RAM32X1S x 8  | 
|rs_decoder  | synd_buf_reg | Implied   | 32 x 8               | RAM32X1S x 8               | 
+------------+--------------+-----------+----------------------+----------------------------+

Note: The table above is a preliminary report that shows the Distributed RAMs at the current stage of the synthesis flow. Some Distributed RAMs may be reimplemented as non Distributed RAM primitives later in the synthesis flow. Multiple instantiated RAMs are reported only once.
---------------------------------------------------------------------------------
Finished ROM, RAM, DSP, Shift Register and Retiming Reporting
---------------------------------------------------------------------------------
No constraint files found.
---------------------------------------------------------------------------------
Start Timing Optimization
---------------------------------------------------------------------------------
---------------------------------------------------------------------------------
Finished Timing Optimization : Time (s): cpu = 00:01:07 ; elapsed = 00:01:06 . Memory (MB): peak = 2986.926 ; gain = 1452.281 ; free physical = 8027 ; free virtual = 50433
---------------------------------------------------------------------------------
---------------------------------------------------------------------------------
Start ROM, RAM, DSP, Shift Register and Retiming Reporting
---------------------------------------------------------------------------------

Distributed RAM: Final Mapping Report
+------------+--------------+-----------+----------------------+----------------------------+
|Module Name | RTL Object   | Inference | Size (Depth x Width) | Primitives                 | 
+------------+--------------+-----------+----------------------+----------------------------+
|rs_decoder  | mag_buf_reg  | Implied   | 16 x 8               | RAM16X1S x 8               | 
|rs_decoder  | root_buf_reg | Implied   | 16 x 8               | RAM32M x 2                 | 
|rs_decoder  | rx_buf_reg   | Implied   | 256 x 8              | RAM64M x 24                | 
|rs_decoder  | coef_buf_reg | Implied   | 64 x 8               | RAM16X1S x 8 RAM32X1S x 8  | 
|rs_decoder  | synd_buf_reg | Implied   | 32 x 8               | RAM32X1S x 8               | 
+------------+--------------+-----------+----------------------+----------------------------+

---------------------------------------------------------------------------------
Finished ROM, RAM, DSP, Shift Register and Retiming Reporting
---------------------------------------------------------------------------------
---------------------------------------------------------------------------------
Start Technology Mapping
---------------------------------------------------------------------------------
INFO: [Synth 8-7052] The timing for the instance u_forney/x_inv_reg (implemented as a Block RAM) might be sub-optimal as no optional output register could be merged into the ram block. Providing additional output register may help in improving timing.
INFO: [Synth 8-7052] The timing for the instance u_forney/x_inv_reg (implemented as a Block RAM) might be sub-optimal as no optional output register could be merged into the ram block. Providing additional output register may help in improving timing.
INFO: [Synth 8-7052] The timing for the instance u_forney/r_cp_reg_rep (implemented as a Block RAM) might be sub-optimal as no optional output register could be merged into the ram block. Providing additional output register may help in improving timing.
---------------------------------------------------------------------------------
Finished Technology Mapping : Time (s): cpu = 00:01:09 ; elapsed = 00:01:08 . Memory (MB): peak = 2986.926 ; gain = 1452.281 ; free physical = 8030 ; free virtual = 50434
---------------------------------------------------------------------------------
---------------------------------------------------------------------------------
Start IO Insertion
---------------------------------------------------------------------------------
---------------------------------------------------------------------------------
Start Flattening Before IO Insertion
---------------------------------------------------------------------------------
---------------------------------------------------------------------------------
Finished Flattening Before IO Insertion
---------------------------------------------------------------------------------
---------------------------------------------------------------------------------
Start Final Netlist Cleanup
---------------------------------------------------------------------------------
---------------------------------------------------------------------------------
Finished Final Netlist Cleanup
---------------------------------------------------------------------------------
---------------------------------------------------------------------------------
Finished IO Insertion : Time (s): cpu = 00:01:12 ; elapsed = 00:01:11 . Memory (MB): peak = 2986.926 ; gain = 1452.281 ; free physical = 8021 ; free virtual = 50427
---------------------------------------------------------------------------------
---------------------------------------------------------------------------------
Start Renaming Generated Instances
---------------------------------------------------------------------------------
---------------------------------------------------------------------------------
Finished Renaming Generated Instances : Time (s): cpu = 00:01:12 ; elapsed = 00:01:11 . Memory (MB): peak = 2986.926 ; gain = 1452.281 ; free physical = 8021 ; free virtual = 50427
---------------------------------------------------------------------------------
---------------------------------------------------------------------------------
Start Rebuilding User Hierarchy
---------------------------------------------------------------------------------
---------------------------------------------------------------------------------
Finished Rebuilding User Hierarchy : Time (s): cpu = 00:01:12 ; elapsed = 00:01:11 . Memory (MB): peak = 2986.926 ; gain = 1452.281 ; free physical = 8023 ; free virtual = 50429
---------------------------------------------------------------------------------
---------------------------------------------------------------------------------
Start Renaming Generated Ports
---------------------------------------------------------------------------------
---------------------------------------------------------------------------------
Finished Renaming Generated Ports : Time (s): cpu = 00:01:12 ; elapsed = 00:01:11 . Memory (MB): peak = 2986.926 ; gain = 1452.281 ; free physical = 8023 ; free virtual = 50429
---------------------------------------------------------------------------------
---------------------------------------------------------------------------------
Start Handling Custom Attributes
---------------------------------------------------------------------------------
---------------------------------------------------------------------------------
Finished Handling Custom Attributes : Time (s): cpu = 00:01:13 ; elapsed = 00:01:12 . Memory (MB): peak = 2986.926 ; gain = 1452.281 ; free physical = 8023 ; free virtual = 50429
---------------------------------------------------------------------------------
---------------------------------------------------------------------------------
Start Renaming Generated Nets
---------------------------------------------------------------------------------
---------------------------------------------------------------------------------
Finished Renaming Generated Nets : Time (s): cpu = 00:01:13 ; elapsed = 00:01:12 . Memory (MB): peak = 2986.926 ; gain = 1452.281 ; free physical = 8023 ; free virtual = 50429
---------------------------------------------------------------------------------
---------------------------------------------------------------------------------
Start Writing Synthesis Report
---------------------------------------------------------------------------------

Report BlackBoxes: 
+-+--------------+----------+
| |BlackBox name |Instances |
+-+--------------+----------+
+-+--------------+----------+

Report Cell Usage: 
+------+---------+------+
|      |Cell     |Count |
+------+---------+------+
|1     |CARRY4   |     3|
|2     |LUT1     |    23|
|3     |LUT2     |   295|
|4     |LUT3     |  1146|
|5     |LUT4     |  1372|
|6     |LUT5     |  1564|
|7     |LUT6     |  4776|
|8     |MUXF7    |    80|
|9     |MUXF8    |    15|
|10    |RAM16X1S |    16|
|11    |RAM32M   |     1|
|12    |RAM32X1D |     2|
|13    |RAM32X1S |    16|
|14    |RAM64M   |    24|
|15    |RAMB18E1 |     2|
|16    |FDRE     |  2368|
|17    |FDSE     |    10|
+------+---------+------+

Report Instance Areas: 
+------+-----------+--------------------+------+
|      |Instance   |Module              |Cells |
+------+-----------+--------------------+------+
|1     |top        |                    | 11713|
|2     |  u_bm     |rs_berlekamp_massey |  5956|
|3     |  u_chien  |rs_chien_search     |   942|
|4     |  u_forney |rs_forney           |  3847|
|5     |  u_synd   |rs_syndrome         |   813|
+------+-----------+--------------------+------+
---------------------------------------------------------------------------------
Finished Writing Synthesis Report : Time (s): cpu = 00:01:13 ; elapsed = 00:01:12 . Memory (MB): peak = 2986.926 ; gain = 1452.281 ; free physical = 8023 ; free virtual = 50429
---------------------------------------------------------------------------------
Synthesis finished with 0 errors, 0 critical warnings and 36 warnings.
Synthesis Optimization Runtime : Time (s): cpu = 00:01:13 ; elapsed = 00:01:12 . Memory (MB): peak = 2986.926 ; gain = 1452.281 ; free physical = 8023 ; free virtual = 50429
Synthesis Optimization Complete : Time (s): cpu = 00:01:13 ; elapsed = 00:01:12 . Memory (MB): peak = 2986.934 ; gain = 1452.281 ; free physical = 8023 ; free virtual = 50429
INFO: [Project 1-571] Translating synthesized netlist
Netlist sorting complete. Time (s): cpu = 00:00:00.04 ; elapsed = 00:00:00.04 . Memory (MB): peak = 2986.934 ; gain = 0.000 ; free physical = 8180 ; free virtual = 50587
INFO: [Netlist 29-17] Analyzing 159 Unisim elements for replacement
INFO: [Netlist 29-28] Unisim Transformation completed in 0 CPU seconds
INFO: [Project 1-570] Preparing netlist for logic optimization
INFO: [Opt 31-138] Pushed 0 inverter(s) to 0 load pin(s).
Netlist sorting complete. Time (s): cpu = 00:00:00 ; elapsed = 00:00:00 . Memory (MB): peak = 3026.945 ; gain = 0.000 ; free physical = 8178 ; free virtual = 50584
INFO: [Project 1-111] Unisim Transformation Summary:
  A total of 59 instances were transformed.
  RAM16X1S => RAM32X1S (RAMS32): 16 instances
  RAM32M => RAM32M (RAMD32(x6), RAMS32(x2)): 1 instance 
  RAM32X1D => RAM32X1D (RAMD32(x2)): 2 instances
  RAM32X1S => RAM32X1S (RAMS32): 16 instances
  RAM64M => RAM64M (RAMD64E(x4)): 24 instances

Synth Design complete | Checksum: 66bc120d
INFO: [Common 17-83] Releasing license: Synthesis
29 Infos, 36 Warnings, 0 Critical Warnings and 0 Errors encountered.
synth_design completed successfully
synth_design: Time (s): cpu = 00:01:18 ; elapsed = 00:01:15 . Memory (MB): peak = 3026.980 ; gain = 1492.336 ; free physical = 8177 ; free virtual = 50584
INFO: [Common 17-2834] synth_design peak Physical Memory [PSS] (MB): overall = 2659.327; main = 2508.306; forked = 335.287
INFO: [Common 17-2834] synth_design peak Virtual Memory [VSS] (MB): overall = 3943.133; main = 3026.949; forked = 956.203
# create_clock -name clk -period 10.000 [get_ports clk]
# report_utilization -file [file join [file dirname [info script]] rs_decoder_utilization.rpt]
# report_timing_summary -file [file join [file dirname [info script]] rs_decoder_timing.rpt]
INFO: [Timing 38-35] Done setting XDC timing constraints.
INFO: [Timing 38-91] UpdateTimingParams: Speed grade: -2, Delay Type: min_max.
INFO: [Timing 38-191] Multithreading enabled for timing update using a maximum of 8 CPUs
WARNING: [Timing 38-242] The property HD.CLK_SRC of clock port "clk" is not set. In out-of-context mode, this prevents timing estimation for clock delay/skew
Resolution: Set the HD.CLK_SRC property of the out-of-context port to the location of the clock buffer instance in the top-level design
report_timing_summary: Time (s): cpu = 00:00:06 ; elapsed = 00:00:05 . Memory (MB): peak = 3090.977 ; gain = 63.996 ; free physical = 8201 ; free virtual = 50591
# close_design
INFO: [Common 17-206] Exiting Vivado at Fri Oct  2 10:35:06 2026...
