Copyright 1986-2022 Xilinx, Inc. All Rights Reserved. Copyright 2022-2025 Advanced Micro Devices, Inc. All Rights Reserved.
---------------------------------------------------------------------------------------------------------------------------------------------
| Tool Version : Vivado v.2025.1 (lin64) Build 6140274 Wed May 21 22:58:25 MDT 2025
| Date         : Fri Oct  2 10:35:06 2026
| Host         : amither-Legion-T5-28IMB05 running 64-bit Ubuntu 24.04.2 LTS
| Command      : report_timing_summary -file qualification/rs_decoder_timing.rpt
| Design       : rs_decoder
| Device       : 7z020-clg400
| Speed File   : -2  PRODUCTION 1.12 2019-11-22
| Design State : Synthesized
---------------------------------------------------------------------------------------------------------------------------------------------

Timing Summary Report

------------------------------------------------------------------------------------------------
| Timer Settings
| --------------
------------------------------------------------------------------------------------------------

  Enable Multi Corner Analysis               :  Yes
  Enable Pessimism Removal                   :  Yes
  Pessimism Removal Resolution               :  Nearest Common Node
  Enable Input Delay Default Clock           :  No
  Enable Preset / Clear Arcs                 :  No
  Disable Flight Delays                      :  No
  Ignore I/O Paths                           :  No
  Timing Early Launch at Borrowing Latches   :  No
  Borrow Time for Max Delay Exceptions       :  Yes
  Merge Timing Exceptions                    :  Yes
  Inter-SLR Compensation                     :  Conservative

  Corner  Analyze    Analyze    
  Name    Max Paths  Min Paths  
  ------  ---------  ---------  
  Slow    Yes        Yes        
  Fast    Yes        Yes        


------------------------------------------------------------------------------------------------
| Report Methodology
| ------------------
------------------------------------------------------------------------------------------------

No report available as report_methodology has not been run prior. Run report_methodology on the current design for the summary of methodology violations.



check_timing report

Table of Contents
-----------------
1. checking no_clock (0)
2. checking constant_clock (0)
3. checking pulse_width_clock (0)
4. checking unconstrained_internal_endpoints (0)
5. checking no_input_delay (11)
6. checking no_output_delay (18)
7. checking multiple_clock (0)
8. checking generated_clocks (0)
9. checking loops (0)
10. checking partial_input_delay (0)
11. checking partial_output_delay (0)
12. checking latch_loops (0)

1. checking no_clock (0)
------------------------
 There are 0 register/latch pins with no clock.


2. checking constant_clock (0)
------------------------------
 There are 0 register/latch pins with constant_clock.


3. checking pulse_width_clock (0)
---------------------------------
 There are 0 register/latch pins which need pulse_width check


4. checking unconstrained_internal_endpoints (0)
------------------------------------------------
 There are 0 pins that are not constrained for maximum delay.

 There are 0 pins that are not constrained for maximum delay due to constant clock.


5. checking no_input_delay (11)
-------------------------------
 There are 11 input ports with no input delay specified. (HIGH)

 There are 0 input ports with no input delay but user has a false path constraint.


6. checking no_output_delay (18)
--------------------------------
 There are 18 ports with no output delay specified. (HIGH)

 There are 0 ports with no output delay but user has a false path constraint

 There are 0 ports with no output delay but with a timing clock defined on it or propagating through it


7. checking multiple_clock (0)
------------------------------
 There are 0 register/latch pins with multiple clocks.


8. checking generated_clocks (0)
--------------------------------
 There are 0 generated clocks that are not connected to a clock source.


9. checking loops (0)
---------------------
 There are 0 combinational loops in the design.


10. checking partial_input_delay (0)
------------------------------------
 There are 0 input ports with partial input delay specified.


11. checking partial_output_delay (0)
-------------------------------------
 There are 0 ports with partial output delay specified.


12. checking latch_loops (0)
----------------------------
 There are 0 combinational latch loops in the design through latch input



------------------------------------------------------------------------------------------------
| Design Timing Summary
| ---------------------
------------------------------------------------------------------------------------------------

    WNS(ns)      TNS(ns)  TNS Failing Endpoints  TNS Total Endpoints      WHS(ns)      THS(ns)  THS Failing Endpoints  THS Total Endpoints     WPWS(ns)     TPWS(ns)  TPWS Failing Endpoints  TPWS Total Endpoints  
    -------      -------  ---------------------  -------------------      -------      -------  ---------------------  -------------------     --------     --------  ----------------------  --------------------  
      2.402        0.000                      0                 6659        0.176        0.000                      0                 6659        3.870        0.000                       0                  2521  


All user specified timing constraints are met.


------------------------------------------------------------------------------------------------
| Clock Summary
| -------------
------------------------------------------------------------------------------------------------

Clock  Waveform(ns)       Period(ns)      Frequency(MHz)
-----  ------------       ----------      --------------
clk    {0.000 5.000}      10.000          100.000         


------------------------------------------------------------------------------------------------
| Intra Clock Table
| -----------------
------------------------------------------------------------------------------------------------

Clock             WNS(ns)      TNS(ns)  TNS Failing Endpoints  TNS Total Endpoints      WHS(ns)      THS(ns)  THS Failing Endpoints  THS Total Endpoints     WPWS(ns)     TPWS(ns)  TPWS Failing Endpoints  TPWS Total Endpoints  
-----             -------      -------  ---------------------  -------------------      -------      -------  ---------------------  -------------------     --------     --------  ----------------------  --------------------  
clk                 2.402        0.000                      0                 6659        0.176        0.000                      0                 6659        3.870        0.000                       0                  2521  


------------------------------------------------------------------------------------------------
| Inter Clock Table
| -----------------
------------------------------------------------------------------------------------------------

From Clock    To Clock          WNS(ns)      TNS(ns)  TNS Failing Endpoints  TNS Total Endpoints      WHS(ns)      THS(ns)  THS Failing Endpoints  THS Total Endpoints  
----------    --------          -------      -------  ---------------------  -------------------      -------      -------  ---------------------  -------------------  


------------------------------------------------------------------------------------------------
| Other Path Groups Table
| -----------------------
------------------------------------------------------------------------------------------------

Path Group    From Clock    To Clock          WNS(ns)      TNS(ns)  TNS Failing Endpoints  TNS Total Endpoints      WHS(ns)      THS(ns)  THS Failing Endpoints  THS Total Endpoints  
----------    ----------    --------          -------      -------  ---------------------  -------------------      -------      -------  ---------------------  -------------------  


------------------------------------------------------------------------------------------------
| Timing Details
| --------------
------------------------------------------------------------------------------------------------


---------------------------------------------------------------------------------------------------
From Clock:  clk
  To Clock:  clk

Setup :            0  Failing Endpoints,  Worst Slack        2.402ns,  Total Violation        0.000ns
Hold  :            0  Failing Endpoints,  Worst Slack        0.176ns,  Total Violation        0.000ns
PW    :            0  Failing Endpoints,  Worst Slack        3.870ns,  Total Violation        0.000ns
---------------------------------------------------------------------------------------------------


Max Delay Paths
--------------------------------------------------------------------------------------
Slack (MET) :             2.402ns  (required time - arrival time)
  Source:                 u_bm/synd_reg[25][7]/C
                            (rising edge-triggered cell FDRE clocked by clk  {rise@0.000ns fall@5.000ns period=10.000ns})
  Destination:            u_bm/partial_lo_reg_reg[0]/D
                            (rising edge-triggered cell FDRE clocked by clk  {rise@0.000ns fall@5.000ns period=10.000ns})
  Path Group:             clk
  Path Type:              Setup (Max at Slow Process Corner)
  Requirement:            10.000ns  (clk rise@10.000ns - clk rise@0.000ns)
  Data Path Delay:        7.595ns  (logic 1.525ns (20.079%)  route 6.070ns (79.921%))
  Logic Levels:           9  (LUT3=1 LUT6=8)
  Clock Path Skew:        -0.039ns (DCD - SCD + CPR)
    Destination Clock Delay (DCD):    0.748ns = ( 10.748 - 10.000 ) 
    Source Clock Delay      (SCD):    0.787ns
    Clock Pessimism Removal (CPR):    0.000ns
  Clock Uncertainty:      0.035ns  ((TSJ^2 + TIJ^2)^1/2 + DJ) / 2 + PE
    Total System Jitter     (TSJ):    0.071ns
    Total Input Jitter      (TIJ):    0.000ns
    Discrete Jitter          (DJ):    0.000ns
    Phase Error              (PE):    0.000ns

    Location             Delay type                Incr(ns)  Path(ns)    Netlist Resource(s)
  -------------------------------------------------------------------    -------------------
                         (clock clk rise edge)        0.000     0.000 r  
                                                      0.000     0.000 r  clk (IN)
                         net (fo=2520, unset)         0.787     0.787    u_bm/clk
                         FDRE                                         r  u_bm/synd_reg[25][7]/C
  -------------------------------------------------------------------    -------------------
                         FDRE (Prop_fdre_C_Q)         0.433     1.220 r  u_bm/synd_reg[25][7]/Q
                         net (fo=4, unplaced)         0.803     2.023    u_bm/synd_reg[25]_6[7]
                         LUT6 (Prop_lut6_I0_O)        0.232     2.255 r  u_bm/partial_hi_reg[2]_i_93/O
                         net (fo=4, unplaced)         0.606     2.861    u_bm/partial_hi_reg[2]_i_93_n_0
                         LUT6 (Prop_lut6_I1_O)        0.105     2.966 r  u_bm/partial_hi_reg[1]_i_74/O
                         net (fo=7, unplaced)         0.363     3.329    u_bm/partial_hi_reg[1]_i_74_n_0
                         LUT3 (Prop_lut3_I0_O)        0.125     3.454 r  u_bm/partial_lo_reg[7]_i_153/O
                         net (fo=12, unplaced)        0.576     4.030    u_bm/partial_lo_reg[7]_i_153_n_0
                         LUT6 (Prop_lut6_I0_O)        0.105     4.135 r  u_bm/partial_lo_reg[0]_i_81/O
                         net (fo=2, unplaced)         0.949     5.084    u_bm/partial_lo_reg[0]_i_81_n_0
                         LUT6 (Prop_lut6_I1_O)        0.105     5.189 r  u_bm/partial_lo_reg[0]_i_61/O
                         net (fo=1, unplaced)         0.938     6.127    u_bm/partial_lo_reg[0]_i_61_n_0
                         LUT6 (Prop_lut6_I1_O)        0.105     6.232 r  u_bm/partial_lo_reg[0]_i_25/O
                         net (fo=2, unplaced)         0.539     6.771    u_bm/partial_lo_reg[0]_i_25_n_0
                         LUT6 (Prop_lut6_I2_O)        0.105     6.876 r  u_bm/partial_lo_reg[0]_i_8/O
                         net (fo=2, unplaced)         0.358     7.234    u_bm/partial_lo_reg[0]_i_8_n_0
                         LUT6 (Prop_lut6_I1_O)        0.105     7.339 f  u_bm/partial_lo_reg[0]_i_2/O
                         net (fo=1, unplaced)         0.938     8.277    u_bm/partial_lo_reg[0]_i_2_n_0
                         LUT6 (Prop_lut6_I0_O)        0.105     8.382 r  u_bm/partial_lo_reg[0]_i_1/O
                         net (fo=1, unplaced)         0.000     8.382    u_bm/delta[0]
                         FDRE                                         r  u_bm/partial_lo_reg_reg[0]/D
  -------------------------------------------------------------------    -------------------

                         (clock clk rise edge)       10.000    10.000 r  
                                                      0.000    10.000 r  clk (IN)
                         net (fo=2520, unset)         0.748    10.748    u_bm/clk
                         FDRE                                         r  u_bm/partial_lo_reg_reg[0]/C
                         clock pessimism              0.000    10.748    
                         clock uncertainty           -0.035    10.712    
                         FDRE (Setup_fdre_C_D)        0.072    10.784    u_bm/partial_lo_reg_reg[0]
  -------------------------------------------------------------------
                         required time                         10.784    
                         arrival time                          -8.382    
  -------------------------------------------------------------------
                         slack                                  2.402    





Min Delay Paths
--------------------------------------------------------------------------------------
Slack (MET) :             0.176ns  (arrival time - required time)
  Source:                 u_chien/m_data_reg[0]/C
                            (rising edge-triggered cell FDRE clocked by clk  {rise@0.000ns fall@5.000ns period=10.000ns})
  Destination:            root_buf_reg_0_15_0_5/RAMA/I
                            (rising edge-triggered cell RAMD32 clocked by clk  {rise@0.000ns fall@5.000ns period=10.000ns})
  Path Group:             clk
  Path Type:              Hold (Min at Fast Process Corner)
  Requirement:            0.000ns  (clk rise@0.000ns - clk rise@0.000ns)
  Data Path Delay:        0.291ns  (logic 0.164ns (56.367%)  route 0.127ns (43.633%))
  Logic Levels:           0  
  Clock Path Skew:        0.021ns (DCD - SCD - CPR)
    Destination Clock Delay (DCD):    0.411ns
    Source Clock Delay      (SCD):    0.390ns
    Clock Pessimism Removal (CPR):    -0.000ns

    Location             Delay type                Incr(ns)  Path(ns)    Netlist Resource(s)
  -------------------------------------------------------------------    -------------------
                         (clock clk rise edge)        0.000     0.000 r  
                                                      0.000     0.000 r  clk (IN)
                         net (fo=2520, unset)         0.390     0.390    u_chien/clk
                         FDRE                                         r  u_chien/m_data_reg[0]/C
  -------------------------------------------------------------------    -------------------
                         FDRE (Prop_fdre_C_Q)         0.164     0.554 r  u_chien/m_data_reg[0]/Q
                         net (fo=1, unplaced)         0.127     0.681    root_buf_reg_0_15_0_5/DIA0
                         RAMD32                                       r  root_buf_reg_0_15_0_5/RAMA/I
  -------------------------------------------------------------------    -------------------

                         (clock clk rise edge)        0.000     0.000 r  
                                                      0.000     0.000 r  clk (IN)
                         net (fo=2520, unset)         0.411     0.411    root_buf_reg_0_15_0_5/WCLK
                         RAMD32                                       r  root_buf_reg_0_15_0_5/RAMA/CLK
                         clock pessimism              0.000     0.411    
                         RAMD32 (Hold_ramd32_CLK_I)
                                                      0.094     0.505    root_buf_reg_0_15_0_5/RAMA
  -------------------------------------------------------------------
                         required time                         -0.505    
                         arrival time                           0.681    
  -------------------------------------------------------------------
                         slack                                  0.176    





Pulse Width Checks
--------------------------------------------------------------------------------------
Clock Name:         clk
Waveform(ns):       { 0.000 5.000 }
Period(ns):         10.000
Sources:            { clk }

Check Type        Corner  Lib Pin             Reference Pin  Required(ns)  Actual(ns)  Slack(ns)  Location  Pin
Min Period        n/a     RAMB18E1/CLKARDCLK  n/a            2.170         10.000      7.830                u_forney/r_cp_reg_rep/CLKARDCLK
Low Pulse Width   Slow    RAMS32/CLK          n/a            1.130         5.000       3.870                coef_buf_reg_0_15_0_0/SP/CLK
High Pulse Width  Slow    RAMS32/CLK          n/a            1.130         5.000       3.870                coef_buf_reg_0_15_0_0/SP/CLK



