
****** Vivado v2025.1 (64-bit)
  **** SW Build 6140274 on Wed May 21 22:58:25 MDT 2025
  **** IP Build 6138677 on Thu May 22 03:10:11 MDT 2025
  **** SharedData Build 6139179 on Tue May 20 17:58:58 MDT 2025
  **** Start of session at: Thu Oct  1 17:58:47 2026
    ** Copyright 1986-2022 Xilinx, Inc. All Rights Reserved.
    ** Copyright 2022-2025 Advanced Micro Devices, Inc. All Rights Reserved.

source rs_forney_ooc_synth_100mhz.tcl
# read_verilog [file join [file dirname [info script]] .. fpga rtl rs_forney.v]
# synth_design -top rs_forney -part xc7z020clg400-2 -mode out_of_context
Command: synth_design -top rs_forney -part xc7z020clg400-2 -mode out_of_context
Starting synth_design
Attempting to get a license for feature 'Synthesis' and/or device 'xc7z020'
INFO: [Common 17-349] Got license for feature 'Synthesis' and/or device 'xc7z020'
INFO: [Synth 8-7079] Multithreading enabled for synth_design using a maximum of 7 processes.
INFO: [Synth 8-7078] Launching helper process for spawning children vivado processes
INFO: [Synth 8-7075] Helper process launched with PID 3957075
---------------------------------------------------------------------------------
Starting Synthesize : Time (s): cpu = 00:00:03 ; elapsed = 00:00:03 . Memory (MB): peak = 1951.246 ; gain = 415.570 ; free physical = 3429 ; free virtual = 50754
---------------------------------------------------------------------------------
INFO: [Synth 8-6157] synthesizing module 'rs_forney' [/home/amither/Documents/SDR/fpga/rtl/rs_forney.v:31]
INFO: [Synth 8-155] case statement is not full and has no default [/home/amither/Documents/SDR/fpga/rtl/rs_forney.v:177]
INFO: [Synth 8-6155] done synthesizing module 'rs_forney' (0#1) [/home/amither/Documents/SDR/fpga/rtl/rs_forney.v:31]
---------------------------------------------------------------------------------
Finished Synthesize : Time (s): cpu = 00:00:05 ; elapsed = 00:00:05 . Memory (MB): peak = 2093.215 ; gain = 557.539 ; free physical = 3259 ; free virtual = 50585
---------------------------------------------------------------------------------
---------------------------------------------------------------------------------
Finished Constraint Validation : Time (s): cpu = 00:00:05 ; elapsed = 00:00:06 . Memory (MB): peak = 2111.027 ; gain = 575.352 ; free physical = 3287 ; free virtual = 50613
---------------------------------------------------------------------------------
---------------------------------------------------------------------------------
Start Loading Part and Timing Information
---------------------------------------------------------------------------------
Loading part: xc7z020clg400-2
INFO: [Device 21-403] Loading part xc7z020clg400-2
---------------------------------------------------------------------------------
Finished Loading Part and Timing Information : Time (s): cpu = 00:00:05 ; elapsed = 00:00:06 . Memory (MB): peak = 2111.027 ; gain = 575.352 ; free physical = 3287 ; free virtual = 50613
---------------------------------------------------------------------------------
INFO: [Synth 8-802] inferred FSM for state register 'state_reg' in module 'rs_forney'
---------------------------------------------------------------------------------------------------
                   State |                     New Encoding |                Previous Encoding 
---------------------------------------------------------------------------------------------------
                 ST_COEF |                           010000 |                              000
                 ST_SYND |                           001000 |                              001
                ST_OMEGA |                           100000 |                              010
                ST_READY |                           000010 |                              011
                 ST_EVAL |                           000100 |                              100
               ST_FINISH |                           000001 |                              101
---------------------------------------------------------------------------------------------------
INFO: [Synth 8-3354] encoded FSM with state register 'state_reg' using encoding 'one-hot' in module 'rs_forney'
---------------------------------------------------------------------------------
Finished RTL Optimization Phase 2 : Time (s): cpu = 00:00:08 ; elapsed = 00:00:07 . Memory (MB): peak = 2135.949 ; gain = 600.273 ; free physical = 3261 ; free virtual = 50588
---------------------------------------------------------------------------------
No constraint files found.
---------------------------------------------------------------------------------
Start RTL Component Statistics 
---------------------------------------------------------------------------------
Detailed RTL Component Info : 
+---Adders : 
	   2 Input    6 Bit       Adders := 4     
+---XORs : 
	   2 Input      8 Bit         XORs := 314   
+---Registers : 
	                8 Bit    Registers := 105   
	                6 Bit    Registers := 4     
	                1 Bit    Registers := 2     
+---ROMs : 
	                    ROMs := 3     
+---Muxes : 
	   2 Input    8 Bit        Muxes := 280   
	   6 Input    8 Bit        Muxes := 36    
	   6 Input    6 Bit        Muxes := 5     
	   2 Input    6 Bit        Muxes := 2     
	   6 Input    3 Bit        Muxes := 1     
	   2 Input    1 Bit        Muxes := 70    
	   6 Input    1 Bit        Muxes := 105   
---------------------------------------------------------------------------------
Finished RTL Component Statistics 
---------------------------------------------------------------------------------
---------------------------------------------------------------------------------
Start Part Resource Summary
---------------------------------------------------------------------------------
Part Resources:
DSPs: 220 (col length:60)
BRAMs: 280 (col length: RAMB18 60 RAMB36 30)
---------------------------------------------------------------------------------
Finished Part Resource Summary
---------------------------------------------------------------------------------
No constraint files found.
---------------------------------------------------------------------------------
Start Cross Boundary and Area Optimization
---------------------------------------------------------------------------------
WARNING: [Synth 8-7080] Parallel synthesis criteria is not met
---------------------------------------------------------------------------------
Finished Cross Boundary and Area Optimization : Time (s): cpu = 00:00:18 ; elapsed = 00:00:18 . Memory (MB): peak = 2601.457 ; gain = 1065.781 ; free physical = 2911 ; free virtual = 50238
---------------------------------------------------------------------------------
---------------------------------------------------------------------------------
Start ROM, RAM, DSP, Shift Register and Retiming Reporting
---------------------------------------------------------------------------------

ROM: Preliminary Mapping Report
+------------+---------------+---------------+----------------+
|Module Name | RTL Object    | Depth x Width | Implemented As | 
+------------+---------------+---------------+----------------+
|rs_forney   | x_inv_reg     | 256x8         | Block RAM      | 
|rs_forney   | r_cp_reg_rep  | 256x8         | Block RAM      | 
|rs_forney   | req_j_reg_rep | 256x8         | Block RAM      | 
+------------+---------------+---------------+----------------+

---------------------------------------------------------------------------------
Finished ROM, RAM, DSP, Shift Register and Retiming Reporting
---------------------------------------------------------------------------------
No constraint files found.
---------------------------------------------------------------------------------
Start Timing Optimization
---------------------------------------------------------------------------------
---------------------------------------------------------------------------------
Finished Timing Optimization : Time (s): cpu = 00:00:19 ; elapsed = 00:00:19 . Memory (MB): peak = 2601.457 ; gain = 1065.781 ; free physical = 2920 ; free virtual = 50244
---------------------------------------------------------------------------------
---------------------------------------------------------------------------------
Start Technology Mapping
---------------------------------------------------------------------------------
INFO: [Synth 8-7052] The timing for the instance x_inv_reg (implemented as a Block RAM) might be sub-optimal as no optional output register could be merged into the ram block. Providing additional output register may help in improving timing.
INFO: [Synth 8-7052] The timing for the instance x_inv_reg (implemented as a Block RAM) might be sub-optimal as no optional output register could be merged into the ram block. Providing additional output register may help in improving timing.
INFO: [Synth 8-7052] The timing for the instance r_cp_reg_rep (implemented as a Block RAM) might be sub-optimal as no optional output register could be merged into the ram block. Providing additional output register may help in improving timing.
---------------------------------------------------------------------------------
Finished Technology Mapping : Time (s): cpu = 00:00:20 ; elapsed = 00:00:20 . Memory (MB): peak = 2601.457 ; gain = 1065.781 ; free physical = 2924 ; free virtual = 50249
---------------------------------------------------------------------------------
---------------------------------------------------------------------------------
Start IO Insertion
---------------------------------------------------------------------------------
---------------------------------------------------------------------------------
Start Flattening Before IO Insertion
---------------------------------------------------------------------------------
---------------------------------------------------------------------------------
Finished Flattening Before IO Insertion
---------------------------------------------------------------------------------
---------------------------------------------------------------------------------
Start Final Netlist Cleanup
---------------------------------------------------------------------------------
---------------------------------------------------------------------------------
Finished Final Netlist Cleanup
---------------------------------------------------------------------------------
---------------------------------------------------------------------------------
Finished IO Insertion : Time (s): cpu = 00:00:23 ; elapsed = 00:00:23 . Memory (MB): peak = 2601.457 ; gain = 1065.781 ; free physical = 2936 ; free virtual = 50263
---------------------------------------------------------------------------------
---------------------------------------------------------------------------------
Start Renaming Generated Instances
---------------------------------------------------------------------------------
---------------------------------------------------------------------------------
Finished Renaming Generated Instances : Time (s): cpu = 00:00:23 ; elapsed = 00:00:23 . Memory (MB): peak = 2601.457 ; gain = 1065.781 ; free physical = 2936 ; free virtual = 50263
---------------------------------------------------------------------------------
---------------------------------------------------------------------------------
Start Rebuilding User Hierarchy
---------------------------------------------------------------------------------
---------------------------------------------------------------------------------
Finished Rebuilding User Hierarchy : Time (s): cpu = 00:00:23 ; elapsed = 00:00:23 . Memory (MB): peak = 2601.457 ; gain = 1065.781 ; free physical = 2936 ; free virtual = 50263
---------------------------------------------------------------------------------
---------------------------------------------------------------------------------
Start Renaming Generated Ports
---------------------------------------------------------------------------------
---------------------------------------------------------------------------------
Finished Renaming Generated Ports : Time (s): cpu = 00:00:23 ; elapsed = 00:00:23 . Memory (MB): peak = 2601.457 ; gain = 1065.781 ; free physical = 2936 ; free virtual = 50263
---------------------------------------------------------------------------------
---------------------------------------------------------------------------------
Start Handling Custom Attributes
---------------------------------------------------------------------------------
---------------------------------------------------------------------------------
Finished Handling Custom Attributes : Time (s): cpu = 00:00:23 ; elapsed = 00:00:23 . Memory (MB): peak = 2601.457 ; gain = 1065.781 ; free physical = 2936 ; free virtual = 50263
---------------------------------------------------------------------------------
---------------------------------------------------------------------------------
Start Renaming Generated Nets
---------------------------------------------------------------------------------
---------------------------------------------------------------------------------
Finished Renaming Generated Nets : Time (s): cpu = 00:00:23 ; elapsed = 00:00:23 . Memory (MB): peak = 2601.457 ; gain = 1065.781 ; free physical = 2936 ; free virtual = 50263
---------------------------------------------------------------------------------
---------------------------------------------------------------------------------
Start Writing Synthesis Report
---------------------------------------------------------------------------------

Report BlackBoxes: 
+-+--------------+----------+
| |BlackBox name |Instances |
+-+--------------+----------+
+-+--------------+----------+

Report Cell Usage: 
+------+---------+------+
|      |Cell     |Count |
+------+---------+------+
|1     |LUT1     |    16|
|2     |LUT2     |   148|
|3     |LUT3     |   341|
|4     |LUT4     |   546|
|5     |LUT5     |   499|
|6     |LUT6     |  1356|
|7     |MUXF7    |    43|
|8     |MUXF8    |     6|
|9     |RAMB18E1 |     2|
|10    |FDRE     |   859|
|11    |FDSE     |     1|
+------+---------+------+

Report Instance Areas: 
+------+---------+-------+------+
|      |Instance |Module |Cells |
+------+---------+-------+------+
|1     |top      |       |  3817|
+------+---------+-------+------+
---------------------------------------------------------------------------------
Finished Writing Synthesis Report : Time (s): cpu = 00:00:23 ; elapsed = 00:00:23 . Memory (MB): peak = 2601.457 ; gain = 1065.781 ; free physical = 2936 ; free virtual = 50263
---------------------------------------------------------------------------------
Synthesis finished with 0 errors, 0 critical warnings and 1 warnings.
Synthesis Optimization Runtime : Time (s): cpu = 00:00:24 ; elapsed = 00:00:23 . Memory (MB): peak = 2601.457 ; gain = 1065.781 ; free physical = 2936 ; free virtual = 50263
Synthesis Optimization Complete : Time (s): cpu = 00:00:24 ; elapsed = 00:00:23 . Memory (MB): peak = 2601.465 ; gain = 1065.781 ; free physical = 2936 ; free virtual = 50263
INFO: [Project 1-571] Translating synthesized netlist
Netlist sorting complete. Time (s): cpu = 00:00:00.01 ; elapsed = 00:00:00.01 . Memory (MB): peak = 2601.465 ; gain = 0.000 ; free physical = 3104 ; free virtual = 50431
INFO: [Netlist 29-17] Analyzing 51 Unisim elements for replacement
INFO: [Netlist 29-28] Unisim Transformation completed in 0 CPU seconds
WARNING: [Netlist 29-101] Netlist 'rs_forney' is not ideal for floorplanning, since the cellview 'rs_forney' contains a large number of primitives.  Please consider enabling hierarchy in synthesis if you want to do floorplanning.
INFO: [Project 1-570] Preparing netlist for logic optimization
INFO: [Opt 31-138] Pushed 0 inverter(s) to 0 load pin(s).
Netlist sorting complete. Time (s): cpu = 00:00:00 ; elapsed = 00:00:00 . Memory (MB): peak = 2641.477 ; gain = 0.000 ; free physical = 3111 ; free virtual = 50438
INFO: [Project 1-111] Unisim Transformation Summary:
No Unisim elements were transformed.

Synth Design complete | Checksum: 1cf45032
INFO: [Common 17-83] Releasing license: Synthesis
20 Infos, 2 Warnings, 0 Critical Warnings and 0 Errors encountered.
synth_design completed successfully
synth_design: Time (s): cpu = 00:00:29 ; elapsed = 00:00:26 . Memory (MB): peak = 2641.512 ; gain = 1105.836 ; free physical = 3110 ; free virtual = 50437
INFO: [Common 17-2834] synth_design peak Physical Memory [PSS] (MB): overall = 2269.913; main = 2119.660; forked = 335.271
INFO: [Common 17-2834] synth_design peak Virtual Memory [VSS] (MB): overall = 3557.660; main = 2641.480; forked = 956.199
# create_clock -name clk -period 10.000 [get_ports clk]
# report_utilization -file [file join [file dirname [info script]] rs_forney_utilization_100mhz.rpt]
# report_timing_summary -file [file join [file dirname [info script]] rs_forney_timing_100mhz.rpt]
INFO: [Timing 38-35] Done setting XDC timing constraints.
INFO: [Timing 38-91] UpdateTimingParams: Speed grade: -2, Delay Type: min_max.
INFO: [Timing 38-191] Multithreading enabled for timing update using a maximum of 8 CPUs
WARNING: [Timing 38-242] The property HD.CLK_SRC of clock port "clk" is not set. In out-of-context mode, this prevents timing estimation for clock delay/skew
Resolution: Set the HD.CLK_SRC property of the out-of-context port to the location of the clock buffer instance in the top-level design
# close_design
INFO: [Common 17-206] Exiting Vivado at Thu Oct  1 17:59:21 2026...
